Archive member included to satisfy reference by file (symbol)

/opt/st/stm32cubeide_1.13.0/plugins/com.st.stm32cube.ide.mcu.externaltools.gnu-tools-for-stm32.11.3.rel1.linux64_1.1.0.202305231506/tools/bin/../lib/gcc/arm-none-eabi/11.3.1/../../../../arm-none-eabi/lib/thumb/v7e-m+fp/hard/libc_nano.a(libc_a-atoi.o)
                              ./Core/Usr/gps/NMEA.o (atoi)
/opt/st/stm32cubeide_1.13.0/plugins/com.st.stm32cube.ide.mcu.externaltools.gnu-tools-for-stm32.11.3.rel1.linux64_1.1.0.202305231506/tools/bin/../lib/gcc/arm-none-eabi/11.3.1/../../../../arm-none-eabi/lib/thumb/v7e-m+fp/hard/libc_nano.a(libc_a-exit.o)
                              /opt/st/stm32cubeide_1.13.0/plugins/com.st.stm32cube.ide.mcu.externaltools.gnu-tools-for-stm32.11.3.rel1.linux64_1.1.0.202305231506/tools/bin/../lib/gcc/arm-none-eabi/11.3.1/../../../../arm-none-eabi/lib/thumb/v7e-m+fp/hard/crt0.o (exit)
/opt/st/stm32cubeide_1.13.0/plugins/com.st.stm32cube.ide.mcu.externaltools.gnu-tools-for-stm32.11.3.rel1.linux64_1.1.0.202305231506/tools/bin/../lib/gcc/arm-none-eabi/11.3.1/../../../../arm-none-eabi/lib/thumb/v7e-m+fp/hard/libc_nano.a(libc_a-strtol.o)
                              /opt/st/stm32cubeide_1.13.0/plugins/com.st.stm32cube.ide.mcu.externaltools.gnu-tools-for-stm32.11.3.rel1.linux64_1.1.0.202305231506/tools/bin/../lib/gcc/arm-none-eabi/11.3.1/../../../../arm-none-eabi/lib/thumb/v7e-m+fp/hard/libc_nano.a(libc_a-atoi.o) (_strtol_r)
/opt/st/stm32cubeide_1.13.0/plugins/com.st.stm32cube.ide.mcu.externaltools.gnu-tools-for-stm32.11.3.rel1.linux64_1.1.0.202305231506/tools/bin/../lib/gcc/arm-none-eabi/11.3.1/../../../../arm-none-eabi/lib/thumb/v7e-m+fp/hard/libc_nano.a(libc_a-ctype_.o)
                              /opt/st/stm32cubeide_1.13.0/plugins/com.st.stm32cube.ide.mcu.externaltools.gnu-tools-for-stm32.11.3.rel1.linux64_1.1.0.202305231506/tools/bin/../lib/gcc/arm-none-eabi/11.3.1/../../../../arm-none-eabi/lib/thumb/v7e-m+fp/hard/libc_nano.a(libc_a-strtol.o) (_ctype_)
/opt/st/stm32cubeide_1.13.0/plugins/com.st.stm32cube.ide.mcu.externaltools.gnu-tools-for-stm32.11.3.rel1.linux64_1.1.0.202305231506/tools/bin/../lib/gcc/arm-none-eabi/11.3.1/../../../../arm-none-eabi/lib/thumb/v7e-m+fp/hard/libc_nano.a(libc_a-findfp.o)
                              /opt/st/stm32cubeide_1.13.0/plugins/com.st.stm32cube.ide.mcu.externaltools.gnu-tools-for-stm32.11.3.rel1.linux64_1.1.0.202305231506/tools/bin/../lib/gcc/arm-none-eabi/11.3.1/../../../../arm-none-eabi/lib/thumb/v7e-m+fp/hard/libc_nano.a(libc_a-exit.o) (__stdio_exit_handler)
/opt/st/stm32cubeide_1.13.0/plugins/com.st.stm32cube.ide.mcu.externaltools.gnu-tools-for-stm32.11.3.rel1.linux64_1.1.0.202305231506/tools/bin/../lib/gcc/arm-none-eabi/11.3.1/../../../../arm-none-eabi/lib/thumb/v7e-m+fp/hard/libc_nano.a(libc_a-fwalk.o)
                              /opt/st/stm32cubeide_1.13.0/plugins/com.st.stm32cube.ide.mcu.externaltools.gnu-tools-for-stm32.11.3.rel1.linux64_1.1.0.202305231506/tools/bin/../lib/gcc/arm-none-eabi/11.3.1/../../../../arm-none-eabi/lib/thumb/v7e-m+fp/hard/libc_nano.a(libc_a-findfp.o) (_fwalk_sglue)
/opt/st/stm32cubeide_1.13.0/plugins/com.st.stm32cube.ide.mcu.externaltools.gnu-tools-for-stm32.11.3.rel1.linux64_1.1.0.202305231506/tools/bin/../lib/gcc/arm-none-eabi/11.3.1/../../../../arm-none-eabi/lib/thumb/v7e-m+fp/hard/libc_nano.a(libc_a-stdio.o)
                              /opt/st/stm32cubeide_1.13.0/plugins/com.st.stm32cube.ide.mcu.externaltools.gnu-tools-for-stm32.11.3.rel1.linux64_1.1.0.202305231506/tools/bin/../lib/gcc/arm-none-eabi/11.3.1/../../../../arm-none-eabi/lib/thumb/v7e-m+fp/hard/libc_nano.a(libc_a-findfp.o) (__sread)
/opt/st/stm32cubeide_1.13.0/plugins/com.st.stm32cube.ide.mcu.externaltools.gnu-tools-for-stm32.11.3.rel1.linux64_1.1.0.202305231506/tools/bin/../lib/gcc/arm-none-eabi/11.3.1/../../../../arm-none-eabi/lib/thumb/v7e-m+fp/hard/libc_nano.a(libc_a-memset.o)
                              /opt/st/stm32cubeide_1.13.0/plugins/com.st.stm32cube.ide.mcu.externaltools.gnu-tools-for-stm32.11.3.rel1.linux64_1.1.0.202305231506/tools/bin/../lib/gcc/arm-none-eabi/11.3.1/../../../../arm-none-eabi/lib/thumb/v7e-m+fp/hard/crt0.o (memset)
/opt/st/stm32cubeide_1.13.0/plugins/com.st.stm32cube.ide.mcu.externaltools.gnu-tools-for-stm32.11.3.rel1.linux64_1.1.0.202305231506/tools/bin/../lib/gcc/arm-none-eabi/11.3.1/../../../../arm-none-eabi/lib/thumb/v7e-m+fp/hard/libc_nano.a(libc_a-closer.o)
                              /opt/st/stm32cubeide_1.13.0/plugins/com.st.stm32cube.ide.mcu.externaltools.gnu-tools-for-stm32.11.3.rel1.linux64_1.1.0.202305231506/tools/bin/../lib/gcc/arm-none-eabi/11.3.1/../../../../arm-none-eabi/lib/thumb/v7e-m+fp/hard/libc_nano.a(libc_a-stdio.o) (_close_r)
/opt/st/stm32cubeide_1.13.0/plugins/com.st.stm32cube.ide.mcu.externaltools.gnu-tools-for-stm32.11.3.rel1.linux64_1.1.0.202305231506/tools/bin/../lib/gcc/arm-none-eabi/11.3.1/../../../../arm-none-eabi/lib/thumb/v7e-m+fp/hard/libc_nano.a(libc_a-reent.o)
[...]
Memory Configuration

Name             Origin             Length             Attributes
RAM              0x0000000020000000 0x0000000000018000 xrw
FLASH            0x0000000008000000 0x0000000000060000 xr
*default*        0x0000000000000000 0xffffffffffffffff

Linker script and memory map

LOAD /opt/st/stm32cubeide_1.13.0/plugins/com.st.stm32cube.ide.mcu.externaltools.gnu-tools-for-stm32.11.3.rel1.linux64_1.1.0.202305231506/tools/bin/../lib/gcc/arm-none-eabi/11.3.1/thumb/v7e-m+fp/hard/crti.o
LOAD /opt/st/stm32cubeide_1.13.0/plugins/com.st.stm32cube.ide.mcu.externaltools.gnu-tools-for-stm32.11.3.rel1.linux64_1.1.0.202305231506/tools/bin/../lib/gcc/arm-none-eabi/11.3.1/thumb/v7e-m+fp/hard/crtbegin.o
LOAD /opt/st/stm32cubeide_1.13.0/plugins/com.st.stm32cube.ide.mcu.externaltools.gnu-tools-for-stm32.11.3.rel1.linux64_1.1.0.202305231506/tools/bin/../lib/gcc/arm-none-eabi/11.3.1/../../../../arm-none-eabi/lib/thumb/v7e-m+fp/hard/crt0.o
LOAD ./Core/Src/adc.o
LOAD ./Core/Src/dma.o
LOAD ./Core/Src/gpio.o
LOAD ./Core/Src/main.o
LOAD ./Core/Src/stm32f4xx_hal_msp.o
LOAD ./Core/Src/stm32f4xx_it.o
LOAD ./Core/Src/syscalls.o
LOAD ./Core/Src/sysmem.o
LOAD ./Core/Src/system_stm32f4xx.o
LOAD ./Core/Src/tim.o
LOAD ./Core/Src/usart.o
LOAD ./Core/Startup/startup_stm32f401cdux.o
LOAD ./Core/Usr/gps/NMEA.o
LOAD ./Core/Usr/gps/UartRingbuffer.o
LOAD ./Core/Usr/gps/gps_M8N.o
LOAD ./Core/Usr/lcd/fonts.o
LOAD ./Core/Usr/lcd/lcd_module.o
LOAD ./Core/Usr/lcd/lcd_touch.o
LOAD ./Core/Usr/lcd/tft.o
LOAD ./Core/Usr/lora.o
LOAD ./Core/Usr/server.o
LOAD ./Drivers/STM32F4xx_HAL_Driver/Src/stm32f4xx_hal.o
LOAD ./Drivers/STM32F4xx_HAL_Driver/Src/stm32f4xx_hal_adc.o
LOAD ./Drivers/STM32F4xx_HAL_Driver/Src/stm32f4xx_hal_adc_ex.o
LOAD ./Drivers/STM32F4xx_HAL_Driver/Src/stm32f4xx_hal_cortex.o
LOAD ./Drivers/STM32F4xx_HAL_Driver/Src/stm32f4xx_hal_dma.o
LOAD ./Drivers/STM32F4xx_HAL_Driver/Src/stm32f4xx_hal_dma_ex.o
LOAD ./Drivers/STM32F4xx_HAL_Driver/Src/stm32f4xx_hal_exti.o
LOAD ./Drivers/STM32F4xx_HAL_Driver/Src/stm32f4xx_hal_flash.o
LOAD ./Drivers/STM32F4xx_HAL_Driver/Src/stm32f4xx_hal_flash_ex.o
LOAD ./Drivers/STM32F4xx_HAL_Driver/Src/stm32f4xx_hal_flash_ramfunc.o
LOAD ./Drivers/STM32F4xx_HAL_Driver/Src/stm32f4xx_hal_gpio.o
LOAD ./Drivers/STM32F4xx_HAL_Driver/Src/stm32f4xx_hal_pwr.o
LOAD ./Drivers/STM32F4xx_HAL_Driver/Src/stm32f4xx_hal_pwr_ex.o
LOAD ./Drivers/STM32F4xx_HAL_Driver/Src/stm32f4xx_hal_rcc.o
LOAD ./Drivers/STM32F4xx_HAL_Driver/Src/stm32f4xx_hal_rcc_ex.o
LOAD ./Drivers/STM32F4xx_HAL_Driver/Src/stm32f4xx_hal_tim.o
LOAD ./Drivers/STM32F4xx_HAL_Driver/Src/stm32f4xx_hal_tim_ex.o
LOAD ./Drivers/STM32F4xx_HAL_Driver/Src/stm32f4xx_hal_uart.o
LOAD ./Drivers/STM32F4xx_HAL_Driver/Src/stm32f4xx_ll_adc.o
START GROUP
LOAD /opt/st/stm32cubeide_1.13.0/plugins/com.st.stm32cube.ide.mcu.externaltools.gnu-tools-for-stm32.11.3.rel1.linux64_1.1.0.202305231506/tools/bin/../lib/gcc/arm-none-eabi/11.3.1/../../../../arm-none-eabi/lib/thumb/v7e-m+fp/hard/libc_nano.a
LOAD /opt/st/stm32cubeide_1.13.0/plugins/com.st.stm32cube.ide.mcu.externaltools.gnu-tools-for-stm32.11.3.rel1.linux64_1.1.0.202305231506/tools/bin/../lib/gcc/arm-none-eabi/11.3.1/../../../../arm-none-eabi/lib/thumb/v7e-m+fp/hard/libm.a
END GROUP
START GROUP
LOAD /opt/st/stm32cubeide_1.13.0/plugins/com.st.stm32cube.ide.mcu.externaltools.gnu-tools-for-stm32.11.3.rel1.linux64_1.1.0.202305231506/tools/bin/../lib/gcc/arm-none-eabi/11.3.1/thumb/v7e-m+fp/hard/libgcc.a
LOAD /opt/st/stm32cubeide_1.13.0/plugins/com.st.stm32cube.ide.mcu.externaltools.gnu-tools-for-stm32.11.3.rel1.linux64_1.1.0.202305231506/tools/bin/../lib/gcc/arm-none-eabi/11.3.1/../../../../arm-none-eabi/lib/thumb/v7e-m+fp/hard/libc_nano.a
END GROUP
START GROUP
LOAD /opt/st/stm32cubeide_1.13.0/plugins/com.st.stm32cube.ide.mcu.externaltools.gnu-tools-for-stm32.11.3.rel1.linux64_1.1.0.202305231506/tools/bin/../lib/gcc/arm-none-eabi/11.3.1/thumb/v7e-m+fp/hard/libgcc.a
LOAD /opt/st/stm32cubeide_1.13.0/plugins/com.st.stm32cube.ide.mcu.externaltools.gnu-tools-for-stm32.11.3.rel1.linux64_1.1.0.202305231506/tools/bin/../lib/gcc/arm-none-eabi/11.3.1/../../../../arm-none-eabi/lib/thumb/v7e-m+fp/hard/libc_nano.a
LOAD /opt/st/stm32cubeide_1.13.0/plugins/com.st.stm32cube.ide.mcu.externaltools.gnu-tools-for-stm32.11.3.rel1.linux64_1.1.0.202305231506/tools/bin/../lib/gcc/arm-none-eabi/11.3.1/../../../../arm-none-eabi/lib/thumb/v7e-m+fp/hard/libnosys.a
END GROUP
START GROUP
LOAD /opt/st/stm32cubeide_1.13.0/plugins/com.st.stm32cube.ide.mcu.externaltools.gnu-tools-for-stm32.11.3.rel1.linux64_1.1.0.202305231506/tools/bin/../lib/gcc/arm-none-eabi/11.3.1/thumb/v7e-m+fp/hard/libgcc.a
LOAD /opt/st/stm32cubeide_1.13.0/plugins/com.st.stm32cube.ide.mcu.externaltools.gnu-tools-for-stm32.11.3.rel1.linux64_1.1.0.202305231506/tools/bin/../lib/gcc/arm-none-eabi/11.3.1/../../../../arm-none-eabi/lib/thumb/v7e-m+fp/hard/libc_nano.a
LOAD /opt/st/stm32cubeide_1.13.0/plugins/com.st.stm32cube.ide.mcu.externaltools.gnu-tools-for-stm32.11.3.rel1.linux64_1.1.0.202305231506/tools/bin/../lib/gcc/arm-none-eabi/11.3.1/../../../../arm-none-eabi/lib/thumb/v7e-m+fp/hard/libnosys.a
END GROUP
LOAD /opt/st/stm32cubeide_1.13.0/plugins/com.st.stm32cube.ide.mcu.externaltools.gnu-tools-for-stm32.11.3.rel1.linux64_1.1.0.202305231506/tools/bin/../lib/gcc/arm-none-eabi/11.3.1/thumb/v7e-m+fp/hard/crtend.o
LOAD /opt/st/stm32cubeide_1.13.0/plugins/com.st.stm32cube.ide.mcu.externaltools.gnu-tools-for-stm32.11.3.rel1.linux64_1.1.0.202305231506/tools/bin/../lib/gcc/arm-none-eabi/11.3.1/thumb/v7e-m+fp/hard/crtn.o
                0x0000000020018000                _estack = (ORIGIN (RAM) + LENGTH (RAM))
                0x0000000000000200                _Min_Heap_Size = 0x200
                0x0000000000000400                _Min_Stack_Size = 0x400

.isr_vector     0x0000000008000000      0x194
                0x0000000008000000                . = ALIGN (0x4)
 *(.isr_vector)
 .isr_vector    0x0000000008000000      0x194 ./Core/Startup/startup_stm32f401cdux.o
                0x0000000008000000                g_pfnVectors
                0x0000000008000194                . = ALIGN (0x4)

.text           0x0000000008000198     0x7018
                0x0000000008000198                . = ALIGN (0x4)
 *(.text)
 .text          0x0000000008000198       0x40 /opt/st/stm32cubeide_1.13.0/plugins/com.st.stm32cube.ide.mcu.externaltools.gnu-tools-for-stm32.11.3.rel1.linux64_1.1.0.202305231506/tools/bin/../lib/gcc/arm-none-eabi/11.3.1/thumb/v7e-m+fp/hard/crtbegin.o
 .text          0x00000000080001d8       0x10 /opt/st/stm32cubeide_1.13.0/plugins/com.st.stm32cube.ide.mcu.externaltools.gnu-tools-for-stm32.11.3.rel1.linux64_1.1.0.202305231506/tools/bin/../lib/gcc/arm-none-eabi/11.3.1/../../../../arm-none-eabi/lib/thumb/v7e-m+fp/hard/libc_nano.a(libc_a-strlen.o)
                0x00000000080001d8                strlen
 .text          0x00000000080001e8      0x378 /opt/st/stm32cubeide_1.13.0/plugins/com.st.stm32cube.ide.mcu.externaltools.gnu-tools-for-stm32.11.3.rel1.linux64_1.1.0.202305231506/tools/bin/../lib/gcc/arm-none-eabi/11.3.1/thumb/v7e-m+fp/hard/libgcc.a(_arm_addsubdf3.o)
                0x00000000080001e8                __aeabi_drsub
                0x00000000080001f0                __aeabi_dsub
                0x00000000080001f0                __subdf3
                0x00000000080001f4                __adddf3
                0x00000000080001f4                __aeabi_dadd
                0x000000000800046c                __aeabi_ui2d
                0x000000000800046c                __floatunsidf
                0x000000000800048c                __floatsidf
                0x000000000800048c                __aeabi_i2d
                0x00000000080004b0                __extendsfdf2
                0x00000000080004b0                __aeabi_f2d
                0x00000000080004f4                __aeabi_ul2d
                0x00000000080004f4                __floatundidf
                0x0000000008000504                __floatdidf
                0x0000000008000504                __aeabi_l2d
 .text          0x0000000008000560      0x424 /opt/st/stm32cubeide_1.13.0/plugins/com.st.stm32cube.ide.mcu.externaltools.gnu-tools-for-stm32.11.3.rel1.linux64_1.1.0.202305231506/tools/bin/../lib/gcc/arm-none-eabi/11.3.1/thumb/v7e-m+fp/hard/libgcc.a(_arm_muldivdf3.o)
                0x0000000008000560                __aeabi_dmul
                0x0000000008000560                __muldf3
                0x00000000080007b4                __aeabi_ddiv
                0x00000000080007b4                __divdf3
 .text          0x0000000008000984      0x110 /opt/st/stm32cubeide_1.13.0/plugins/com.st.stm32cube.ide.mcu.externaltools.gnu-tools-for-stm32.11.3.rel1.linux64_1.1.0.202305231506/tools/bin/../lib/gcc/arm-none-eabi/11.3.1/thumb/v7e-m+fp/hard/libgcc.a(_arm_cmpdf2.o)
                0x0000000008000984                __gtdf2
                0x0000000008000984                __gedf2
                0x000000000800098c                __ltdf2
                0x000000000800098c                __ledf2
                0x0000000008000994                __cmpdf2
                0x0000000008000994                __eqdf2
                0x0000000008000994                __nedf2
                0x0000000008000a10                __aeabi_cdrcmple
                0x0000000008000a20                __aeabi_cdcmple
                0x0000000008000a20                __aeabi_cdcmpeq
                0x0000000008000a30                __aeabi_dcmpeq
                0x0000000008000a44                __aeabi_dcmplt
                0x0000000008000a58                __aeabi_dcmple
                0x0000000008000a6c                __aeabi_dcmpge
                0x0000000008000a80                __aeabi_dcmpgt
 .text          0x0000000008000a94       0x2c /opt/st/stm32cubeide_1.13.0/plugins/com.st.stm32cube.ide.mcu.externaltools.gnu-tools-for-stm32.11.3.rel1.linux64_1.1.0.202305231506/tools/bin/../lib/gcc/arm-none-eabi/11.3.1/thumb/v7e-m+fp/hard/libgcc.a(_arm_unorddf2.o)
                0x0000000008000a94                __aeabi_dcmpun
                0x0000000008000a94                __unorddf2
 .text          0x0000000008000ac0       0xa0 /opt/st/stm32cubeide_1.13.0/plugins/com.st.stm32cube.ide.mcu.externaltools.gnu-tools-for-stm32.11.3.rel1.linux64_1.1.0.202305231506/tools/bin/../lib/gcc/arm-none-eabi/11.3.1/thumb/v7e-m+fp/hard/libgcc.a(_arm_truncdfsf2.o)
                0x0000000008000ac0                __aeabi_d2f
                0x0000000008000ac0                __truncdfsf2
 .text          0x0000000008000b60       0x30 /opt/st/stm32cubeide_1.13.0/plugins/com.st.stm32cube.ide.mcu.externaltools.gnu-tools-for-stm32.11.3.rel1.linux64_1.1.0.202305231506/tools/bin/../lib/gcc/arm-none-eabi/11.3.1/thumb/v7e-m+fp/hard/libgcc.a(_aeabi_uldivmod.o)
                0x0000000008000b60                __aeabi_uldivmod
 .text          0x0000000008000b90      0x2c8 /opt/st/stm32cubeide_1.13.0/plugins/com.st.stm32cube.ide.mcu.externaltools.gnu-tools-for-stm32.11.3.rel1.linux64_1.1.0.202305231506/tools/bin/../lib/gcc/arm-none-eabi/11.3.1/thumb/v7e-m+fp/hard/libgcc.a(_udivmoddi4.o)
                0x0000000008000b90                __udivmoddi4
 .text          0x0000000008000e58        0x4 /opt/st/stm32cubeide_1.13.0/plugins/com.st.stm32cube.ide.mcu.externaltools.gnu-tools-for-stm32.11.3.rel1.linux64_1.1.0.202305231506/tools/bin/../lib/gcc/arm-none-eabi/11.3.1/thumb/v7e-m+fp/hard/libgcc.a(_dvmd_tls.o)
                0x0000000008000e58                __aeabi_ldiv0
                0x0000000008000e58                __aeabi_idiv0
 *(.text*)
 .text.MX_ADC1_Init
                0x0000000008000e5c       0xa4 ./Core/Src/adc.o
                0x0000000008000e5c                MX_ADC1_Init
 .text.HAL_ADC_MspInit
                0x0000000008000f00       0x88 ./Core/Src/adc.o
                0x0000000008000f00                HAL_ADC_MspInit
 .text.MX_DMA_Init
                0x0000000008000f88       0x70 ./Core/Src/dma.o
                0x0000000008000f88                MX_DMA_Init
 .text.MX_GPIO_Init
                0x0000000008000ff8      0x138 ./Core/Src/gpio.o
                0x0000000008000ff8                MX_GPIO_Init
 .text.main     0x0000000008001130       0x64 ./Core/Src/main.o
                0x0000000008001130                main
 .text.SystemClock_Config
                0x0000000008001194       0xd4 ./Core/Src/main.o
                0x0000000008001194                SystemClock_Config
 .text.HAL_UART_RxHalfCpltCallback
                0x0000000008001268       0x28 ./Core/Src/main.o
                0x0000000008001268                HAL_UART_RxHalfCpltCallback
 .text.Error_Handler
                0x0000000008001290        0xa ./Core/Src/main.o
                0x0000000008001290                Error_Handler
 *fill*         0x000000000800129a        0x2 
 .text.HAL_MspInit
                0x000000000800129c       0x50 ./Core/Src/stm32f4xx_hal_msp.o
                0x000000000800129c                HAL_MspInit
 .text.NMI_Handler
                0x00000000080012ec        0x6 ./Core/Src/stm32f4xx_it.o
                0x00000000080012ec                NMI_Handler
 .text.HardFault_Handler
                0x00000000080012f2        0x6 ./Core/Src/stm32f4xx_it.o
                0x00000000080012f2                HardFault_Handler
 .text.MemManage_Handler
                0x00000000080012f8        0x6 ./Core/Src/stm32f4xx_it.o
                0x00000000080012f8                MemManage_Handler
 .text.BusFault_Handler
                0x00000000080012fe        0x6 ./Core/Src/stm32f4xx_it.o
                0x00000000080012fe                BusFault_Handler
 .text.UsageFault_Handler
                0x0000000008001304        0x6 ./Core/Src/stm32f4xx_it.o
                0x0000000008001304                UsageFault_Handler
 .text.SVC_Handler
                0x000000000800130a        0xe ./Core/Src/stm32f4xx_it.o
                0x000000000800130a                SVC_Handler
 .text.DebugMon_Handler
                0x0000000008001318        0xe ./Core/Src/stm32f4xx_it.o
                0x0000000008001318                DebugMon_Handler
 .text.PendSV_Handler
                0x0000000008001326        0xe ./Core/Src/stm32f4xx_it.o
                0x0000000008001326                PendSV_Handler
 .text.SysTick_Handler
                0x0000000008001334       0x24 ./Core/Src/stm32f4xx_it.o
                0x0000000008001334                SysTick_Handler
 .text.USART1_IRQHandler
                0x0000000008001358       0x14 ./Core/Src/stm32f4xx_it.o
                0x0000000008001358                USART1_IRQHandler
 .text.USART2_IRQHandler
                0x000000000800136c       0x14 ./Core/Src/stm32f4xx_it.o
                0x000000000800136c                USART2_IRQHandler
 .text.DMA2_Stream1_IRQHandler
                0x0000000008001380       0x14 ./Core/Src/stm32f4xx_it.o
                0x0000000008001380                DMA2_Stream1_IRQHandler
 .text.DMA2_Stream2_IRQHandler
                0x0000000008001394       0x14 ./Core/Src/stm32f4xx_it.o
                0x0000000008001394                DMA2_Stream2_IRQHandler
 .text.DMA2_Stream6_IRQHandler
                0x00000000080013a8       0x14 ./Core/Src/stm32f4xx_it.o
                0x00000000080013a8                DMA2_Stream6_IRQHandler
 .text.DMA2_Stream7_IRQHandler
                0x00000000080013bc       0x14 ./Core/Src/stm32f4xx_it.o
                0x00000000080013bc                DMA2_Stream7_IRQHandler
 .text.USART6_IRQHandler
                0x00000000080013d0       0x14 ./Core/Src/stm32f4xx_it.o
                0x00000000080013d0                USART6_IRQHandler
 .text.EXTI4_IRQHandler
                0x00000000080013e4       0x2c ./Core/Src/stm32f4xx_it.o
                0x00000000080013e4                EXTI4_IRQHandler
 .text.SystemInit
                0x0000000008001410       0x24 ./Core/Src/system_stm32f4xx.o
                0x0000000008001410                SystemInit
 .text.MX_TIM1_Init
                0x0000000008001434       0xa0 ./Core/Src/tim.o
                0x0000000008001434                MX_TIM1_Init
 .text.HAL_TIM_Base_MspInit
                0x00000000080014d4       0x44 ./Core/Src/tim.o
                0x00000000080014d4                HAL_TIM_Base_MspInit
 .text.MX_USART1_UART_Init
                0x0000000008001518       0x54 ./Core/Src/usart.o
                0x0000000008001518                MX_USART1_UART_Init
 .text.MX_USART2_UART_Init
                0x000000000800156c       0x54 ./Core/Src/usart.o
                0x000000000800156c                MX_USART2_UART_Init
 .text.MX_USART6_UART_Init
                0x00000000080015c0       0x54 ./Core/Src/usart.o
                0x00000000080015c0                MX_USART6_UART_Init
 .text.HAL_UART_MspInit
                0x0000000008001614      0x330 ./Core/Src/usart.o
                0x0000000008001614                HAL_UART_MspInit
 .text.Reset_Handler
                0x0000000008001944       0x50 ./Core/Startup/startup_stm32f401cdux.o
                0x0000000008001944                Reset_Handler
 .text.Default_Handler
                0x0000000008001994        0x2 ./Core/Startup/startup_stm32f401cdux.o
                0x0000000008001994                RTC_Alarm_IRQHandler
                0x0000000008001994                EXTI2_IRQHandler
                0x0000000008001994                SPI4_IRQHandler
                0x0000000008001994                TIM1_CC_IRQHandler
                0x0000000008001994                DMA2_Stream5_IRQHandler
                0x0000000008001994                DMA1_Stream5_IRQHandler
                0x0000000008001994                PVD_IRQHandler
                0x0000000008001994                SDIO_IRQHandler
                0x0000000008001994                TAMP_STAMP_IRQHandler
                0x0000000008001994                EXTI3_IRQHandler
                0x0000000008001994                TIM1_UP_TIM10_IRQHandler
                0x0000000008001994                I2C3_ER_IRQHandler
                0x0000000008001994                EXTI0_IRQHandler
                0x0000000008001994                I2C2_EV_IRQHandler
                0x0000000008001994                DMA1_Stream2_IRQHandler
                0x0000000008001994                FPU_IRQHandler
                0x0000000008001994                SPI1_IRQHandler
                0x0000000008001994                TIM1_BRK_TIM9_IRQHandler
                0x0000000008001994                DMA2_Stream3_IRQHandler
                0x0000000008001994                DMA2_Stream0_IRQHandler
                0x0000000008001994                TIM4_IRQHandler
                0x0000000008001994                I2C1_EV_IRQHandler
                0x0000000008001994                DMA1_Stream6_IRQHandler
                0x0000000008001994                DMA1_Stream1_IRQHandler
                0x0000000008001994                TIM3_IRQHandler
                0x0000000008001994                RCC_IRQHandler
                0x0000000008001994                Default_Handler
                0x0000000008001994                EXTI15_10_IRQHandler
                0x0000000008001994                ADC_IRQHandler
                0x0000000008001994                DMA1_Stream7_IRQHandler
                0x0000000008001994                TIM5_IRQHandler
                0x0000000008001994                I2C3_EV_IRQHandler
                0x0000000008001994                EXTI9_5_IRQHandler
                0x0000000008001994                RTC_WKUP_IRQHandler
                0x0000000008001994                SPI2_IRQHandler
                0x0000000008001994                DMA1_Stream0_IRQHandler
                0x0000000008001994                WWDG_IRQHandler
                0x0000000008001994                TIM2_IRQHandler
                0x0000000008001994                OTG_FS_WKUP_IRQHandler
                0x0000000008001994                TIM1_TRG_COM_TIM11_IRQHandler
                0x0000000008001994                EXTI1_IRQHandler
                0x0000000008001994                I2C2_ER_IRQHandler
                0x0000000008001994                FLASH_IRQHandler
                0x0000000008001994                DMA2_Stream4_IRQHandler
                0x0000000008001994                OTG_FS_IRQHandler
                0x0000000008001994                SPI3_IRQHandler
                0x0000000008001994                DMA1_Stream4_IRQHandler
                0x0000000008001994                I2C1_ER_IRQHandler
                0x0000000008001994                DMA1_Stream3_IRQHandler
 *fill*         0x0000000008001996        0x2 
 .text.decodeGGA
                0x0000000008001998      0x754 ./Core/Usr/gps/NMEA.o
                0x0000000008001998                decodeGGA
 .text.Ringbuf_init
                0x00000000080020ec       0x50 ./Core/Usr/gps/UartRingbuffer.o
                0x00000000080020ec                Ringbuf_init
 .text.store_char
                0x000000000800213c       0x46 ./Core/Usr/gps/UartRingbuffer.o
                0x000000000800213c                store_char
 *fill*         0x0000000008002182        0x2 
 .text.Uart_read
                0x0000000008002184       0x58 ./Core/Usr/gps/UartRingbuffer.o
                0x0000000008002184                Uart_read
 .text.IsDataAvailable
                0x00000000080021dc       0x34 ./Core/Usr/gps/UartRingbuffer.o
                0x00000000080021dc                IsDataAvailable
 .text.Uart_peek
                0x0000000008002210       0x3c ./Core/Usr/gps/UartRingbuffer.o
                0x0000000008002210                Uart_peek
 .text.Copy_upto
                0x000000000800224c      0x100 ./Core/Usr/gps/UartRingbuffer.o
                0x000000000800224c                Copy_upto
 .text.Wait_for
                0x000000000800234c      0x110 ./Core/Usr/gps/UartRingbuffer.o
                0x000000000800234c                Wait_for
 .text.Uart_isr
                0x000000000800245c       0xbc ./Core/Usr/gps/UartRingbuffer.o
                0x000000000800245c                Uart_isr
 .text.gps_GGA_routine
                0x0000000008002518       0x44 ./Core/Usr/gps/gps_M8N.o
                0x0000000008002518                gps_GGA_routine
 .text.LCD_Touch_OnDown
                0x000000000800255c       0x20 ./Core/Usr/lcd/lcd_touch.o
                0x000000000800255c                LCD_Touch_OnDown
 .text.LCD_Touch_OnUp
                0x000000000800257c       0x2c ./Core/Usr/lcd/lcd_touch.o
                0x000000000800257c                LCD_Touch_OnUp
 .text.lora_init
                0x00000000080025a8       0x5c ./Core/Usr/lora.o
                0x00000000080025a8                lora_init
 .text.lora_set_mode
                0x0000000008002604       0xb4 ./Core/Usr/lora.o
                0x0000000008002604                lora_set_mode
 .text.lora_read_model_data
                0x00000000080026b8       0x74 ./Core/Usr/lora.o
                0x00000000080026b8                lora_read_model_data
 .text.lora_set_ADDH
                0x000000000800272c       0x20 ./Core/Usr/lora.o
                0x000000000800272c                lora_set_ADDH
 .text.lora_set_ADDL
                0x000000000800274c       0x20 ./Core/Usr/lora.o
                0x000000000800274c                lora_set_ADDL
 .text.lora_set_speed
                0x000000000800276c       0x20 ./Core/Usr/lora.o
                0x000000000800276c                lora_set_speed
 .text.lora_set_channel
                0x000000000800278c       0x20 ./Core/Usr/lora.o
                0x000000000800278c                lora_set_channel
 .text.lora_set_option
                0x00000000080027ac       0x20 ./Core/Usr/lora.o
                0x00000000080027ac                lora_set_option
 .text.lora_save_param
                0x00000000080027cc       0x54 ./Core/Usr/lora.o
                0x00000000080027cc                lora_save_param
 .text.lora_serial_transmit
                0x0000000008002820       0x34 ./Core/Usr/lora.o
                0x0000000008002820                lora_serial_transmit
 .text.lora_clear_buffer
                0x0000000008002854       0x44 ./Core/Usr/lora.o
                0x0000000008002854                lora_clear_buffer
 .text.lora_complete_task
                0x0000000008002898       0x7c ./Core/Usr/lora.o
                0x0000000008002898                lora_complete_task
 .text.lora_wireless_transmit_routine
                0x0000000008002914       0x78 ./Core/Usr/lora.o
                0x0000000008002914                lora_wireless_transmit_routine
 .text.server_init
                0x000000000800298c       0x38 ./Core/Usr/server.o
                0x000000000800298c                server_init
 .text.server_receive_restart
                0x00000000080029c4       0x38 ./Core/Usr/server.o
                0x00000000080029c4                server_receive_restart
 .text.server_receive_callback
                0x00000000080029fc       0x68 ./Core/Usr/server.o
                0x00000000080029fc                server_receive_callback
 .text.HAL_Init
                0x0000000008002a64       0x44 ./Drivers/STM32F4xx_HAL_Driver/Src/stm32f4xx_hal.o
                0x0000000008002a64                HAL_Init
 .text.HAL_InitTick
                0x0000000008002aa8       0x60 ./Drivers/STM32F4xx_HAL_Driver/Src/stm32f4xx_hal.o
                0x0000000008002aa8                HAL_InitTick
 .text.HAL_IncTick
                0x0000000008002b08       0x28 ./Drivers/STM32F4xx_HAL_Driver/Src/stm32f4xx_hal.o
                0x0000000008002b08                HAL_IncTick
 .text.HAL_GetTick
                0x0000000008002b30       0x18 ./Drivers/STM32F4xx_HAL_Driver/Src/stm32f4xx_hal.o
                0x0000000008002b30                HAL_GetTick
 .text.HAL_Delay
                0x0000000008002b48       0x48 ./Drivers/STM32F4xx_HAL_Driver/Src/stm32f4xx_hal.o
                0x0000000008002b48                HAL_Delay
 .text.HAL_ADC_Init
                0x0000000008002b90       0x86 ./Drivers/STM32F4xx_HAL_Driver/Src/stm32f4xx_hal_adc.o
                0x0000000008002b90                HAL_ADC_Init
 *fill*         0x0000000008002c16        0x2 
 .text.HAL_ADC_ConfigChannel
                0x0000000008002c18      0x244 ./Drivers/STM32F4xx_HAL_Driver/Src/stm32f4xx_hal_adc.o
                0x0000000008002c18                HAL_ADC_ConfigChannel
 .text.ADC_Init
                0x0000000008002e5c      0x1f8 ./Drivers/STM32F4xx_HAL_Driver/Src/stm32f4xx_hal_adc.o
 .text.__NVIC_SetPriorityGrouping
                0x0000000008003054       0x48 ./Drivers/STM32F4xx_HAL_Driver/Src/stm32f4xx_hal_cortex.o
 .text.__NVIC_GetPriorityGrouping
                0x000000000800309c       0x1c ./Drivers/STM32F4xx_HAL_Driver/Src/stm32f4xx_hal_cortex.o
 .text.__NVIC_EnableIRQ
                0x00000000080030b8       0x3c ./Drivers/STM32F4xx_HAL_Driver/Src/stm32f4xx_hal_cortex.o
 .text.__NVIC_SetPriority
                0x00000000080030f4       0x54 ./Drivers/STM32F4xx_HAL_Driver/Src/stm32f4xx_hal_cortex.o
 .text.NVIC_EncodePriority
                0x0000000008003148       0x66 ./Drivers/STM32F4xx_HAL_Driver/Src/stm32f4xx_hal_cortex.o
 *fill*         0x00000000080031ae        0x2 
 .text.SysTick_Config
                0x00000000080031b0       0x44 ./Drivers/STM32F4xx_HAL_Driver/Src/stm32f4xx_hal_cortex.o
 .text.HAL_NVIC_SetPriorityGrouping
                0x00000000080031f4       0x16 ./Drivers/STM32F4xx_HAL_Driver/Src/stm32f4xx_hal_cortex.o
                0x00000000080031f4                HAL_NVIC_SetPriorityGrouping
 .text.HAL_NVIC_SetPriority
                0x000000000800320a       0x38 ./Drivers/STM32F4xx_HAL_Driver/Src/stm32f4xx_hal_cortex.o
                0x000000000800320a                HAL_NVIC_SetPriority
 .text.HAL_NVIC_EnableIRQ
                0x0000000008003242       0x1c ./Drivers/STM32F4xx_HAL_Driver/Src/stm32f4xx_hal_cortex.o
                0x0000000008003242                HAL_NVIC_EnableIRQ
 .text.HAL_SYSTICK_Config
                0x000000000800325e       0x18 ./Drivers/STM32F4xx_HAL_Driver/Src/stm32f4xx_hal_cortex.o
                0x000000000800325e                HAL_SYSTICK_Config
 *fill*         0x0000000008003276        0x2 
 .text.HAL_DMA_Init
                0x0000000008003278      0x15c ./Drivers/STM32F4xx_HAL_Driver/Src/stm32f4xx_hal_dma.o
                0x0000000008003278                HAL_DMA_Init
 .text.HAL_DMA_Start_IT
                0x00000000080033d4       0xb0 ./Drivers/STM32F4xx_HAL_Driver/Src/stm32f4xx_hal_dma.o
                0x00000000080033d4                HAL_DMA_Start_IT
 .text.HAL_DMA_Abort
                0x0000000008003484       0xe0 ./Drivers/STM32F4xx_HAL_Driver/Src/stm32f4xx_hal_dma.o
                0x0000000008003484                HAL_DMA_Abort
 .text.HAL_DMA_Abort_IT
                0x0000000008003564       0x44 ./Drivers/STM32F4xx_HAL_Driver/Src/stm32f4xx_hal_dma.o
                0x0000000008003564                HAL_DMA_Abort_IT
 .text.HAL_DMA_IRQHandler
                0x00000000080035a8      0x314 ./Drivers/STM32F4xx_HAL_Driver/Src/stm32f4xx_hal_dma.o
                0x00000000080035a8                HAL_DMA_IRQHandler
 .text.DMA_SetConfig
                0x00000000080038bc       0x5c ./Drivers/STM32F4xx_HAL_Driver/Src/stm32f4xx_hal_dma.o
 .text.DMA_CalcBaseAndBitshift
                0x0000000008003918       0x6c ./Drivers/STM32F4xx_HAL_Driver/Src/stm32f4xx_hal_dma.o
 .text.DMA_CheckFifoParam
                0x0000000008003984       0xf8 ./Drivers/STM32F4xx_HAL_Driver/Src/stm32f4xx_hal_dma.o
 .text.HAL_GPIO_Init
                0x0000000008003a7c      0x308 ./Drivers/STM32F4xx_HAL_Driver/Src/stm32f4xx_hal_gpio.o
                0x0000000008003a7c                HAL_GPIO_Init
 .text.HAL_GPIO_ReadPin
                0x0000000008003d84       0x30 ./Drivers/STM32F4xx_HAL_Driver/Src/stm32f4xx_hal_gpio.o
                0x0000000008003d84                HAL_GPIO_ReadPin
 .text.HAL_GPIO_WritePin
                0x0000000008003db4       0x32 ./Drivers/STM32F4xx_HAL_Driver/Src/stm32f4xx_hal_gpio.o
                0x0000000008003db4                HAL_GPIO_WritePin
 *fill*         0x0000000008003de6        0x2 
 .text.HAL_GPIO_EXTI_IRQHandler
                0x0000000008003de8       0x30 ./Drivers/STM32F4xx_HAL_Driver/Src/stm32f4xx_hal_gpio.o
                0x0000000008003de8                HAL_GPIO_EXTI_IRQHandler
 .text.HAL_GPIO_EXTI_Callback
                0x0000000008003e18       0x16 ./Drivers/STM32F4xx_HAL_Driver/Src/stm32f4xx_hal_gpio.o
                0x0000000008003e18                HAL_GPIO_EXTI_Callback
 *fill*         0x0000000008003e2e        0x2 
 .text.HAL_RCC_OscConfig
                0x0000000008003e30      0x4f0 ./Drivers/STM32F4xx_HAL_Driver/Src/stm32f4xx_hal_rcc.o
                0x0000000008003e30                HAL_RCC_OscConfig
 .text.HAL_RCC_ClockConfig
                0x0000000008004320      0x1cc ./Drivers/STM32F4xx_HAL_Driver/Src/stm32f4xx_hal_rcc.o
                0x0000000008004320                HAL_RCC_ClockConfig
 .text.HAL_RCC_GetSysClockFreq
                0x00000000080044ec      0x18c ./Drivers/STM32F4xx_HAL_Driver/Src/stm32f4xx_hal_rcc.o
                0x00000000080044ec                HAL_RCC_GetSysClockFreq
 .text.HAL_RCC_GetHCLKFreq
                0x0000000008004678       0x18 ./Drivers/STM32F4xx_HAL_Driver/Src/stm32f4xx_hal_rcc.o
                0x0000000008004678                HAL_RCC_GetHCLKFreq
 .text.HAL_RCC_GetPCLK1Freq
                0x0000000008004690       0x28 ./Drivers/STM32F4xx_HAL_Driver/Src/stm32f4xx_hal_rcc.o
                0x0000000008004690                HAL_RCC_GetPCLK1Freq
 .text.HAL_RCC_GetPCLK2Freq
                0x00000000080046b8       0x28 ./Drivers/STM32F4xx_HAL_Driver/Src/stm32f4xx_hal_rcc.o
                0x00000000080046b8                HAL_RCC_GetPCLK2Freq
 .text.HAL_TIM_Base_Init
                0x00000000080046e0       0x9e ./Drivers/STM32F4xx_HAL_Driver/Src/stm32f4xx_hal_tim.o
                0x00000000080046e0                HAL_TIM_Base_Init
 *fill*         0x000000000800477e        0x2 
 .text.HAL_TIM_Base_Start
                0x0000000008004780       0xb4 ./Drivers/STM32F4xx_HAL_Driver/Src/stm32f4xx_hal_tim.o
                0x0000000008004780                HAL_TIM_Base_Start
 .text.HAL_TIM_ConfigClockSource
                0x0000000008004834      0x18e ./Drivers/STM32F4xx_HAL_Driver/Src/stm32f4xx_hal_tim.o
                0x0000000008004834                HAL_TIM_ConfigClockSource
 *fill*         0x00000000080049c2        0x2 
 .text.TIM_Base_SetConfig
                0x00000000080049c4      0x100 ./Drivers/STM32F4xx_HAL_Driver/Src/stm32f4xx_hal_tim.o
                0x00000000080049c4                TIM_Base_SetConfig
 .text.TIM_TI1_ConfigInputStage
                0x0000000008004ac4       0x5e ./Drivers/STM32F4xx_HAL_Driver/Src/stm32f4xx_hal_tim.o
 .text.TIM_TI2_ConfigInputStage
                0x0000000008004b22       0x60 ./Drivers/STM32F4xx_HAL_Driver/Src/stm32f4xx_hal_tim.o
 .text.TIM_ITRx_SetConfig
                0x0000000008004b82       0x36 ./Drivers/STM32F4xx_HAL_Driver/Src/stm32f4xx_hal_tim.o
 .text.TIM_ETR_SetConfig
                0x0000000008004bb8       0x40 ./Drivers/STM32F4xx_HAL_Driver/Src/stm32f4xx_hal_tim.o
                0x0000000008004bb8                TIM_ETR_SetConfig
 .text.HAL_TIMEx_MasterConfigSynchronization
                0x0000000008004bf8       0xdc ./Drivers/STM32F4xx_HAL_Driver/Src/stm32f4xx_hal_tim_ex.o
                0x0000000008004bf8                HAL_TIMEx_MasterConfigSynchronization
 .text.HAL_UART_Init
                0x0000000008004cd4       0x9a ./Drivers/STM32F4xx_HAL_Driver/Src/stm32f4xx_hal_uart.o
                0x0000000008004cd4                HAL_UART_Init
 *fill*         0x0000000008004d6e        0x2 
 .text.HAL_UART_Transmit_DMA
                0x0000000008004d70       0xfc ./Drivers/STM32F4xx_HAL_Driver/Src/stm32f4xx_hal_uart.o
                0x0000000008004d70                HAL_UART_Transmit_DMA
 .text.HAL_UART_Receive_DMA
                0x0000000008004e6c       0x60 ./Drivers/STM32F4xx_HAL_Driver/Src/stm32f4xx_hal_uart.o
                0x0000000008004e6c                HAL_UART_Receive_DMA
 .text.HAL_UART_DMAStop
                0x0000000008004ecc       0xfe ./Drivers/STM32F4xx_HAL_Driver/Src/stm32f4xx_hal_uart.o
                0x0000000008004ecc                HAL_UART_DMAStop
 *fill*         0x0000000008004fca        0x2 
 .text.HAL_UART_IRQHandler
                0x0000000008004fcc      0x51c ./Drivers/STM32F4xx_HAL_Driver/Src/stm32f4xx_hal_uart.o
                0x0000000008004fcc                HAL_UART_IRQHandler
 .text.HAL_UART_TxCpltCallback
                0x00000000080054e8       0x14 ./Drivers/STM32F4xx_HAL_Driver/Src/stm32f4xx_hal_uart.o
                0x00000000080054e8                HAL_UART_TxCpltCallback
 .text.HAL_UART_TxHalfCpltCallback
                0x00000000080054fc       0x14 ./Drivers/STM32F4xx_HAL_Driver/Src/stm32f4xx_hal_uart.o
                0x00000000080054fc                HAL_UART_TxHalfCpltCallback
 .text.HAL_UART_RxCpltCallback
                0x0000000008005510       0x14 ./Drivers/STM32F4xx_HAL_Driver/Src/stm32f4xx_hal_uart.o
                0x0000000008005510                HAL_UART_RxCpltCallback
 .text.HAL_UART_ErrorCallback
                0x0000000008005524       0x14 ./Drivers/STM32F4xx_HAL_Driver/Src/stm32f4xx_hal_uart.o
                0x0000000008005524                HAL_UART_ErrorCallback
 .text.HAL_UARTEx_RxEventCallback
                0x0000000008005538       0x18 ./Drivers/STM32F4xx_HAL_Driver/Src/stm32f4xx_hal_uart.o
                0x0000000008005538                HAL_UARTEx_RxEventCallback
 .text.UART_DMATransmitCplt
                0x0000000008005550       0x9a ./Drivers/STM32F4xx_HAL_Driver/Src/stm32f4xx_hal_uart.o
 .text.UART_DMATxHalfCplt
                0x00000000080055ea       0x1c ./Drivers/STM32F4xx_HAL_Driver/Src/stm32f4xx_hal_uart.o
 .text.UART_DMAReceiveCplt
                0x0000000008005606      0x126 ./Drivers/STM32F4xx_HAL_Driver/Src/stm32f4xx_hal_uart.o
 .text.UART_DMARxHalfCplt
                0x000000000800572c       0x36 ./Drivers/STM32F4xx_HAL_Driver/Src/stm32f4xx_hal_uart.o
 .text.UART_DMAError
                0x0000000008005762       0x94 ./Drivers/STM32F4xx_HAL_Driver/Src/stm32f4xx_hal_uart.o
 *fill*         0x00000000080057f6        0x2 
 .text.UART_Start_Receive_DMA
                0x00000000080057f8      0x13c ./Drivers/STM32F4xx_HAL_Driver/Src/stm32f4xx_hal_uart.o
                0x00000000080057f8                UART_Start_Receive_DMA
 .text.UART_EndTxTransfer
                0x0000000008005934       0x50 ./Drivers/STM32F4xx_HAL_Driver/Src/stm32f4xx_hal_uart.o
 .text.UART_EndRxTransfer
                0x0000000008005984       0xc6 ./Drivers/STM32F4xx_HAL_Driver/Src/stm32f4xx_hal_uart.o
 .text.UART_DMAAbortOnError
                0x0000000008005a4a       0x28 ./Drivers/STM32F4xx_HAL_Driver/Src/stm32f4xx_hal_uart.o
 .text.UART_Transmit_IT
                0x0000000008005a72       0xa0 ./Drivers/STM32F4xx_HAL_Driver/Src/stm32f4xx_hal_uart.o
 .text.UART_EndTransmit_IT
                0x0000000008005b12       0x30 ./Drivers/STM32F4xx_HAL_Driver/Src/stm32f4xx_hal_uart.o
 .text.UART_Receive_IT
                0x0000000008005b42      0x176 ./Drivers/STM32F4xx_HAL_Driver/Src/stm32f4xx_hal_uart.o
 .text.UART_SetConfig
                0x0000000008005cb8      0x4e8 ./Drivers/STM32F4xx_HAL_Driver/Src/stm32f4xx_hal_uart.o
 .text.atoi     0x00000000080061a0        0x8 /opt/st/stm32cubeide_1.13.0/plugins/com.st.stm32cube.ide.mcu.externaltools.gnu-tools-for-stm32.11.3.rel1.linux64_1.1.0.202305231506/tools/bin/../lib/gcc/arm-none-eabi/11.3.1/../../../../arm-none-eabi/lib/thumb/v7e-m+fp/hard/libc_nano.a(libc_a-atoi.o)
                0x00000000080061a0                atoi
 .text._strtol_l.constprop.0
                0x00000000080061a8      0x104 /opt/st/stm32cubeide_1.13.0/plugins/com.st.stm32cube.ide.mcu.externaltools.gnu-tools-for-stm32.11.3.rel1.linux64_1.1.0.202305231506/tools/bin/../lib/gcc/arm-none-eabi/11.3.1/../../../../arm-none-eabi/lib/thumb/v7e-m+fp/hard/libc_nano.a(libc_a-strtol.o)
 .text.strtol   0x00000000080062ac       0x14 /opt/st/stm32cubeide_1.13.0/plugins/com.st.stm32cube.ide.mcu.externaltools.gnu-tools-for-stm32.11.3.rel1.linux64_1.1.0.202305231506/tools/bin/../lib/gcc/arm-none-eabi/11.3.1/../../../../arm-none-eabi/lib/thumb/v7e-m+fp/hard/libc_nano.a(libc_a-strtol.o)
                0x00000000080062ac                strtol
 .text.memset   0x00000000080062c0       0x10 /opt/st/stm32cubeide_1.13.0/plugins/com.st.stm32cube.ide.mcu.externaltools.gnu-tools-for-stm32.11.3.rel1.linux64_1.1.0.202305231506/tools/bin/../lib/gcc/arm-none-eabi/11.3.1/../../../../arm-none-eabi/lib/thumb/v7e-m+fp/hard/libc_nano.a(libc_a-memset.o)
                0x00000000080062c0                memset
 .text.__errno  0x00000000080062d0        0xc /opt/st/stm32cubeide_1.13.0/plugins/com.st.stm32cube.ide.mcu.externaltools.gnu-tools-for-stm32.11.3.rel1.linux64_1.1.0.202305231506/tools/bin/../lib/gcc/arm-none-eabi/11.3.1/../../../../arm-none-eabi/lib/thumb/v7e-m+fp/hard/libc_nano.a(libc_a-errno.o)
                0x00000000080062d0                __errno
 .text.__libc_init_array
                0x00000000080062dc       0x48 /opt/st/stm32cubeide_1.13.0/plugins/com.st.stm32cube.ide.mcu.externaltools.gnu-tools-for-stm32.11.3.rel1.linux64_1.1.0.202305231506/tools/bin/../lib/gcc/arm-none-eabi/11.3.1/../../../../arm-none-eabi/lib/thumb/v7e-m+fp/hard/libc_nano.a(libc_a-init.o)
                0x00000000080062dc                __libc_init_array
 .text.pow      0x0000000008006324       0xe0 /opt/st/stm32cubeide_1.13.0/plugins/com.st.stm32cube.ide.mcu.externaltools.gnu-tools-for-stm32.11.3.rel1.linux64_1.1.0.202305231506/tools/bin/../lib/gcc/arm-none-eabi/11.3.1/../../../../arm-none-eabi/lib/thumb/v7e-m+fp/hard/libm.a(libm_a-w_pow.o)
                0x0000000008006324                pow
 .text.finite   0x0000000008006404       0x16 /opt/st/stm32cubeide_1.13.0/plugins/com.st.stm32cube.ide.mcu.externaltools.gnu-tools-for-stm32.11.3.rel1.linux64_1.1.0.202305231506/tools/bin/../lib/gcc/arm-none-eabi/11.3.1/../../../../arm-none-eabi/lib/thumb/v7e-m+fp/hard/libm.a(libm_a-s_finite.o)
                0x0000000008006404                finite
 *fill*         0x000000000800641a        0x6 
 .text.__ieee754_pow
                0x0000000008006420      0xa54 /opt/st/stm32cubeide_1.13.0/plugins/com.st.stm32cube.ide.mcu.externaltools.gnu-tools-for-stm32.11.3.rel1.linux64_1.1.0.202305231506/tools/bin/../lib/gcc/arm-none-eabi/11.3.1/../../../../arm-none-eabi/lib/thumb/v7e-m+fp/hard/libm.a(libm_a-e_pow.o)
                0x0000000008006420                __ieee754_pow
 .text.fabs     0x0000000008006e74       0x12 /opt/st/stm32cubeide_1.13.0/plugins/com.st.stm32cube.ide.mcu.externaltools.gnu-tools-for-stm32.11.3.rel1.linux64_1.1.0.202305231506/tools/bin/../lib/gcc/arm-none-eabi/11.3.1/../../../../arm-none-eabi/lib/thumb/v7e-m+fp/hard/libm.a(libm_a-s_fabs.o)
                0x0000000008006e74                fabs
 *fill*         0x0000000008006e86        0x2 
 .text.scalbn   0x0000000008006e88       0xfc /opt/st/stm32cubeide_1.13.0/plugins/com.st.stm32cube.ide.mcu.externaltools.gnu-tools-for-stm32.11.3.rel1.linux64_1.1.0.202305231506/tools/bin/../lib/gcc/arm-none-eabi/11.3.1/../../../../arm-none-eabi/lib/thumb/v7e-m+fp/hard/libm.a(libm_a-s_scalbn.o)
                0x0000000008006e88                scalbn
 .text.with_errno
                0x0000000008006f84       0x14 /opt/st/stm32cubeide_1.13.0/plugins/com.st.stm32cube.ide.mcu.externaltools.gnu-tools-for-stm32.11.3.rel1.linux64_1.1.0.202305231506/tools/bin/../lib/gcc/arm-none-eabi/11.3.1/../../../../arm-none-eabi/lib/thumb/v7e-m+fp/hard/libm.a(libm_a-math_err.o)
 .text.xflow    0x0000000008006f98       0x28 /opt/st/stm32cubeide_1.13.0/plugins/com.st.stm32cube.ide.mcu.externaltools.gnu-tools-for-stm32.11.3.rel1.linux64_1.1.0.202305231506/tools/bin/../lib/gcc/arm-none-eabi/11.3.1/../../../../arm-none-eabi/lib/thumb/v7e-m+fp/hard/libm.a(libm_a-math_err.o)
 .text.__math_uflow
                0x0000000008006fc0       0x12 /opt/st/stm32cubeide_1.13.0/plugins/com.st.stm32cube.ide.mcu.externaltools.gnu-tools-for-stm32.11.3.rel1.linux64_1.1.0.202305231506/tools/bin/../lib/gcc/arm-none-eabi/11.3.1/../../../../arm-none-eabi/lib/thumb/v7e-m+fp/hard/libm.a(libm_a-math_err.o)
                0x0000000008006fc0                __math_uflow
 .text.__math_oflow
                0x0000000008006fd2       0x12 /opt/st/stm32cubeide_1.13.0/plugins/com.st.stm32cube.ide.mcu.externaltools.gnu-tools-for-stm32.11.3.rel1.linux64_1.1.0.202305231506/tools/bin/../lib/gcc/arm-none-eabi/11.3.1/../../../../arm-none-eabi/lib/thumb/v7e-m+fp/hard/libm.a(libm_a-math_err.o)
                0x0000000008006fd2                __math_oflow
 .text.__ieee754_sqrt
                0x0000000008006fe4      0x1b4 /opt/st/stm32cubeide_1.13.0/plugins/com.st.stm32cube.ide.mcu.externaltools.gnu-tools-for-stm32.11.3.rel1.linux64_1.1.0.202305231506/tools/bin/../lib/gcc/arm-none-eabi/11.3.1/../../../../arm-none-eabi/lib/thumb/v7e-m+fp/hard/libm.a(libm_a-e_sqrt.o)
                0x0000000008006fe4                __ieee754_sqrt
 *(.glue_7)
 .glue_7        0x0000000008007198        0x0 linker stubs
 *(.glue_7t)
 .glue_7t       0x0000000008007198        0x0 linker stubs
 *(.eh_frame)
 .eh_frame      0x0000000008007198        0x0 /opt/st/stm32cubeide_1.13.0/plugins/com.st.stm32cube.ide.mcu.externaltools.gnu-tools-for-stm32.11.3.rel1.linux64_1.1.0.202305231506/tools/bin/../lib/gcc/arm-none-eabi/11.3.1/thumb/v7e-m+fp/hard/crtbegin.o
 *(.init)
 .init          0x0000000008007198        0x4 /opt/st/stm32cubeide_1.13.0/plugins/com.st.stm32cube.ide.mcu.externaltools.gnu-tools-for-stm32.11.3.rel1.linux64_1.1.0.202305231506/tools/bin/../lib/gcc/arm-none-eabi/11.3.1/thumb/v7e-m+fp/hard/crti.o
                0x0000000008007198                _init
 .init          0x000000000800719c        0x8 /opt/st/stm32cubeide_1.13.0/plugins/com.st.stm32cube.ide.mcu.externaltools.gnu-tools-for-stm32.11.3.rel1.linux64_1.1.0.202305231506/tools/bin/../lib/gcc/arm-none-eabi/11.3.1/thumb/v7e-m+fp/hard/crtn.o
 *(.fini)
 .fini          0x00000000080071a4        0x4 /opt/st/stm32cubeide_1.13.0/plugins/com.st.stm32cube.ide.mcu.externaltools.gnu-tools-for-stm32.11.3.rel1.linux64_1.1.0.202305231506/tools/bin/../lib/gcc/arm-none-eabi/11.3.1/thumb/v7e-m+fp/hard/crti.o
                0x00000000080071a4                _fini
 .fini          0x00000000080071a8        0x8 /opt/st/stm32cubeide_1.13.0/plugins/com.st.stm32cube.ide.mcu.externaltools.gnu-tools-for-stm32.11.3.rel1.linux64_1.1.0.202305231506/tools/bin/../lib/gcc/arm-none-eabi/11.3.1/thumb/v7e-m+fp/hard/crtn.o
                0x00000000080071b0                . = ALIGN (0x4)
                0x00000000080071b0                _etext = .

.vfp11_veneer   0x00000000080071b0        0x0
 .vfp11_veneer  0x00000000080071b0        0x0 linker stubs

.v4_bx          0x00000000080071b0        0x0
 .v4_bx         0x00000000080071b0        0x0 linker stubs

.iplt           0x00000000080071b0        0x0
 .iplt          0x00000000080071b0        0x0 /opt/st/stm32cubeide_1.13.0/plugins/com.st.stm32cube.ide.mcu.externaltools.gnu-tools-for-stm32.11.3.rel1.linux64_1.1.0.202305231506/tools/bin/../lib/gcc/arm-none-eabi/11.3.1/thumb/v7e-m+fp/hard/crtbegin.o

.rodata         0x00000000080071b0      0x160
                0x00000000080071b0                . = ALIGN (0x4)
 *(.rodata)
 .rodata        0x00000000080071b0        0x6 ./Core/Usr/gps/gps_M8N.o
 *(.rodata*)
 *fill*         0x00000000080071b6        0x2 
 .rodata.AHBPrescTable
                0x00000000080071b8       0x10 ./Core/Src/system_stm32f4xx.o
                0x00000000080071b8                AHBPrescTable
 .rodata.APBPrescTable
                0x00000000080071c8        0x8 ./Core/Src/system_stm32f4xx.o
                0x00000000080071c8                APBPrescTable
 .rodata.flagBitshiftOffset.0
                0x00000000080071d0        0x8 ./Drivers/STM32F4xx_HAL_Driver/Src/stm32f4xx_hal_dma.o
 .rodata._ctype_
                0x00000000080071d8      0x101 /opt/st/stm32cubeide_1.13.0/plugins/com.st.stm32cube.ide.mcu.externaltools.gnu-tools-for-stm32.11.3.rel1.linux64_1.1.0.202305231506/tools/bin/../lib/gcc/arm-none-eabi/11.3.1/../../../../arm-none-eabi/lib/thumb/v7e-m+fp/hard/libc_nano.a(libc_a-ctype_.o)
                0x00000000080071d8                _ctype_
 *fill*         0x00000000080072d9        0x7 
 .rodata.bp     0x00000000080072e0       0x10 /opt/st/stm32cubeide_1.13.0/plugins/com.st.stm32cube.ide.mcu.externaltools.gnu-tools-for-stm32.11.3.rel1.linux64_1.1.0.202305231506/tools/bin/../lib/gcc/arm-none-eabi/11.3.1/../../../../arm-none-eabi/lib/thumb/v7e-m+fp/hard/libm.a(libm_a-e_pow.o)
 .rodata.dp_h   0x00000000080072f0       0x10 /opt/st/stm32cubeide_1.13.0/plugins/com.st.stm32cube.ide.mcu.externaltools.gnu-tools-for-stm32.11.3.rel1.linux64_1.1.0.202305231506/tools/bin/../lib/gcc/arm-none-eabi/11.3.1/../../../../arm-none-eabi/lib/thumb/v7e-m+fp/hard/libm.a(libm_a-e_pow.o)
 .rodata.dp_l   0x0000000008007300       0x10 /opt/st/stm32cubeide_1.13.0/plugins/com.st.stm32cube.ide.mcu.externaltools.gnu-tools-for-stm32.11.3.rel1.linux64_1.1.0.202305231506/tools/bin/../lib/gcc/arm-none-eabi/11.3.1/../../../../arm-none-eabi/lib/thumb/v7e-m+fp/hard/libm.a(libm_a-e_pow.o)
                0x0000000008007310                . = ALIGN (0x4)

.ARM.extab      0x0000000008007310        0x0
                0x0000000008007310                . = ALIGN (0x4)
 *(.ARM.extab* .gnu.linkonce.armextab.*)
                0x0000000008007310                . = ALIGN (0x4)

.ARM            0x0000000008007310        0x8
                0x0000000008007310                . = ALIGN (0x4)
                0x0000000008007310                __exidx_start = .
 *(.ARM.exidx*)
 .ARM.exidx     0x0000000008007310        0x8 /opt/st/stm32cubeide_1.13.0/plugins/com.st.stm32cube.ide.mcu.externaltools.gnu-tools-for-stm32.11.3.rel1.linux64_1.1.0.202305231506/tools/bin/../lib/gcc/arm-none-eabi/11.3.1/thumb/v7e-m+fp/hard/libgcc.a(_udivmoddi4.o)
                0x0000000008007318                __exidx_end = .
                0x0000000008007318                . = ALIGN (0x4)

.rel.dyn        0x0000000008007318        0x0
 .rel.iplt      0x0000000008007318        0x0 /opt/st/stm32cubeide_1.13.0/plugins/com.st.stm32cube.ide.mcu.externaltools.gnu-tools-for-stm32.11.3.rel1.linux64_1.1.0.202305231506/tools/bin/../lib/gcc/arm-none-eabi/11.3.1/thumb/v7e-m+fp/hard/crtbegin.o

.preinit_array  0x0000000008007318        0x0
                0x0000000008007318                . = ALIGN (0x4)
                0x0000000008007318                PROVIDE (__preinit_array_start = .)
 *(.preinit_array*)
                0x0000000008007318                PROVIDE (__preinit_array_end = .)
                0x0000000008007318                . = ALIGN (0x4)

.init_array     0x0000000008007318        0x4
                0x0000000008007318                . = ALIGN (0x4)
                0x0000000008007318                PROVIDE (__init_array_start = .)
 *(SORT_BY_NAME(.init_array.*))
 *(.init_array*)
 .init_array    0x0000000008007318        0x4 /opt/st/stm32cubeide_1.13.0/plugins/com.st.stm32cube.ide.mcu.externaltools.gnu-tools-for-stm32.11.3.rel1.linux64_1.1.0.202305231506/tools/bin/../lib/gcc/arm-none-eabi/11.3.1/thumb/v7e-m+fp/hard/crtbegin.o
                0x000000000800731c                PROVIDE (__init_array_end = .)
                0x000000000800731c                . = ALIGN (0x4)

.fini_array     0x000000000800731c        0x4
                0x000000000800731c                . = ALIGN (0x4)
                [!provide]                        PROVIDE (__fini_array_start = .)
 *(SORT_BY_NAME(.fini_array.*))
 *(.fini_array*)
 .fini_array    0x000000000800731c        0x4 /opt/st/stm32cubeide_1.13.0/plugins/com.st.stm32cube.ide.mcu.externaltools.gnu-tools-for-stm32.11.3.rel1.linux64_1.1.0.202305231506/tools/bin/../lib/gcc/arm-none-eabi/11.3.1/thumb/v7e-m+fp/hard/crtbegin.o
                [!provide]                        PROVIDE (__fini_array_end = .)
                0x0000000008007320                . = ALIGN (0x4)
                0x0000000008007320                _sidata = LOADADDR (.data)

.data           0x0000000020000000       0x80 load address 0x0000000008007320
                0x0000000020000000                . = ALIGN (0x4)
                0x0000000020000000                _sdata = .
 *(.data)
 *(.data*)
 .data.SystemCoreClock
                0x0000000020000000        0x4 ./Core/Src/system_stm32f4xx.o
                0x0000000020000000                SystemCoreClock
 .data.GMT      0x0000000020000004        0x4 ./Core/Usr/gps/NMEA.o
                0x0000000020000004                GMT
 .data.ggaflag  0x0000000020000008        0x1 ./Core/Usr/gps/gps_M8N.o
                0x0000000020000008                ggaflag
 *fill*         0x0000000020000009        0x3 
 .data.txdummy  0x000000002000000c        0x5 ./Core/Usr/lora.o
                0x000000002000000c                txdummy
 *fill*         0x0000000020000011        0x3 
 .data.uwTickPrio
                0x0000000020000014        0x4 ./Drivers/STM32F4xx_HAL_Driver/Src/stm32f4xx_hal.o
                0x0000000020000014                uwTickPrio
 .data.uwTickFreq
                0x0000000020000018        0x1 ./Drivers/STM32F4xx_HAL_Driver/Src/stm32f4xx_hal.o
                0x0000000020000018                uwTickFreq
 *fill*         0x0000000020000019        0x3 
 .data._impure_data
                0x000000002000001c       0x4c /opt/st/stm32cubeide_1.13.0/plugins/com.st.stm32cube.ide.mcu.externaltools.gnu-tools-for-stm32.11.3.rel1.linux64_1.1.0.202305231506/tools/bin/../lib/gcc/arm-none-eabi/11.3.1/../../../../arm-none-eabi/lib/thumb/v7e-m+fp/hard/libc_nano.a(libc_a-impure.o)
                0x000000002000001c                _impure_data
 .data._impure_ptr
                0x0000000020000068        0x4 /opt/st/stm32cubeide_1.13.0/plugins/com.st.stm32cube.ide.mcu.externaltools.gnu-tools-for-stm32.11.3.rel1.linux64_1.1.0.202305231506/tools/bin/../lib/gcc/arm-none-eabi/11.3.1/../../../../arm-none-eabi/lib/thumb/v7e-m+fp/hard/libc_nano.a(libc_a-impure.o)
                0x0000000020000068                _impure_ptr
 *fill*         0x000000002000006c        0x4 
 .data.one      0x0000000020000070        0x8 /opt/st/stm32cubeide_1.13.0/plugins/com.st.stm32cube.ide.mcu.externaltools.gnu-tools-for-stm32.11.3.rel1.linux64_1.1.0.202305231506/tools/bin/../lib/gcc/arm-none-eabi/11.3.1/../../../../arm-none-eabi/lib/thumb/v7e-m+fp/hard/libm.a(libm_a-e_sqrt.o)
 .data.tiny     0x0000000020000078        0x8 /opt/st/stm32cubeide_1.13.0/plugins/com.st.stm32cube.ide.mcu.externaltools.gnu-tools-for-stm32.11.3.rel1.linux64_1.1.0.202305231506/tools/bin/../lib/gcc/arm-none-eabi/11.3.1/../../../../arm-none-eabi/lib/thumb/v7e-m+fp/hard/libm.a(libm_a-e_sqrt.o)
 *(.RamFunc)
 *(.RamFunc*)
                0x0000000020000080                . = ALIGN (0x4)
                0x0000000020000080                _edata = .

.igot.plt       0x0000000020000080        0x0 load address 0x00000000080073a0
 .igot.plt      0x0000000020000080        0x0 /opt/st/stm32cubeide_1.13.0/plugins/com.st.stm32cube.ide.mcu.externaltools.gnu-tools-for-stm32.11.3.rel1.linux64_1.1.0.202305231506/tools/bin/../lib/gcc/arm-none-eabi/11.3.1/thumb/v7e-m+fp/hard/crtbegin.o
                0x0000000020000080                . = ALIGN (0x4)

.bss            0x0000000020000080      0x94c load address 0x00000000080073a0
                0x0000000020000080                _sbss = .
                0x0000000020000080                __bss_start__ = _sbss
 *(.bss)
 .bss           0x0000000020000080       0x1c /opt/st/stm32cubeide_1.13.0/plugins/com.st.stm32cube.ide.mcu.externaltools.gnu-tools-for-stm32.11.3.rel1.linux64_1.1.0.202305231506/tools/bin/../lib/gcc/arm-none-eabi/11.3.1/thumb/v7e-m+fp/hard/crtbegin.o
 *(.bss*)
 .bss.hadc1     0x000000002000009c       0x48 ./Core/Src/adc.o
                0x000000002000009c                hadc1
 .bss.flag      0x00000000200000e4        0x1 ./Core/Src/main.o
                0x00000000200000e4                flag
 .bss.callback  0x00000000200000e5        0x1 ./Core/Src/main.o
                0x00000000200000e5                callback
 *fill*         0x00000000200000e6        0x2 
 .bss.htim1     0x00000000200000e8       0x48 ./Core/Src/tim.o
                0x00000000200000e8                htim1
 .bss.huart1    0x0000000020000130       0x44 ./Core/Src/usart.o
                0x0000000020000130                huart1
 .bss.huart2    0x0000000020000174       0x44 ./Core/Src/usart.o
                0x0000000020000174                huart2
 .bss.huart6    0x00000000200001b8       0x44 ./Core/Src/usart.o
                0x00000000200001b8                huart6
 .bss.hdma_usart1_rx
                0x00000000200001fc       0x60 ./Core/Src/usart.o
                0x00000000200001fc                hdma_usart1_rx
 .bss.hdma_usart1_tx
                0x000000002000025c       0x60 ./Core/Src/usart.o
                0x000000002000025c                hdma_usart1_tx
 .bss.hdma_usart6_rx
                0x00000000200002bc       0x60 ./Core/Src/usart.o
                0x00000000200002bc                hdma_usart6_rx
 .bss.hdma_usart6_tx
                0x000000002000031c       0x60 ./Core/Src/usart.o
                0x000000002000031c                hdma_usart6_tx
 .bss.inx       0x000000002000037c        0x4 ./Core/Usr/gps/NMEA.o
                0x000000002000037c                inx
 .bss.hr        0x0000000020000380        0x4 ./Core/Usr/gps/NMEA.o
                0x0000000020000380                hr
 .bss.min       0x0000000020000384        0x4 ./Core/Usr/gps/NMEA.o
                0x0000000020000384                min
 .bss.daychange
                0x0000000020000388        0x4 ./Core/Usr/gps/NMEA.o
                0x0000000020000388                daychange
 .bss.timeout   0x000000002000038c        0x2 ./Core/Usr/gps/UartRingbuffer.o
                0x000000002000038c                timeout
 *fill*         0x000000002000038e        0x2 
 .bss.rx_buffer
                0x0000000020000390      0x208 ./Core/Usr/gps/UartRingbuffer.o
                0x0000000020000390                rx_buffer
 .bss.tx_buffer
                0x0000000020000598      0x208 ./Core/Usr/gps/UartRingbuffer.o
                0x0000000020000598                tx_buffer
 .bss._rx_buffer
                0x00000000200007a0        0x4 ./Core/Usr/gps/UartRingbuffer.o
                0x00000000200007a0                _rx_buffer
 .bss._tx_buffer
                0x00000000200007a4        0x4 ./Core/Usr/gps/UartRingbuffer.o
                0x00000000200007a4                _tx_buffer
 .bss.GGA       0x00000000200007a8       0x64 ./Core/Usr/gps/gps_M8N.o
                0x00000000200007a8                GGA
 .bss.gpsData   0x000000002000080c       0x44 ./Core/Usr/gps/gps_M8N.o
                0x000000002000080c                gpsData
 .bss.m_touch_state
                0x0000000020000850        0x1 ./Core/Usr/lcd/lcd_touch.o
 *fill*         0x0000000020000851        0x3 
 .bss.m_last_point_ref
                0x0000000020000854        0x4 ./Core/Usr/lcd/lcd_touch.o
 .bss.lora_huart
                0x0000000020000858        0x4 ./Core/Usr/lora.o
                0x0000000020000858                lora_huart
 .bss.lora      0x000000002000085c        0x5 ./Core/Usr/lora.o
                0x000000002000085c                lora
 *fill*         0x0000000020000861        0x3 
 .bss.lora_txbuff
                0x0000000020000864        0x6 ./Core/Usr/lora.o
                0x0000000020000864                lora_txbuff
 *fill*         0x000000002000086a        0x2 
 .bss.lora_rxbuff
                0x000000002000086c        0x6 ./Core/Usr/lora.o
                0x000000002000086c                lora_rxbuff
 *fill*         0x0000000020000872        0x2 
 .bss.lora_param
                0x0000000020000874        0x6 ./Core/Usr/lora.o
                0x0000000020000874                lora_param
 .bss.lora_dummy_rxbuff
                0x000000002000087a        0x1 ./Core/Usr/lora.o
                0x000000002000087a                lora_dummy_rxbuff
 .bss.aux       0x000000002000087b        0x1 ./Core/Usr/lora.o
                0x000000002000087b                aux
 .bss.delay.0   0x000000002000087c        0x4 ./Core/Usr/lora.o
 .bss.server_huart
                0x0000000020000880        0x4 ./Core/Usr/server.o
                0x0000000020000880                server_huart
 .bss.rxbuff    0x0000000020000884        0x5 ./Core/Usr/server.o
                0x0000000020000884                rxbuff
 .bss.callback_flag
                0x0000000020000889        0x1 ./Core/Usr/server.o
                0x0000000020000889                callback_flag
 .bss.init_flag
                0x000000002000088a        0x1 ./Core/Usr/server.o
                0x000000002000088a                init_flag
 .bss.restart_flag
                0x000000002000088b        0x1 ./Core/Usr/server.o
                0x000000002000088b                restart_flag
 .bss.server_status
                0x000000002000088c        0x1 ./Core/Usr/server.o
                0x000000002000088c                server_status
 *fill*         0x000000002000088d        0x3 
 .bss.uwTick    0x0000000020000890        0x4 ./Drivers/STM32F4xx_HAL_Driver/Src/stm32f4xx_hal.o
                0x0000000020000890                uwTick
 .bss.__sf      0x0000000020000894      0x138 /opt/st/stm32cubeide_1.13.0/plugins/com.st.stm32cube.ide.mcu.externaltools.gnu-tools-for-stm32.11.3.rel1.linux64_1.1.0.202305231506/tools/bin/../lib/gcc/arm-none-eabi/11.3.1/../../../../arm-none-eabi/lib/thumb/v7e-m+fp/hard/libc_nano.a(libc_a-findfp.o)
                0x0000000020000894                __sf
 *(COMMON)
                0x00000000200009cc                . = ALIGN (0x4)
                0x00000000200009cc                _ebss = .
                0x00000000200009cc                __bss_end__ = _ebss

._user_heap_stack
                0x00000000200009cc      0x604 load address 0x00000000080073a0
                0x00000000200009d0                . = ALIGN (0x8)
 *fill*         0x00000000200009cc        0x4 
                [!provide]                        PROVIDE (end = .)
                0x00000000200009d0                PROVIDE (_end = .)
                0x0000000020000bd0                . = (. + _Min_Heap_Size)
 *fill*         0x00000000200009d0      0x200 
                0x0000000020000fd0                . = (. + _Min_Stack_Size)
 *fill*         0x0000000020000bd0      0x400 
                0x0000000020000fd0                . = ALIGN (0x8)

/DISCARD/
 libc.a(*)
 libm.a(*)
 libgcc.a(*)

.ARM.attributes
                0x0000000000000000       0x30
 *(.ARM.attributes)
 .ARM.attributes
                0x0000000000000000       0x1e /opt/st/stm32cubeide_1.13.0/plugins/com.st.stm32cube.ide.mcu.externaltools.gnu-tools-for-stm32.11.3.rel1.linux64_1.1.0.202305231506/tools/bin/../lib/gcc/arm-none-eabi/11.3.1/thumb/v7e-m+fp/hard/crti.o
 .ARM.attributes
                0x000000000000001e       0x34 /opt/st/stm32cubeide_1.13.0/plugins/com.st.stm32cube.ide.mcu.externaltools.gnu-tools-for-stm32.11.3.rel1.linux64_1.1.0.202305231506/tools/bin/../lib/gcc/arm-none-eabi/11.3.1/thumb/v7e-m+fp/hard/crtbegin.o
 .ARM.attributes
                0x0000000000000052       0x34 ./Core/Src/adc.o
 .ARM.attributes
                0x0000000000000086       0x34 ./Core/Src/dma.o
 .ARM.attributes
                0x00000000000000ba       0x34 ./Core/Src/gpio.o
 .ARM.attributes
                0x00000000000000ee       0x34 ./Core/Src/main.o
 .ARM.attributes
                0x0000000000000122       0x34 ./Core/Src/stm32f4xx_hal_msp.o
 .ARM.attributes
                0x0000000000000156       0x34 ./Core/Src/stm32f4xx_it.o
 .ARM.attributes
                0x000000000000018a       0x34 ./Core/Src/system_stm32f4xx.o
 .ARM.attributes
                0x00000000000001be       0x34 ./Core/Src/tim.o
 .ARM.attributes
                0x00000000000001f2       0x34 ./Core/Src/usart.o
 .ARM.attributes
                0x0000000000000226       0x21 ./Core/Startup/startup_stm32f401cdux.o
 .ARM.attributes
                0x0000000000000247       0x34 ./Core/Usr/gps/NMEA.o
 .ARM.attributes
                0x000000000000027b       0x34 ./Core/Usr/gps/UartRingbuffer.o
 .ARM.attributes
                0x00000000000002af       0x34 ./Core/Usr/gps/gps_M8N.o
 .ARM.attributes
                0x00000000000002e3       0x34 ./Core/Usr/lcd/lcd_touch.o
 .ARM.attributes
                0x0000000000000317       0x34 ./Core/Usr/lora.o
 .ARM.attributes
                0x000000000000034b       0x34 ./Core/Usr/server.o
 .ARM.attributes
                0x000000000000037f       0x34 ./Drivers/STM32F4xx_HAL_Driver/Src/stm32f4xx_hal.o
 .ARM.attributes
                0x00000000000003b3       0x34 ./Drivers/STM32F4xx_HAL_Driver/Src/stm32f4xx_hal_adc.o
 .ARM.attributes
                0x00000000000003e7       0x34 ./Drivers/STM32F4xx_HAL_Driver/Src/stm32f4xx_hal_cortex.o
 .ARM.attributes
                0x000000000000041b       0x34 ./Drivers/STM32F4xx_HAL_Driver/Src/stm32f4xx_hal_dma.o
 .ARM.attributes
                0x000000000000044f       0x34 ./Drivers/STM32F4xx_HAL_Driver/Src/stm32f4xx_hal_gpio.o
 .ARM.attributes
                0x0000000000000483       0x34 ./Drivers/STM32F4xx_HAL_Driver/Src/stm32f4xx_hal_rcc.o
 .ARM.attributes
                0x00000000000004b7       0x34 ./Drivers/STM32F4xx_HAL_Driver/Src/stm32f4xx_hal_tim.o
 .ARM.attributes
                0x00000000000004eb       0x34 ./Drivers/STM32F4xx_HAL_Driver/Src/stm32f4xx_hal_tim_ex.o
 .ARM.attributes
                0x000000000000051f       0x34 ./Drivers/STM32F4xx_HAL_Driver/Src/stm32f4xx_hal_uart.o
 .ARM.attributes
                0x0000000000000553       0x34 /opt/st/stm32cubeide_1.13.0/plugins/com.st.stm32cube.ide.mcu.externaltools.gnu-tools-for-stm32.11.3.rel1.linux64_1.1.0.202305231506/tools/bin/../lib/gcc/arm-none-eabi/11.3.1/../../../../arm-none-eabi/lib/thumb/v7e-m+fp/hard/libc_nano.a(libc_a-atoi.o)
 .ARM.attributes
                0x0000000000000587       0x34 /opt/st/stm32cubeide_1.13.0/plugins/com.st.stm32cube.ide.mcu.externaltools.gnu-tools-for-stm32.11.3.rel1.linux64_1.1.0.202305231506/tools/bin/../lib/gcc/arm-none-eabi/11.3.1/../../../../arm-none-eabi/lib/thumb/v7e-m+fp/hard/libc_nano.a(libc_a-strtol.o)
 .ARM.attributes
                0x00000000000005bb       0x34 /opt/st/stm32cubeide_1.13.0/plugins/com.st.stm32cube.ide.mcu.externaltools.gnu-tools-for-stm32.11.3.rel1.linux64_1.1.0.202305231506/tools/bin/../lib/gcc/arm-none-eabi/11.3.1/../../../../arm-none-eabi/lib/thumb/v7e-m+fp/hard/libc_nano.a(libc_a-ctype_.o)
 .ARM.attributes
                0x00000000000005ef       0x34 /opt/st/stm32cubeide_1.13.0/plugins/com.st.stm32cube.ide.mcu.externaltools.gnu-tools-for-stm32.11.3.rel1.linux64_1.1.0.202305231506/tools/bin/../lib/gcc/arm-none-eabi/11.3.1/../../../../arm-none-eabi/lib/thumb/v7e-m+fp/hard/libc_nano.a(libc_a-findfp.o)
 .ARM.attributes
                0x0000000000000623       0x34 /opt/st/stm32cubeide_1.13.0/plugins/com.st.stm32cube.ide.mcu.externaltools.gnu-tools-for-stm32.11.3.rel1.linux64_1.1.0.202305231506/tools/bin/../lib/gcc/arm-none-eabi/11.3.1/../../../../arm-none-eabi/lib/thumb/v7e-m+fp/hard/libc_nano.a(libc_a-memset.o)
 .ARM.attributes
                0x0000000000000657       0x34 /opt/st/stm32cubeide_1.13.0/plugins/com.st.stm32cube.ide.mcu.externaltools.gnu-tools-for-stm32.11.3.rel1.linux64_1.1.0.202305231506/tools/bin/../lib/gcc/arm-none-eabi/11.3.1/../../../../arm-none-eabi/lib/thumb/v7e-m+fp/hard/libc_nano.a(libc_a-impure.o)
 .ARM.attributes
                0x000000000000068b       0x34 /opt/st/stm32cubeide_1.13.0/plugins/com.st.stm32cube.ide.mcu.externaltools.gnu-tools-for-stm32.11.3.rel1.linux64_1.1.0.202305231506/tools/bin/../lib/gcc/arm-none-eabi/11.3.1/../../../../arm-none-eabi/lib/thumb/v7e-m+fp/hard/libc_nano.a(libc_a-errno.o)
 .ARM.attributes
                0x00000000000006bf       0x34 /opt/st/stm32cubeide_1.13.0/plugins/com.st.stm32cube.ide.mcu.externaltools.gnu-tools-for-stm32.11.3.rel1.linux64_1.1.0.202305231506/tools/bin/../lib/gcc/arm-none-eabi/11.3.1/../../../../arm-none-eabi/lib/thumb/v7e-m+fp/hard/libc_nano.a(libc_a-init.o)
 .ARM.attributes
                0x00000000000006f3       0x17 /opt/st/stm32cubeide_1.13.0/plugins/com.st.stm32cube.ide.mcu.externaltools.gnu-tools-for-stm32.11.3.rel1.linux64_1.1.0.202305231506/tools/bin/../lib/gcc/arm-none-eabi/11.3.1/../../../../arm-none-eabi/lib/thumb/v7e-m+fp/hard/libc_nano.a(libc_a-strlen.o)
 .ARM.attributes
                0x000000000000070a       0x34 /opt/st/stm32cubeide_1.13.0/plugins/com.st.stm32cube.ide.mcu.externaltools.gnu-tools-for-stm32.11.3.rel1.linux64_1.1.0.202305231506/tools/bin/../lib/gcc/arm-none-eabi/11.3.1/../../../../arm-none-eabi/lib/thumb/v7e-m+fp/hard/libm.a(libm_a-w_pow.o)
 .ARM.attributes
                0x000000000000073e       0x34 /opt/st/stm32cubeide_1.13.0/plugins/com.st.stm32cube.ide.mcu.externaltools.gnu-tools-for-stm32.11.3.rel1.linux64_1.1.0.202305231506/tools/bin/../lib/gcc/arm-none-eabi/11.3.1/../../../../arm-none-eabi/lib/thumb/v7e-m+fp/hard/libm.a(libm_a-s_finite.o)
 .ARM.attributes
                0x0000000000000772       0x34 /opt/st/stm32cubeide_1.13.0/plugins/com.st.stm32cube.ide.mcu.externaltools.gnu-tools-for-stm32.11.3.rel1.linux64_1.1.0.202305231506/tools/bin/../lib/gcc/arm-none-eabi/11.3.1/../../../../arm-none-eabi/lib/thumb/v7e-m+fp/hard/libm.a(libm_a-e_pow.o)
 .ARM.attributes
                0x00000000000007a6       0x34 /opt/st/stm32cubeide_1.13.0/plugins/com.st.stm32cube.ide.mcu.externaltools.gnu-tools-for-stm32.11.3.rel1.linux64_1.1.0.202305231506/tools/bin/../lib/gcc/arm-none-eabi/11.3.1/../../../../arm-none-eabi/lib/thumb/v7e-m+fp/hard/libm.a(libm_a-s_fabs.o)
 .ARM.attributes
                0x00000000000007da       0x34 /opt/st/stm32cubeide_1.13.0/plugins/com.st.stm32cube.ide.mcu.externaltools.gnu-tools-for-stm32.11.3.rel1.linux64_1.1.0.202305231506/tools/bin/../lib/gcc/arm-none-eabi/11.3.1/../../../../arm-none-eabi/lib/thumb/v7e-m+fp/hard/libm.a(libm_a-s_scalbn.o)
 .ARM.attributes
                0x000000000000080e       0x34 /opt/st/stm32cubeide_1.13.0/plugins/com.st.stm32cube.ide.mcu.externaltools.gnu-tools-for-stm32.11.3.rel1.linux64_1.1.0.202305231506/tools/bin/../lib/gcc/arm-none-eabi/11.3.1/../../../../arm-none-eabi/lib/thumb/v7e-m+fp/hard/libm.a(libm_a-math_err.o)
 .ARM.attributes
                0x0000000000000842       0x34 /opt/st/stm32cubeide_1.13.0/plugins/com.st.stm32cube.ide.mcu.externaltools.gnu-tools-for-stm32.11.3.rel1.linux64_1.1.0.202305231506/tools/bin/../lib/gcc/arm-none-eabi/11.3.1/../../../../arm-none-eabi/lib/thumb/v7e-m+fp/hard/libm.a(libm_a-e_sqrt.o)
 .ARM.attributes
                0x0000000000000876       0x1e /opt/st/stm32cubeide_1.13.0/plugins/com.st.stm32cube.ide.mcu.externaltools.gnu-tools-for-stm32.11.3.rel1.linux64_1.1.0.202305231506/tools/bin/../lib/gcc/arm-none-eabi/11.3.1/thumb/v7e-m+fp/hard/libgcc.a(_arm_addsubdf3.o)
 .ARM.attributes
                0x0000000000000894       0x1e /opt/st/stm32cubeide_1.13.0/plugins/com.st.stm32cube.ide.mcu.externaltools.gnu-tools-for-stm32.11.3.rel1.linux64_1.1.0.202305231506/tools/bin/../lib/gcc/arm-none-eabi/11.3.1/thumb/v7e-m+fp/hard/libgcc.a(_arm_muldivdf3.o)
 .ARM.attributes
                0x00000000000008b2       0x1e /opt/st/stm32cubeide_1.13.0/plugins/com.st.stm32cube.ide.mcu.externaltools.gnu-tools-for-stm32.11.3.rel1.linux64_1.1.0.202305231506/tools/bin/../lib/gcc/arm-none-eabi/11.3.1/thumb/v7e-m+fp/hard/libgcc.a(_arm_cmpdf2.o)
 .ARM.attributes
                0x00000000000008d0       0x1e /opt/st/stm32cubeide_1.13.0/plugins/com.st.stm32cube.ide.mcu.externaltools.gnu-tools-for-stm32.11.3.rel1.linux64_1.1.0.202305231506/tools/bin/../lib/gcc/arm-none-eabi/11.3.1/thumb/v7e-m+fp/hard/libgcc.a(_arm_unorddf2.o)
 .ARM.attributes
                0x00000000000008ee       0x1e /opt/st/stm32cubeide_1.13.0/plugins/com.st.stm32cube.ide.mcu.externaltools.gnu-tools-for-stm32.11.3.rel1.linux64_1.1.0.202305231506/tools/bin/../lib/gcc/arm-none-eabi/11.3.1/thumb/v7e-m+fp/hard/libgcc.a(_arm_truncdfsf2.o)
 .ARM.attributes
                0x000000000000090c       0x1e /opt/st/stm32cubeide_1.13.0/plugins/com.st.stm32cube.ide.mcu.externaltools.gnu-tools-for-stm32.11.3.rel1.linux64_1.1.0.202305231506/tools/bin/../lib/gcc/arm-none-eabi/11.3.1/thumb/v7e-m+fp/hard/libgcc.a(_aeabi_uldivmod.o)
 .ARM.attributes
                0x000000000000092a       0x34 /opt/st/stm32cubeide_1.13.0/plugins/com.st.stm32cube.ide.mcu.externaltools.gnu-tools-for-stm32.11.3.rel1.linux64_1.1.0.202305231506/tools/bin/../lib/gcc/arm-none-eabi/11.3.1/thumb/v7e-m+fp/hard/libgcc.a(_udivmoddi4.o)
 .ARM.attributes
                0x000000000000095e       0x1e /opt/st/stm32cubeide_1.13.0/plugins/com.st.stm32cube.ide.mcu.externaltools.gnu-tools-for-stm32.11.3.rel1.linux64_1.1.0.202305231506/tools/bin/../lib/gcc/arm-none-eabi/11.3.1/thumb/v7e-m+fp/hard/libgcc.a(_dvmd_tls.o)
 .ARM.attributes
                0x000000000000097c       0x1e /opt/st/stm32cubeide_1.13.0/plugins/com.st.stm32cube.ide.mcu.externaltools.gnu-tools-for-stm32.11.3.rel1.linux64_1.1.0.202305231506/tools/bin/../lib/gcc/arm-none-eabi/11.3.1/thumb/v7e-m+fp/hard/crtn.o
OUTPUT(tft_lcd_2-4inch.elf elf32-littlearm)
LOAD linker stubs
LOAD /opt/st/stm32cubeide_1.13.0/plugins/com.st.stm32cube.ide.mcu.externaltools.gnu-tools-for-stm32.11.3.rel1.linux64_1.1.0.202305231506/tools/bin/../lib/gcc/arm-none-eabi/11.3.1/../../../../arm-none-eabi/lib/thumb/v7e-m+fp/hard/libc.a
LOAD /opt/st/stm32cubeide_1.13.0/plugins/com.st.stm32cube.ide.mcu.externaltools.gnu-tools-for-stm32.11.3.rel1.linux64_1.1.0.202305231506/tools/bin/../lib/gcc/arm-none-eabi/11.3.1/../../../../arm-none-eabi/lib/thumb/v7e-m+fp/hard/libm.a
LOAD /opt/st/stm32cubeide_1.13.0/plugins/com.st.stm32cube.ide.mcu.externaltools.gnu-tools-for-stm32.11.3.rel1.linux64_1.1.0.202305231506/tools/bin/../lib/gcc/arm-none-eabi/11.3.1/thumb/v7e-m+fp/hard/libgcc.a

.comment        0x0000000000000000       0x43
 .comment       0x0000000000000000       0x43 /opt/st/stm32cubeide_1.13.0/plugins/com.st.stm32cube.ide.mcu.externaltools.gnu-tools-for-stm32.11.3.rel1.linux64_1.1.0.202305231506/tools/bin/../lib/gcc/arm-none-eabi/11.3.1/thumb/v7e-m+fp/hard/crtbegin.o
                                         0x44 (size before relaxing)
 .comment       0x0000000000000043       0x44 ./Core/Src/adc.o
 .comment       0x0000000000000043       0x44 ./Core/Src/dma.o
 .comment       0x0000000000000043       0x44 ./Core/Src/gpio.o
 .comment       0x0000000000000043       0x44 ./Core/Src/main.o
 .comment       0x0000000000000043       0x44 ./Core/Src/stm32f4xx_hal_msp.o
 .comment       0x0000000000000043       0x44 ./Core/Src/stm32f4xx_it.o
 .comment       0x0000000000000043       0x44 ./Core/Src/system_stm32f4xx.o
 .comment       0x0000000000000043       0x44 ./Core/Src/tim.o
 .comment       0x0000000000000043       0x44 ./Core/Src/usart.o
 .comment       0x0000000000000043       0x44 ./Core/Usr/gps/NMEA.o
 .comment       0x0000000000000043       0x44 ./Core/Usr/gps/UartRingbuffer.o
 .comment       0x0000000000000043       0x44 ./Core/Usr/gps/gps_M8N.o
 .comment       0x0000000000000043       0x44 ./Core/Usr/lcd/lcd_touch.o
 .comment       0x0000000000000043       0x44 ./Core/Usr/lora.o
 .comment       0x0000000000000043       0x44 ./Core/Usr/server.o
 .comment       0x0000000000000043       0x44 ./Drivers/STM32F4xx_HAL_Driver/Src/stm32f4xx_hal.o
 .comment       0x0000000000000043       0x44 ./Drivers/STM32F4xx_HAL_Driver/Src/stm32f4xx_hal_adc.o
 .comment       0x0000000000000043       0x44 ./Drivers/STM32F4xx_HAL_Driver/Src/stm32f4xx_hal_cortex.o
 .comment       0x0000000000000043       0x44 ./Drivers/STM32F4xx_HAL_Driver/Src/stm32f4xx_hal_dma.o
 .comment       0x0000000000000043       0x44 ./Drivers/STM32F4xx_HAL_Driver/Src/stm32f4xx_hal_gpio.o
 .comment       0x0000000000000043       0x44 ./Drivers/STM32F4xx_HAL_Driver/Src/stm32f4xx_hal_rcc.o
 .comment       0x0000000000000043       0x44 ./Drivers/STM32F4xx_HAL_Driver/Src/stm32f4xx_hal_tim.o
 .comment       0x0000000000000043       0x44 ./Drivers/STM32F4xx_HAL_Driver/Src/stm32f4xx_hal_tim_ex.o
 .comment       0x0000000000000043       0x44 ./Drivers/STM32F4xx_HAL_Driver/Src/stm32f4xx_hal_uart.o

.debug_info     0x0000000000000000    0x123a6
 .debug_info    0x0000000000000000      0x9c6 ./Core/Src/adc.o
 .debug_info    0x00000000000009c6      0x43f ./Core/Src/dma.o
 .debug_info    0x0000000000000e05      0x433 ./Core/Src/gpio.o
 .debug_info    0x0000000000001238      0xe46 ./Core/Src/main.o
 .debug_info    0x000000000000207e      0x291 ./Core/Src/stm32f4xx_hal_msp.o
 .debug_info    0x000000000000230f      0x847 ./Core/Src/stm32f4xx_it.o
 .debug_info    0x0000000000002b56      0x53e ./Core/Src/system_stm32f4xx.o
 .debug_info    0x0000000000003094      0x9af ./Core/Src/tim.o
 .debug_info    0x0000000000003a43      0xc33 ./Core/Src/usart.o
 .debug_info    0x0000000000004676       0x23 ./Core/Startup/startup_stm32f401cdux.o
 .debug_info    0x0000000000004699      0x4c5 ./Core/Usr/gps/NMEA.o
 .debug_info    0x0000000000004b5e      0xa5d ./Core/Usr/gps/UartRingbuffer.o
 .debug_info    0x00000000000055bb      0x303 ./Core/Usr/gps/gps_M8N.o
 .debug_info    0x00000000000058be     0x106e ./Core/Usr/lcd/lcd_touch.o
 .debug_info    0x000000000000692c      0xab5 ./Core/Usr/lora.o
 .debug_info    0x00000000000073e1      0x710 ./Core/Usr/server.o
 .debug_info    0x0000000000007af1      0x8bb ./Drivers/STM32F4xx_HAL_Driver/Src/stm32f4xx_hal.o
 .debug_info    0x00000000000083ac      0xcd1 ./Drivers/STM32F4xx_HAL_Driver/Src/stm32f4xx_hal_adc.o
 .debug_info    0x000000000000907d      0xcb0 ./Drivers/STM32F4xx_HAL_Driver/Src/stm32f4xx_hal_cortex.o
 .debug_info    0x0000000000009d2d      0x8e6 ./Drivers/STM32F4xx_HAL_Driver/Src/stm32f4xx_hal_dma.o
 .debug_info    0x000000000000a613      0x6f9 ./Drivers/STM32F4xx_HAL_Driver/Src/stm32f4xx_hal_gpio.o
 .debug_info    0x000000000000ad0c      0x8f3 ./Drivers/STM32F4xx_HAL_Driver/Src/stm32f4xx_hal_rcc.o
 .debug_info    0x000000000000b5ff     0x2941 ./Drivers/STM32F4xx_HAL_Driver/Src/stm32f4xx_hal_tim.o
 .debug_info    0x000000000000df40     0x14a7 ./Drivers/STM32F4xx_HAL_Driver/Src/stm32f4xx_hal_tim_ex.o
 .debug_info    0x000000000000f3e7     0x2fbf ./Drivers/STM32F4xx_HAL_Driver/Src/stm32f4xx_hal_uart.o

.debug_abbrev   0x0000000000000000     0x3316
 .debug_abbrev  0x0000000000000000      0x1f2 ./Core/Src/adc.o
 .debug_abbrev  0x00000000000001f2      0x10e ./Core/Src/dma.o
 .debug_abbrev  0x0000000000000300      0x151 ./Core/Src/gpio.o
 .debug_abbrev  0x0000000000000451      0x2ac ./Core/Src/main.o
 .debug_abbrev  0x00000000000006fd       0xd8 ./Core/Src/stm32f4xx_hal_msp.o
 .debug_abbrev  0x00000000000007d5      0x242 ./Core/Src/stm32f4xx_it.o
 .debug_abbrev  0x0000000000000a17      0x11a ./Core/Src/system_stm32f4xx.o
 .debug_abbrev  0x0000000000000b31      0x1e4 ./Core/Src/tim.o
 .debug_abbrev  0x0000000000000d15      0x25c ./Core/Src/usart.o
 .debug_abbrev  0x0000000000000f71       0x12 ./Core/Startup/startup_stm32f401cdux.o
 .debug_abbrev  0x0000000000000f83      0x196 ./Core/Usr/gps/NMEA.o
 .debug_abbrev  0x0000000000001119      0x377 ./Core/Usr/gps/UartRingbuffer.o
 .debug_abbrev  0x0000000000001490       0xeb ./Core/Usr/gps/gps_M8N.o
 .debug_abbrev  0x000000000000157b      0x305 ./Core/Usr/lcd/lcd_touch.o
 .debug_abbrev  0x0000000000001880      0x268 ./Core/Usr/lora.o
 .debug_abbrev  0x0000000000001ae8      0x1d7 ./Core/Usr/server.o
 .debug_abbrev  0x0000000000001cbf      0x24b ./Drivers/STM32F4xx_HAL_Driver/Src/stm32f4xx_hal.o
 .debug_abbrev  0x0000000000001f0a      0x20e ./Drivers/STM32F4xx_HAL_Driver/Src/stm32f4xx_hal_adc.o
 .debug_abbrev  0x0000000000002118      0x327 ./Drivers/STM32F4xx_HAL_Driver/Src/stm32f4xx_hal_cortex.o
 .debug_abbrev  0x000000000000243f      0x221 ./Drivers/STM32F4xx_HAL_Driver/Src/stm32f4xx_hal_dma.o
 .debug_abbrev  0x0000000000002660      0x1d3 ./Drivers/STM32F4xx_HAL_Driver/Src/stm32f4xx_hal_gpio.o
 .debug_abbrev  0x0000000000002833      0x2b5 ./Drivers/STM32F4xx_HAL_Driver/Src/stm32f4xx_hal_rcc.o
 .debug_abbrev  0x0000000000002ae8      0x284 ./Drivers/STM32F4xx_HAL_Driver/Src/stm32f4xx_hal_tim.o
 .debug_abbrev  0x0000000000002d6c      0x28f ./Drivers/STM32F4xx_HAL_Driver/Src/stm32f4xx_hal_tim_ex.o
 .debug_abbrev  0x0000000000002ffb      0x31b ./Drivers/STM32F4xx_HAL_Driver/Src/stm32f4xx_hal_uart.o

.debug_aranges  0x0000000000000000      0xff8
 .debug_aranges
                0x0000000000000000       0x30 ./Core/Src/adc.o
 .debug_aranges
                0x0000000000000030       0x20 ./Core/Src/dma.o
 .debug_aranges
                0x0000000000000050       0x20 ./Core/Src/gpio.o
 .debug_aranges
                0x0000000000000070       0x40 ./Core/Src/main.o
 .debug_aranges
                0x00000000000000b0       0x20 ./Core/Src/stm32f4xx_hal_msp.o
 .debug_aranges
                0x00000000000000d0       0xa0 ./Core/Src/stm32f4xx_it.o
 .debug_aranges
                0x0000000000000170       0x28 ./Core/Src/system_stm32f4xx.o
 .debug_aranges
                0x0000000000000198       0x30 ./Core/Src/tim.o
 .debug_aranges
                0x00000000000001c8       0x40 ./Core/Src/usart.o
 .debug_aranges
                0x0000000000000208       0x28 ./Core/Startup/startup_stm32f401cdux.o
 .debug_aranges
                0x0000000000000230       0x28 ./Core/Usr/gps/NMEA.o
 .debug_aranges
                0x0000000000000258       0x88 ./Core/Usr/gps/UartRingbuffer.o
 .debug_aranges
                0x00000000000002e0       0x20 ./Core/Usr/gps/gps_M8N.o
 .debug_aranges
                0x0000000000000300       0x98 ./Core/Usr/lcd/lcd_touch.o
 .debug_aranges
                0x0000000000000398       0x90 ./Core/Usr/lora.o
 .debug_aranges
                0x0000000000000428       0x38 ./Core/Usr/server.o
 .debug_aranges
                0x0000000000000460       0xf0 ./Drivers/STM32F4xx_HAL_Driver/Src/stm32f4xx_hal.o
 .debug_aranges
                0x0000000000000550       0xe8 ./Drivers/STM32F4xx_HAL_Driver/Src/stm32f4xx_hal_adc.o
 .debug_aranges
                0x0000000000000638      0x118 ./Drivers/STM32F4xx_HAL_Driver/Src/stm32f4xx_hal_cortex.o
 .debug_aranges
                0x0000000000000750       0x90 ./Drivers/STM32F4xx_HAL_Driver/Src/stm32f4xx_hal_dma.o
 .debug_aranges
                0x00000000000007e0       0x58 ./Drivers/STM32F4xx_HAL_Driver/Src/stm32f4xx_hal_gpio.o
 .debug_aranges
                0x0000000000000838       0x88 ./Drivers/STM32F4xx_HAL_Driver/Src/stm32f4xx_hal_rcc.o
 .debug_aranges
                0x00000000000008c0      0x3d0 ./Drivers/STM32F4xx_HAL_Driver/Src/stm32f4xx_hal_tim.o
 .debug_aranges
                0x0000000000000c90      0x168 ./Drivers/STM32F4xx_HAL_Driver/Src/stm32f4xx_hal_tim_ex.o
 .debug_aranges
                0x0000000000000df8      0x200 ./Drivers/STM32F4xx_HAL_Driver/Src/stm32f4xx_hal_uart.o

.debug_rnglists
                0x0000000000000000      0xc55
 .debug_rnglists
                0x0000000000000000       0x21 ./Core/Src/adc.o
 .debug_rnglists
                0x0000000000000021       0x13 ./Core/Src/dma.o
 .debug_rnglists
                0x0000000000000034       0x14 ./Core/Src/gpio.o
 .debug_rnglists
                0x0000000000000048       0x2c ./Core/Src/main.o
 .debug_rnglists
                0x0000000000000074       0x13 ./Core/Src/stm32f4xx_hal_msp.o
 .debug_rnglists
                0x0000000000000087       0x73 ./Core/Src/stm32f4xx_it.o
 .debug_rnglists
                0x00000000000000fa       0x1a ./Core/Src/system_stm32f4xx.o
 .debug_rnglists
                0x0000000000000114       0x20 ./Core/Src/tim.o
 .debug_rnglists
                0x0000000000000134       0x2d ./Core/Src/usart.o
 .debug_rnglists
                0x0000000000000161       0x19 ./Core/Startup/startup_stm32f401cdux.o
 .debug_rnglists
                0x000000000000017a       0x1b ./Core/Usr/gps/NMEA.o
 .debug_rnglists
                0x0000000000000195       0x72 ./Core/Usr/gps/UartRingbuffer.o
 .debug_rnglists
                0x0000000000000207       0x13 ./Core/Usr/gps/gps_M8N.o
 .debug_rnglists
                0x000000000000021a       0x71 ./Core/Usr/lcd/lcd_touch.o
 .debug_rnglists
                0x000000000000028b       0x68 ./Core/Usr/lora.o
 .debug_rnglists
                0x00000000000002f3       0x25 ./Core/Usr/server.o
 .debug_rnglists
                0x0000000000000318       0xaf ./Drivers/STM32F4xx_HAL_Driver/Src/stm32f4xx_hal.o
 .debug_rnglists
                0x00000000000003c7       0xb5 ./Drivers/STM32F4xx_HAL_Driver/Src/stm32f4xx_hal_adc.o
 .debug_rnglists
                0x000000000000047c       0xce ./Drivers/STM32F4xx_HAL_Driver/Src/stm32f4xx_hal_cortex.o
 .debug_rnglists
                0x000000000000054a       0x70 ./Drivers/STM32F4xx_HAL_Driver/Src/stm32f4xx_hal_dma.o
 .debug_rnglists
                0x00000000000005ba       0x3f ./Drivers/STM32F4xx_HAL_Driver/Src/stm32f4xx_hal_gpio.o
 .debug_rnglists
                0x00000000000005f9       0x66 ./Drivers/STM32F4xx_HAL_Driver/Src/stm32f4xx_hal_rcc.o
 .debug_rnglists
                0x000000000000065f      0x31a ./Drivers/STM32F4xx_HAL_Driver/Src/stm32f4xx_hal_tim.o
 .debug_rnglists
                0x0000000000000979      0x125 ./Drivers/STM32F4xx_HAL_Driver/Src/stm32f4xx_hal_tim_ex.o
 .debug_rnglists
                0x0000000000000a9e      0x1b7 ./Drivers/STM32F4xx_HAL_Driver/Src/stm32f4xx_hal_uart.o

.debug_macro    0x0000000000000000    0x188d3
 .debug_macro   0x0000000000000000      0x20a ./Core/Src/adc.o
 .debug_macro   0x000000000000020a      0xaa8 ./Core/Src/adc.o
 .debug_macro   0x0000000000000cb2      0x2a1 ./Core/Src/adc.o
 .debug_macro   0x0000000000000f53       0x2e ./Core/Src/adc.o
 .debug_macro   0x0000000000000f81       0x28 ./Core/Src/adc.o
 .debug_macro   0x0000000000000fa9       0x22 ./Core/Src/adc.o
 .debug_macro   0x0000000000000fcb       0x8e ./Core/Src/adc.o
 .debug_macro   0x0000000000001059       0x51 ./Core/Src/adc.o
 .debug_macro   0x00000000000010aa      0x103 ./Core/Src/adc.o
 .debug_macro   0x00000000000011ad       0x6a ./Core/Src/adc.o
 .debug_macro   0x0000000000001217      0x1df ./Core/Src/adc.o
 .debug_macro   0x00000000000013f6       0x1c ./Core/Src/adc.o
 .debug_macro   0x0000000000001412       0x22 ./Core/Src/adc.o
 .debug_macro   0x0000000000001434       0xd9 ./Core/Src/adc.o
 .debug_macro   0x000000000000150d     0x102d ./Core/Src/adc.o
 .debug_macro   0x000000000000253a      0x11f ./Core/Src/adc.o
 .debug_macro   0x0000000000002659     0xb86c ./Core/Src/adc.o
 .debug_macro   0x000000000000dec5       0x6d ./Core/Src/adc.o
 .debug_macro   0x000000000000df32     0x367e ./Core/Src/adc.o
 .debug_macro   0x00000000000115b0      0x174 ./Core/Src/adc.o
 .debug_macro   0x0000000000011724       0x5c ./Core/Src/adc.o
 .debug_macro   0x0000000000011780      0x416 ./Core/Src/adc.o
 .debug_macro   0x0000000000011b96      0x9fe ./Core/Src/adc.o
 .debug_macro   0x0000000000012594      0x115 ./Core/Src/adc.o
 .debug_macro   0x00000000000126a9       0xf8 ./Core/Src/adc.o
 .debug_macro   0x00000000000127a1       0xa5 ./Core/Src/adc.o
 .debug_macro   0x0000000000012846      0x15f ./Core/Src/adc.o
 .debug_macro   0x00000000000129a5      0x287 ./Core/Src/adc.o
 .debug_macro   0x0000000000012c2c       0x5f ./Core/Src/adc.o
 .debug_macro   0x0000000000012c8b      0x236 ./Core/Src/adc.o
 .debug_macro   0x0000000000012ec1      0x9e1 ./Core/Src/adc.o
 .debug_macro   0x00000000000138a2      0x38b ./Core/Src/adc.o
 .debug_macro   0x0000000000013c2d      0x176 ./Core/Src/adc.o
 .debug_macro   0x0000000000013da3       0xf9 ./Core/Src/adc.o
 .debug_macro   0x0000000000013e9c      0x132 ./Core/Src/adc.o
 .debug_macro   0x0000000000013fce      0x264 ./Core/Src/adc.o
 .debug_macro   0x0000000000014232       0x2e ./Core/Src/adc.o
 .debug_macro   0x0000000000014260      0x11a ./Core/Src/adc.o
 .debug_macro   0x000000000001437a       0x85 ./Core/Src/adc.o
 .debug_macro   0x00000000000143ff       0x89 ./Core/Src/adc.o
 .debug_macro   0x0000000000014488      0x8e6 ./Core/Src/adc.o
 .debug_macro   0x0000000000014d6e       0x47 ./Core/Src/adc.o
 .debug_macro   0x0000000000014db5      0x295 ./Core/Src/adc.o
 .debug_macro   0x000000000001504a      0x126 ./Core/Src/adc.o
 .debug_macro   0x0000000000015170      0x20a ./Core/Src/dma.o
 .debug_macro   0x000000000001537a      0x20a ./Core/Src/gpio.o
 .debug_macro   0x0000000000015584      0x29e ./Core/Src/main.o
 .debug_macro   0x0000000000015822       0xd1 ./Core/Src/main.o
 .debug_macro   0x00000000000158f3       0x64 ./Core/Src/main.o
 .debug_macro   0x0000000000015957       0x3a ./Core/Src/main.o
 .debug_macro   0x0000000000015991       0x16 ./Core/Src/main.o
 .debug_macro   0x00000000000159a7       0x40 ./Core/Src/main.o
 .debug_macro   0x00000000000159e7       0x10 ./Core/Src/main.o
 .debug_macro   0x00000000000159f7      0x200 ./Core/Src/stm32f4xx_hal_msp.o
 .debug_macro   0x0000000000015bf7      0x213 ./Core/Src/stm32f4xx_it.o
 .debug_macro   0x0000000000015e0a      0x1f6 ./Core/Src/system_stm32f4xx.o
 .debug_macro   0x0000000000016000      0x20a ./Core/Src/tim.o
 .debug_macro   0x000000000001620a      0x20a ./Core/Src/usart.o
 .debug_macro   0x0000000000016414      0x181 ./Core/Usr/gps/NMEA.o
 .debug_macro   0x0000000000016595       0x61 ./Core/Usr/gps/NMEA.o
 .debug_macro   0x00000000000165f6      0x10e ./Core/Usr/gps/NMEA.o
 .debug_macro   0x0000000000016704       0x8d ./Core/Usr/gps/NMEA.o
 .debug_macro   0x0000000000016791       0x16 ./Core/Usr/gps/NMEA.o
 .debug_macro   0x00000000000167a7       0x20 ./Core/Usr/gps/NMEA.o
 .debug_macro   0x00000000000167c7      0x19b ./Core/Usr/gps/NMEA.o
 .debug_macro   0x0000000000016962      0x2f4 ./Core/Usr/gps/UartRingbuffer.o
 .debug_macro   0x0000000000016c56       0x10 ./Core/Usr/gps/UartRingbuffer.o
 .debug_macro   0x0000000000016c66      0x22e ./Core/Usr/gps/gps_M8N.o
 .debug_macro   0x0000000000016e94      0x31f ./Core/Usr/lcd/lcd_touch.o
 .debug_macro   0x00000000000171b3       0x56 ./Core/Usr/lcd/lcd_touch.o
 .debug_macro   0x0000000000017209       0x10 ./Core/Usr/lcd/lcd_touch.o
 .debug_macro   0x0000000000017219      0x223 ./Core/Usr/lora.o
 .debug_macro   0x000000000001743c       0x3a ./Core/Usr/lora.o
 .debug_macro   0x0000000000017476      0x224 ./Core/Usr/server.o
 .debug_macro   0x000000000001769a      0x256 ./Drivers/STM32F4xx_HAL_Driver/Src/stm32f4xx_hal.o
 .debug_macro   0x00000000000178f0      0x1f7 ./Drivers/STM32F4xx_HAL_Driver/Src/stm32f4xx_hal_adc.o
 .debug_macro   0x0000000000017ae7      0x1f6 ./Drivers/STM32F4xx_HAL_Driver/Src/stm32f4xx_hal_cortex.o
 .debug_macro   0x0000000000017cdd      0x1fc ./Drivers/STM32F4xx_HAL_Driver/Src/stm32f4xx_hal_dma.o
 .debug_macro   0x0000000000017ed9      0x1fc ./Drivers/STM32F4xx_HAL_Driver/Src/stm32f4xx_hal_gpio.o
 .debug_macro   0x00000000000180d5      0x21a ./Drivers/STM32F4xx_HAL_Driver/Src/stm32f4xx_hal_rcc.o
 .debug_macro   0x00000000000182ef      0x1f7 ./Drivers/STM32F4xx_HAL_Driver/Src/stm32f4xx_hal_tim.o
 .debug_macro   0x00000000000184e6      0x1f6 ./Drivers/STM32F4xx_HAL_Driver/Src/stm32f4xx_hal_tim_ex.o
 .debug_macro   0x00000000000186dc      0x1f7 ./Drivers/STM32F4xx_HAL_Driver/Src/stm32f4xx_hal_uart.o

.debug_line     0x0000000000000000    0x14658
 .debug_line    0x0000000000000000      0x752 ./Core/Src/adc.o
 .debug_line    0x0000000000000752      0x6d4 ./Core/Src/dma.o
 .debug_line    0x0000000000000e26      0x708 ./Core/Src/gpio.o
 .debug_line    0x000000000000152e      0x8fe ./Core/Src/main.o
 .debug_line    0x0000000000001e2c      0x6d3 ./Core/Src/stm32f4xx_hal_msp.o
 .debug_line    0x00000000000024ff      0x8b8 ./Core/Src/stm32f4xx_it.o
 .debug_line    0x0000000000002db7      0x754 ./Core/Src/system_stm32f4xx.o
 .debug_line    0x000000000000350b      0x73e ./Core/Src/tim.o
 .debug_line    0x0000000000003c49      0x8ba ./Core/Src/usart.o
 .debug_line    0x0000000000004503       0x7a ./Core/Startup/startup_stm32f401cdux.o
 .debug_line    0x000000000000457d      0x9e6 ./Core/Usr/gps/NMEA.o
 .debug_line    0x0000000000004f63      0xdbf ./Core/Usr/gps/UartRingbuffer.o
 .debug_line    0x0000000000005d22      0x70b ./Core/Usr/gps/gps_M8N.o
 .debug_line    0x000000000000642d      0xab0 ./Core/Usr/lcd/lcd_touch.o
 .debug_line    0x0000000000006edd      0x913 ./Core/Usr/lora.o
 .debug_line    0x00000000000077f0      0x77e ./Core/Usr/server.o
 .debug_line    0x0000000000007f6e      0x9ba ./Drivers/STM32F4xx_HAL_Driver/Src/stm32f4xx_hal.o
 .debug_line    0x0000000000008928     0x1158 ./Drivers/STM32F4xx_HAL_Driver/Src/stm32f4xx_hal_adc.o
 .debug_line    0x0000000000009a80      0xc69 ./Drivers/STM32F4xx_HAL_Driver/Src/stm32f4xx_hal_cortex.o
 .debug_line    0x000000000000a6e9      0xf1e ./Drivers/STM32F4xx_HAL_Driver/Src/stm32f4xx_hal_dma.o
 .debug_line    0x000000000000b607      0xaf2 ./Drivers/STM32F4xx_HAL_Driver/Src/stm32f4xx_hal_gpio.o
 .debug_line    0x000000000000c0f9      0xd31 ./Drivers/STM32F4xx_HAL_Driver/Src/stm32f4xx_hal_rcc.o
 .debug_line    0x000000000000ce2a     0x3480 ./Drivers/STM32F4xx_HAL_Driver/Src/stm32f4xx_hal_tim.o
 .debug_line    0x00000000000102aa     0x1952 ./Drivers/STM32F4xx_HAL_Driver/Src/stm32f4xx_hal_tim_ex.o
 .debug_line    0x0000000000011bfc     0x2a5c ./Drivers/STM32F4xx_HAL_Driver/Src/stm32f4xx_hal_uart.o

.debug_str      0x0000000000000000    0x99da5
 .debug_str     0x0000000000000000    0x91908 ./Core/Src/adc.o
                                      0x91bfd (size before relaxing)
 .debug_str     0x0000000000091908      0x3d2 ./Core/Src/dma.o
                                      0x91a7b (size before relaxing)
 .debug_str     0x0000000000091cda       0x68 ./Core/Src/gpio.o
                                      0x9178b (size before relaxing)
 .debug_str     0x0000000000091d42      0xddc ./Core/Src/main.o
                                      0x9283e (size before relaxing)
 .debug_str     0x0000000000092b1e       0x2c ./Core/Src/stm32f4xx_hal_msp.o
                                      0x916c0 (size before relaxing)
 .debug_str     0x0000000000092b4a      0x22e ./Core/Src/stm32f4xx_it.o
                                      0x91c8d (size before relaxing)
 .debug_str     0x0000000000092d78       0xdb ./Core/Src/system_stm32f4xx.o
                                      0x91770 (size before relaxing)
 .debug_str     0x0000000000092e53      0x12d ./Core/Src/tim.o
                                      0x91d61 (size before relaxing)
 .debug_str     0x0000000000092f80       0x81 ./Core/Src/usart.o
                                      0x92080 (size before relaxing)
 .debug_str     0x0000000000093001       0x34 ./Core/Startup/startup_stm32f401cdux.o
                                         0x65 (size before relaxing)
 .debug_str     0x0000000000093035     0x3b18 ./Core/Usr/gps/NMEA.o
                                       0x7b67 (size before relaxing)
 .debug_str     0x0000000000096b4d      0x1eb ./Core/Usr/gps/UartRingbuffer.o
                                      0x94da4 (size before relaxing)
 .debug_str     0x0000000000096d38       0x50 ./Core/Usr/gps/gps_M8N.o
                                      0x916de (size before relaxing)
 .debug_str     0x0000000000096d88      0x3e3 ./Core/Usr/lcd/lcd_touch.o
                                      0x955db (size before relaxing)
 .debug_str     0x000000000009716b      0x226 ./Core/Usr/lora.o
                                      0x91de0 (size before relaxing)
 .debug_str     0x0000000000097391       0xd4 ./Core/Usr/server.o
                                      0x91b63 (size before relaxing)
 .debug_str     0x0000000000097465      0x601 ./Drivers/STM32F4xx_HAL_Driver/Src/stm32f4xx_hal.o
                                      0x92192 (size before relaxing)
 .debug_str     0x0000000000097a66      0x285 ./Drivers/STM32F4xx_HAL_Driver/Src/stm32f4xx_hal_adc.o
                                      0x91d4b (size before relaxing)
 .debug_str     0x0000000000097ceb      0x30d ./Drivers/STM32F4xx_HAL_Driver/Src/stm32f4xx_hal_cortex.o
                                      0x91eb3 (size before relaxing)
 .debug_str     0x0000000000097ff8      0x2cd ./Drivers/STM32F4xx_HAL_Driver/Src/stm32f4xx_hal_dma.o
                                      0x91b78 (size before relaxing)
 .debug_str     0x00000000000982c5       0xcb ./Drivers/STM32F4xx_HAL_Driver/Src/stm32f4xx_hal_gpio.o
                                      0x918eb (size before relaxing)
 .debug_str     0x0000000000098390      0x233 ./Drivers/STM32F4xx_HAL_Driver/Src/stm32f4xx_hal_rcc.o
                                      0x91ba4 (size before relaxing)
 .debug_str     0x00000000000985c3      0xdce ./Drivers/STM32F4xx_HAL_Driver/Src/stm32f4xx_hal_tim.o
                                      0x92ad8 (size before relaxing)
 .debug_str     0x0000000000099391      0x493 ./Drivers/STM32F4xx_HAL_Driver/Src/stm32f4xx_hal_tim_ex.o