Archive member included to satisfy reference by file (symbol)

/opt/st/stm32cubeide_1.13.0/plugins/com.st.stm32cube.ide.mcu.externaltools.gnu-tools-for-stm32.11.3.rel1.linux64_1.1.0.202305231506/tools/bin/../lib/gcc/arm-none-eabi/11.3.1/../../../../arm-none-eabi/lib/thumb/v7e-m+fp/hard/libc_nano.a(libc_a-atoi.o)
                              ./Core/Usr/gps/NMEA.o (atoi)
/opt/st/stm32cubeide_1.13.0/plugins/com.st.stm32cube.ide.mcu.externaltools.gnu-tools-for-stm32.11.3.rel1.linux64_1.1.0.202305231506/tools/bin/../lib/gcc/arm-none-eabi/11.3.1/../../../../arm-none-eabi/lib/thumb/v7e-m+fp/hard/libc_nano.a(libc_a-exit.o)
                              /opt/st/stm32cubeide_1.13.0/plugins/com.st.stm32cube.ide.mcu.externaltools.gnu-tools-for-stm32.11.3.rel1.linux64_1.1.0.202305231506/tools/bin/../lib/gcc/arm-none-eabi/11.3.1/../../../../arm-none-eabi/lib/thumb/v7e-m+fp/hard/crt0.o (exit)
/opt/st/stm32cubeide_1.13.0/plugins/com.st.stm32cube.ide.mcu.externaltools.gnu-tools-for-stm32.11.3.rel1.linux64_1.1.0.202305231506/tools/bin/../lib/gcc/arm-none-eabi/11.3.1/../../../../arm-none-eabi/lib/thumb/v7e-m+fp/hard/libc_nano.a(libc_a-strtol.o)
                              /opt/st/stm32cubeide_1.13.0/plugins/com.st.stm32cube.ide.mcu.externaltools.gnu-tools-for-stm32.11.3.rel1.linux64_1.1.0.202305231506/tools/bin/../lib/gcc/arm-none-eabi/11.3.1/../../../../arm-none-eabi/lib/thumb/v7e-m+fp/hard/libc_nano.a(libc_a-atoi.o) (_strtol_r)
/opt/st/stm32cubeide_1.13.0/plugins/com.st.stm32cube.ide.mcu.externaltools.gnu-tools-for-stm32.11.3.rel1.linux64_1.1.0.202305231506/tools/bin/../lib/gcc/arm-none-eabi/11.3.1/../../../../arm-none-eabi/lib/thumb/v7e-m+fp/hard/libc_nano.a(libc_a-ctype_.o)
                              /opt/st/stm32cubeide_1.13.0/plugins/com.st.stm32cube.ide.mcu.externaltools.gnu-tools-for-stm32.11.3.rel1.linux64_1.1.0.202305231506/tools/bin/../lib/gcc/arm-none-eabi/11.3.1/../../../../arm-none-eabi/lib/thumb/v7e-m+fp/hard/libc_nano.a(libc_a-strtol.o) (_ctype_)
/opt/st/stm32cubeide_1.13.0/plugins/com.st.stm32cube.ide.mcu.externaltools.gnu-tools-for-stm32.11.3.rel1.linux64_1.1.0.202305231506/tools/bin/../lib/gcc/arm-none-eabi/11.3.1/../../../../arm-none-eabi/lib/thumb/v7e-m+fp/hard/libc_nano.a(libc_a-nano-vfprintf_float.o)
                              (_printf_float)
/opt/st/stm32cubeide_1.13.0/plugins/com.st.stm32cube.ide.mcu.externaltools.gnu-tools-for-stm32.11.3.rel1.linux64_1.1.0.202305231506/tools/bin/../lib/gcc/arm-none-eabi/11.3.1/../../../../arm-none-eabi/lib/thumb/v7e-m+fp/hard/libc_nano.a(libc_a-nano-vfprintf_i.o)
                              /opt/st/stm32cubeide_1.13.0/plugins/com.st.stm32cube.ide.mcu.externaltools.gnu-tools-for-stm32.11.3.rel1.linux64_1.1.0.202305231506/tools/bin/../lib/gcc/arm-none-eabi/11.3.1/../../../../arm-none-eabi/lib/thumb/v7e-m+fp/hard/libc_nano.a(libc_a-nano-vfprintf_float.o) (_printf_common)
/opt/st/stm32cubeide_1.13.0/plugins/com.st.stm32cube.ide.mcu.externaltools.gnu-tools-for-stm32.11.3.rel1.linux64_1.1.0.202305231506/tools/bin/../lib/gcc/arm-none-eabi/11.3.1/../../../../arm-none-eabi/lib/thumb/v7e-m+fp/hard/libc_nano.a(libc_a-findfp.o)
                              /opt/st/stm32cubeide_1.13.0/plugins/com.st.stm32cube.ide.mcu.externaltools.gnu-tools-for-stm32.11.3.rel1.linux64_1.1.0.202305231506/tools/bin/../lib/gcc/arm-none-eabi/11.3.1/../../../../arm-none-eabi/lib/thumb/v7e-m+fp/hard/libc_nano.a(libc_a-exit.o) (__stdio_exit_handler)
/opt/st/stm32cubeide_1.13.0/plugins/com.st.stm32cube.ide.mcu.externaltools.gnu-tools-for-stm32.11.3.rel1.linux64_1.1.0.202305231506/tools/bin/../lib/gcc/arm-none-eabi/11.3.1/../../../../arm-none-eabi/lib/thumb/v7e-m+fp/hard/libc_nano.a(libc_a-fwalk.o)
                              /opt/st/stm32cubeide_1.13.0/plugins/com.st.stm32cube.ide.mcu.externaltools.gnu-tools-for-stm32.11.3.rel1.linux64_1.1.0.202305231506/tools/bin/../lib/gcc/arm-none-eabi/11.3.1/../../../../arm-none-eabi/lib/thumb/v7e-m+fp/hard/libc_nano.a(libc_a-findfp.o) (_fwalk_sglue)
/opt/st/stm32cubeide_1.13.0/plugins/com.st.stm32cube.ide.mcu.externaltools.gnu-tools-for-stm32.11.3.rel1.linux64_1.1.0.202305231506/tools/bin/../lib/gcc/arm-none-eabi/11.3.1/../../../../arm-none-eabi/lib/thumb/v7e-m+fp/hard/libc_nano.a(libc_a-stdio.o)
                              /opt/st/stm32cubeide_1.13.0/plugins/com.st.stm32cube.ide.mcu.externaltools.gnu-tools-for-stm32.11.3.rel1.linux64_1.1.0.202305231506/tools/bin/../lib/gcc/arm-none-eabi/11.3.1/../../../../arm-none-eabi/lib/thumb/v7e-m+fp/hard/libc_nano.a(libc_a-findfp.o) (__sread)
/opt/st/stm32cubeide_1.13.0/plugins/com.st.stm32cube.ide.mcu.externaltools.gnu-tools-for-stm32.11.3.rel1.linux64_1.1.0.202305231506/tools/bin/../lib/gcc/arm-none-eabi/11.3.1/../../../../arm-none-eabi/lib/thumb/v7e-m+fp/hard/libc_nano.a(libc_a-memset.o)
[...]
Memory Configuration

Name             Origin             Length             Attributes
RAM              0x0000000020000000 0x0000000000018000 xrw
FLASH            0x0000000008000000 0x0000000000060000 xr
*default*        0x0000000000000000 0xffffffffffffffff

Linker script and memory map

LOAD /opt/st/stm32cubeide_1.13.0/plugins/com.st.stm32cube.ide.mcu.externaltools.gnu-tools-for-stm32.11.3.rel1.linux64_1.1.0.202305231506/tools/bin/../lib/gcc/arm-none-eabi/11.3.1/thumb/v7e-m+fp/hard/crti.o
LOAD /opt/st/stm32cubeide_1.13.0/plugins/com.st.stm32cube.ide.mcu.externaltools.gnu-tools-for-stm32.11.3.rel1.linux64_1.1.0.202305231506/tools/bin/../lib/gcc/arm-none-eabi/11.3.1/thumb/v7e-m+fp/hard/crtbegin.o
LOAD /opt/st/stm32cubeide_1.13.0/plugins/com.st.stm32cube.ide.mcu.externaltools.gnu-tools-for-stm32.11.3.rel1.linux64_1.1.0.202305231506/tools/bin/../lib/gcc/arm-none-eabi/11.3.1/../../../../arm-none-eabi/lib/thumb/v7e-m+fp/hard/crt0.o
LOAD ./Core/Src/adc.o
LOAD ./Core/Src/dma.o
LOAD ./Core/Src/gpio.o
LOAD ./Core/Src/main.o
LOAD ./Core/Src/stm32f4xx_hal_msp.o
LOAD ./Core/Src/stm32f4xx_it.o
LOAD ./Core/Src/syscalls.o
LOAD ./Core/Src/sysmem.o
LOAD ./Core/Src/system_stm32f4xx.o
LOAD ./Core/Src/tim.o
LOAD ./Core/Src/usart.o
LOAD ./Core/Startup/startup_stm32f401cdux.o
LOAD ./Core/Usr/gps/NMEA.o
LOAD ./Core/Usr/gps/UartRingbuffer.o
LOAD ./Core/Usr/gps/gps_M8N.o
LOAD ./Core/Usr/lcd/fonts.o
LOAD ./Core/Usr/lcd/lcd_module.o
LOAD ./Core/Usr/lcd/lcd_touch.o
LOAD ./Core/Usr/lcd/tft.o
LOAD ./Core/Usr/lora.o
LOAD ./Core/Usr/server.o
LOAD ./Drivers/STM32F4xx_HAL_Driver/Src/stm32f4xx_hal.o
LOAD ./Drivers/STM32F4xx_HAL_Driver/Src/stm32f4xx_hal_adc.o
LOAD ./Drivers/STM32F4xx_HAL_Driver/Src/stm32f4xx_hal_adc_ex.o
LOAD ./Drivers/STM32F4xx_HAL_Driver/Src/stm32f4xx_hal_cortex.o
LOAD ./Drivers/STM32F4xx_HAL_Driver/Src/stm32f4xx_hal_dma.o
LOAD ./Drivers/STM32F4xx_HAL_Driver/Src/stm32f4xx_hal_dma_ex.o
LOAD ./Drivers/STM32F4xx_HAL_Driver/Src/stm32f4xx_hal_exti.o
LOAD ./Drivers/STM32F4xx_HAL_Driver/Src/stm32f4xx_hal_flash.o
LOAD ./Drivers/STM32F4xx_HAL_Driver/Src/stm32f4xx_hal_flash_ex.o
LOAD ./Drivers/STM32F4xx_HAL_Driver/Src/stm32f4xx_hal_flash_ramfunc.o
LOAD ./Drivers/STM32F4xx_HAL_Driver/Src/stm32f4xx_hal_gpio.o
LOAD ./Drivers/STM32F4xx_HAL_Driver/Src/stm32f4xx_hal_pwr.o
LOAD ./Drivers/STM32F4xx_HAL_Driver/Src/stm32f4xx_hal_pwr_ex.o
LOAD ./Drivers/STM32F4xx_HAL_Driver/Src/stm32f4xx_hal_rcc.o
LOAD ./Drivers/STM32F4xx_HAL_Driver/Src/stm32f4xx_hal_rcc_ex.o
LOAD ./Drivers/STM32F4xx_HAL_Driver/Src/stm32f4xx_hal_tim.o
LOAD ./Drivers/STM32F4xx_HAL_Driver/Src/stm32f4xx_hal_tim_ex.o
LOAD ./Drivers/STM32F4xx_HAL_Driver/Src/stm32f4xx_hal_uart.o
LOAD ./Drivers/STM32F4xx_HAL_Driver/Src/stm32f4xx_ll_adc.o
START GROUP
LOAD /opt/st/stm32cubeide_1.13.0/plugins/com.st.stm32cube.ide.mcu.externaltools.gnu-tools-for-stm32.11.3.rel1.linux64_1.1.0.202305231506/tools/bin/../lib/gcc/arm-none-eabi/11.3.1/../../../../arm-none-eabi/lib/thumb/v7e-m+fp/hard/libc_nano.a
LOAD /opt/st/stm32cubeide_1.13.0/plugins/com.st.stm32cube.ide.mcu.externaltools.gnu-tools-for-stm32.11.3.rel1.linux64_1.1.0.202305231506/tools/bin/../lib/gcc/arm-none-eabi/11.3.1/../../../../arm-none-eabi/lib/thumb/v7e-m+fp/hard/libm.a
END GROUP
START GROUP
LOAD /opt/st/stm32cubeide_1.13.0/plugins/com.st.stm32cube.ide.mcu.externaltools.gnu-tools-for-stm32.11.3.rel1.linux64_1.1.0.202305231506/tools/bin/../lib/gcc/arm-none-eabi/11.3.1/thumb/v7e-m+fp/hard/libgcc.a
LOAD /opt/st/stm32cubeide_1.13.0/plugins/com.st.stm32cube.ide.mcu.externaltools.gnu-tools-for-stm32.11.3.rel1.linux64_1.1.0.202305231506/tools/bin/../lib/gcc/arm-none-eabi/11.3.1/../../../../arm-none-eabi/lib/thumb/v7e-m+fp/hard/libc_nano.a
END GROUP
START GROUP
LOAD /opt/st/stm32cubeide_1.13.0/plugins/com.st.stm32cube.ide.mcu.externaltools.gnu-tools-for-stm32.11.3.rel1.linux64_1.1.0.202305231506/tools/bin/../lib/gcc/arm-none-eabi/11.3.1/thumb/v7e-m+fp/hard/libgcc.a
LOAD /opt/st/stm32cubeide_1.13.0/plugins/com.st.stm32cube.ide.mcu.externaltools.gnu-tools-for-stm32.11.3.rel1.linux64_1.1.0.202305231506/tools/bin/../lib/gcc/arm-none-eabi/11.3.1/../../../../arm-none-eabi/lib/thumb/v7e-m+fp/hard/libc_nano.a
LOAD /opt/st/stm32cubeide_1.13.0/plugins/com.st.stm32cube.ide.mcu.externaltools.gnu-tools-for-stm32.11.3.rel1.linux64_1.1.0.202305231506/tools/bin/../lib/gcc/arm-none-eabi/11.3.1/../../../../arm-none-eabi/lib/thumb/v7e-m+fp/hard/libnosys.a
END GROUP
START GROUP
LOAD /opt/st/stm32cubeide_1.13.0/plugins/com.st.stm32cube.ide.mcu.externaltools.gnu-tools-for-stm32.11.3.rel1.linux64_1.1.0.202305231506/tools/bin/../lib/gcc/arm-none-eabi/11.3.1/thumb/v7e-m+fp/hard/libgcc.a
LOAD /opt/st/stm32cubeide_1.13.0/plugins/com.st.stm32cube.ide.mcu.externaltools.gnu-tools-for-stm32.11.3.rel1.linux64_1.1.0.202305231506/tools/bin/../lib/gcc/arm-none-eabi/11.3.1/../../../../arm-none-eabi/lib/thumb/v7e-m+fp/hard/libc_nano.a
LOAD /opt/st/stm32cubeide_1.13.0/plugins/com.st.stm32cube.ide.mcu.externaltools.gnu-tools-for-stm32.11.3.rel1.linux64_1.1.0.202305231506/tools/bin/../lib/gcc/arm-none-eabi/11.3.1/../../../../arm-none-eabi/lib/thumb/v7e-m+fp/hard/libnosys.a
END GROUP
LOAD /opt/st/stm32cubeide_1.13.0/plugins/com.st.stm32cube.ide.mcu.externaltools.gnu-tools-for-stm32.11.3.rel1.linux64_1.1.0.202305231506/tools/bin/../lib/gcc/arm-none-eabi/11.3.1/thumb/v7e-m+fp/hard/crtend.o
LOAD /opt/st/stm32cubeide_1.13.0/plugins/com.st.stm32cube.ide.mcu.externaltools.gnu-tools-for-stm32.11.3.rel1.linux64_1.1.0.202305231506/tools/bin/../lib/gcc/arm-none-eabi/11.3.1/thumb/v7e-m+fp/hard/crtn.o
                0x0000000020018000                _estack = (ORIGIN (RAM) + LENGTH (RAM))
                0x0000000000000200                _Min_Heap_Size = 0x200
                0x0000000000000400                _Min_Stack_Size = 0x400

.isr_vector     0x0000000008000000      0x194
                0x0000000008000000                . = ALIGN (0x4)
 *(.isr_vector)
 .isr_vector    0x0000000008000000      0x194 ./Core/Startup/startup_stm32f401cdux.o
                0x0000000008000000                g_pfnVectors
                0x0000000008000194                . = ALIGN (0x4)

.text           0x00000000080001a0     0x9da0
                0x00000000080001a0                . = ALIGN (0x4)
 *(.text)
 .text          0x00000000080001a0       0x40 /opt/st/stm32cubeide_1.13.0/plugins/com.st.stm32cube.ide.mcu.externaltools.gnu-tools-for-stm32.11.3.rel1.linux64_1.1.0.202305231506/tools/bin/../lib/gcc/arm-none-eabi/11.3.1/thumb/v7e-m+fp/hard/crtbegin.o
 .text          0x00000000080001e0       0xa0 /opt/st/stm32cubeide_1.13.0/plugins/com.st.stm32cube.ide.mcu.externaltools.gnu-tools-for-stm32.11.3.rel1.linux64_1.1.0.202305231506/tools/bin/../lib/gcc/arm-none-eabi/11.3.1/../../../../arm-none-eabi/lib/thumb/v7e-m+fp/hard/libc_nano.a(libc_a-memchr.o)
                0x00000000080001e0                memchr
 .text          0x0000000008000280       0x10 /opt/st/stm32cubeide_1.13.0/plugins/com.st.stm32cube.ide.mcu.externaltools.gnu-tools-for-stm32.11.3.rel1.linux64_1.1.0.202305231506/tools/bin/../lib/gcc/arm-none-eabi/11.3.1/../../../../arm-none-eabi/lib/thumb/v7e-m+fp/hard/libc_nano.a(libc_a-strlen.o)
                0x0000000008000280                strlen
 .text          0x0000000008000290      0x378 /opt/st/stm32cubeide_1.13.0/plugins/com.st.stm32cube.ide.mcu.externaltools.gnu-tools-for-stm32.11.3.rel1.linux64_1.1.0.202305231506/tools/bin/../lib/gcc/arm-none-eabi/11.3.1/thumb/v7e-m+fp/hard/libgcc.a(_arm_addsubdf3.o)
                0x0000000008000290                __aeabi_drsub
                0x0000000008000298                __aeabi_dsub
                0x0000000008000298                __subdf3
                0x000000000800029c                __adddf3
                0x000000000800029c                __aeabi_dadd
                0x0000000008000514                __aeabi_ui2d
                0x0000000008000514                __floatunsidf
                0x0000000008000534                __floatsidf
                0x0000000008000534                __aeabi_i2d
                0x0000000008000558                __extendsfdf2
                0x0000000008000558                __aeabi_f2d
                0x000000000800059c                __aeabi_ul2d
                0x000000000800059c                __floatundidf
                0x00000000080005ac                __floatdidf
                0x00000000080005ac                __aeabi_l2d
 .text          0x0000000008000608      0x424 /opt/st/stm32cubeide_1.13.0/plugins/com.st.stm32cube.ide.mcu.externaltools.gnu-tools-for-stm32.11.3.rel1.linux64_1.1.0.202305231506/tools/bin/../lib/gcc/arm-none-eabi/11.3.1/thumb/v7e-m+fp/hard/libgcc.a(_arm_muldivdf3.o)
                0x0000000008000608                __aeabi_dmul
                0x0000000008000608                __muldf3
                0x000000000800085c                __aeabi_ddiv
                0x000000000800085c                __divdf3
 .text          0x0000000008000a2c      0x110 /opt/st/stm32cubeide_1.13.0/plugins/com.st.stm32cube.ide.mcu.externaltools.gnu-tools-for-stm32.11.3.rel1.linux64_1.1.0.202305231506/tools/bin/../lib/gcc/arm-none-eabi/11.3.1/thumb/v7e-m+fp/hard/libgcc.a(_arm_cmpdf2.o)
                0x0000000008000a2c                __gtdf2
                0x0000000008000a2c                __gedf2
                0x0000000008000a34                __ltdf2
                0x0000000008000a34                __ledf2
                0x0000000008000a3c                __cmpdf2
                0x0000000008000a3c                __eqdf2
                0x0000000008000a3c                __nedf2
                0x0000000008000ab8                __aeabi_cdrcmple
                0x0000000008000ac8                __aeabi_cdcmple
                0x0000000008000ac8                __aeabi_cdcmpeq
                0x0000000008000ad8                __aeabi_dcmpeq
                0x0000000008000aec                __aeabi_dcmplt
                0x0000000008000b00                __aeabi_dcmple
                0x0000000008000b14                __aeabi_dcmpge
                0x0000000008000b28                __aeabi_dcmpgt
 .text          0x0000000008000b3c       0x2c /opt/st/stm32cubeide_1.13.0/plugins/com.st.stm32cube.ide.mcu.externaltools.gnu-tools-for-stm32.11.3.rel1.linux64_1.1.0.202305231506/tools/bin/../lib/gcc/arm-none-eabi/11.3.1/thumb/v7e-m+fp/hard/libgcc.a(_arm_unorddf2.o)
                0x0000000008000b3c                __aeabi_dcmpun
                0x0000000008000b3c                __unorddf2
 .text          0x0000000008000b68       0x50 /opt/st/stm32cubeide_1.13.0/plugins/com.st.stm32cube.ide.mcu.externaltools.gnu-tools-for-stm32.11.3.rel1.linux64_1.1.0.202305231506/tools/bin/../lib/gcc/arm-none-eabi/11.3.1/thumb/v7e-m+fp/hard/libgcc.a(_arm_fixdfsi.o)
                0x0000000008000b68                __fixdfsi
                0x0000000008000b68                __aeabi_d2iz
 .text          0x0000000008000bb8       0xa0 /opt/st/stm32cubeide_1.13.0/plugins/com.st.stm32cube.ide.mcu.externaltools.gnu-tools-for-stm32.11.3.rel1.linux64_1.1.0.202305231506/tools/bin/../lib/gcc/arm-none-eabi/11.3.1/thumb/v7e-m+fp/hard/libgcc.a(_arm_truncdfsf2.o)
                0x0000000008000bb8                __aeabi_d2f
                0x0000000008000bb8                __truncdfsf2
 .text          0x0000000008000c58       0x30 /opt/st/stm32cubeide_1.13.0/plugins/com.st.stm32cube.ide.mcu.externaltools.gnu-tools-for-stm32.11.3.rel1.linux64_1.1.0.202305231506/tools/bin/../lib/gcc/arm-none-eabi/11.3.1/thumb/v7e-m+fp/hard/libgcc.a(_aeabi_uldivmod.o)
                0x0000000008000c58                __aeabi_uldivmod
 .text          0x0000000008000c88      0x2c8 /opt/st/stm32cubeide_1.13.0/plugins/com.st.stm32cube.ide.mcu.externaltools.gnu-tools-for-stm32.11.3.rel1.linux64_1.1.0.202305231506/tools/bin/../lib/gcc/arm-none-eabi/11.3.1/thumb/v7e-m+fp/hard/libgcc.a(_udivmoddi4.o)
                0x0000000008000c88                __udivmoddi4
 .text          0x0000000008000f50        0x4 /opt/st/stm32cubeide_1.13.0/plugins/com.st.stm32cube.ide.mcu.externaltools.gnu-tools-for-stm32.11.3.rel1.linux64_1.1.0.202305231506/tools/bin/../lib/gcc/arm-none-eabi/11.3.1/thumb/v7e-m+fp/hard/libgcc.a(_dvmd_tls.o)
                0x0000000008000f50                __aeabi_ldiv0
                0x0000000008000f50                __aeabi_idiv0
 *(.text*)
 .text.MX_ADC1_Init
                0x0000000008000f54       0xa4 ./Core/Src/adc.o
                0x0000000008000f54                MX_ADC1_Init
 .text.HAL_ADC_MspInit
                0x0000000008000ff8       0x88 ./Core/Src/adc.o
                0x0000000008000ff8                HAL_ADC_MspInit
 .text.MX_DMA_Init
                0x0000000008001080       0x70 ./Core/Src/dma.o
                0x0000000008001080                MX_DMA_Init
 .text.MX_GPIO_Init
                0x00000000080010f0       0xec ./Core/Src/gpio.o
                0x00000000080010f0                MX_GPIO_Init
 .text.main     0x00000000080011dc       0x5c ./Core/Src/main.o
                0x00000000080011dc                main
 .text.SystemClock_Config
                0x0000000008001238       0xd4 ./Core/Src/main.o
                0x0000000008001238                SystemClock_Config
 .text.HAL_UART_RxHalfCpltCallback
                0x000000000800130c       0x28 ./Core/Src/main.o
                0x000000000800130c                HAL_UART_RxHalfCpltCallback
 .text.Error_Handler
                0x0000000008001334        0xa ./Core/Src/main.o
                0x0000000008001334                Error_Handler
 *fill*         0x000000000800133e        0x2 
 .text.HAL_MspInit
                0x0000000008001340       0x50 ./Core/Src/stm32f4xx_hal_msp.o
                0x0000000008001340                HAL_MspInit
 .text.NMI_Handler
                0x0000000008001390        0x6 ./Core/Src/stm32f4xx_it.o
                0x0000000008001390                NMI_Handler
 .text.HardFault_Handler
                0x0000000008001396        0x6 ./Core/Src/stm32f4xx_it.o
                0x0000000008001396                HardFault_Handler
 .text.MemManage_Handler
                0x000000000800139c        0x6 ./Core/Src/stm32f4xx_it.o
                0x000000000800139c                MemManage_Handler
 .text.BusFault_Handler
                0x00000000080013a2        0x6 ./Core/Src/stm32f4xx_it.o
                0x00000000080013a2                BusFault_Handler
 .text.UsageFault_Handler
                0x00000000080013a8        0x6 ./Core/Src/stm32f4xx_it.o
                0x00000000080013a8                UsageFault_Handler
 .text.SVC_Handler
                0x00000000080013ae        0xe ./Core/Src/stm32f4xx_it.o
                0x00000000080013ae                SVC_Handler
 .text.DebugMon_Handler
                0x00000000080013bc        0xe ./Core/Src/stm32f4xx_it.o
                0x00000000080013bc                DebugMon_Handler
 .text.PendSV_Handler
                0x00000000080013ca        0xe ./Core/Src/stm32f4xx_it.o
                0x00000000080013ca                PendSV_Handler
 .text.SysTick_Handler
                0x00000000080013d8       0x24 ./Core/Src/stm32f4xx_it.o
                0x00000000080013d8                SysTick_Handler
 .text.USART1_IRQHandler
                0x00000000080013fc       0x14 ./Core/Src/stm32f4xx_it.o
                0x00000000080013fc                USART1_IRQHandler
 .text.USART2_IRQHandler
                0x0000000008001410       0x14 ./Core/Src/stm32f4xx_it.o
                0x0000000008001410                USART2_IRQHandler
 .text.DMA2_Stream1_IRQHandler
                0x0000000008001424       0x14 ./Core/Src/stm32f4xx_it.o
                0x0000000008001424                DMA2_Stream1_IRQHandler
 .text.DMA2_Stream2_IRQHandler
                0x0000000008001438       0x14 ./Core/Src/stm32f4xx_it.o
                0x0000000008001438                DMA2_Stream2_IRQHandler
 .text.DMA2_Stream6_IRQHandler
                0x000000000800144c       0x14 ./Core/Src/stm32f4xx_it.o
                0x000000000800144c                DMA2_Stream6_IRQHandler
 .text.DMA2_Stream7_IRQHandler
                0x0000000008001460       0x14 ./Core/Src/stm32f4xx_it.o
                0x0000000008001460                DMA2_Stream7_IRQHandler
 .text.USART6_IRQHandler
                0x0000000008001474       0x14 ./Core/Src/stm32f4xx_it.o
                0x0000000008001474                USART6_IRQHandler
 .text.EXTI4_IRQHandler
                0x0000000008001488       0x2c ./Core/Src/stm32f4xx_it.o
                0x0000000008001488                EXTI4_IRQHandler
 .text._getpid  0x00000000080014b4       0x10 ./Core/Src/syscalls.o
                0x00000000080014b4                _getpid
 .text._kill    0x00000000080014c4       0x20 ./Core/Src/syscalls.o
                0x00000000080014c4                _kill
 .text._exit    0x00000000080014e4       0x14 ./Core/Src/syscalls.o
                0x00000000080014e4                _exit
 .text._read    0x00000000080014f8       0x3a ./Core/Src/syscalls.o
                0x00000000080014f8                _read
 .text._write   0x0000000008001532       0x38 ./Core/Src/syscalls.o
                0x0000000008001532                _write
 .text._close   0x000000000800156a       0x18 ./Core/Src/syscalls.o
                0x000000000800156a                _close
 .text._fstat   0x0000000008001582       0x20 ./Core/Src/syscalls.o
                0x0000000008001582                _fstat
 .text._isatty  0x00000000080015a2       0x16 ./Core/Src/syscalls.o
                0x00000000080015a2                _isatty
 .text._lseek   0x00000000080015b8       0x1a ./Core/Src/syscalls.o
                0x00000000080015b8                _lseek
 *fill*         0x00000000080015d2        0x2 
 .text._sbrk    0x00000000080015d4       0x6c ./Core/Src/sysmem.o
                0x00000000080015d4                _sbrk
 .text.SystemInit
                0x0000000008001640       0x24 ./Core/Src/system_stm32f4xx.o
                0x0000000008001640                SystemInit
 .text.MX_TIM1_Init
                0x0000000008001664       0xa0 ./Core/Src/tim.o
                0x0000000008001664                MX_TIM1_Init
 .text.HAL_TIM_Base_MspInit
                0x0000000008001704       0x44 ./Core/Src/tim.o
                0x0000000008001704                HAL_TIM_Base_MspInit
 .text.MX_USART1_UART_Init
                0x0000000008001748       0x54 ./Core/Src/usart.o
                0x0000000008001748                MX_USART1_UART_Init
 .text.MX_USART2_UART_Init
                0x000000000800179c       0x54 ./Core/Src/usart.o
                0x000000000800179c                MX_USART2_UART_Init
 .text.MX_USART6_UART_Init
                0x00000000080017f0       0x54 ./Core/Src/usart.o
                0x00000000080017f0                MX_USART6_UART_Init
 .text.HAL_UART_MspInit
                0x0000000008001844      0x330 ./Core/Src/usart.o
                0x0000000008001844                HAL_UART_MspInit
 .text.Reset_Handler
                0x0000000008001b74       0x50 ./Core/Startup/startup_stm32f401cdux.o
                0x0000000008001b74                Reset_Handler
 .text.Default_Handler
                0x0000000008001bc4        0x2 ./Core/Startup/startup_stm32f401cdux.o
                0x0000000008001bc4                RTC_Alarm_IRQHandler
                0x0000000008001bc4                EXTI2_IRQHandler
                0x0000000008001bc4                SPI4_IRQHandler
                0x0000000008001bc4                TIM1_CC_IRQHandler
                0x0000000008001bc4                DMA2_Stream5_IRQHandler
                0x0000000008001bc4                DMA1_Stream5_IRQHandler
                0x0000000008001bc4                PVD_IRQHandler
                0x0000000008001bc4                SDIO_IRQHandler
                0x0000000008001bc4                TAMP_STAMP_IRQHandler
                0x0000000008001bc4                EXTI3_IRQHandler
                0x0000000008001bc4                TIM1_UP_TIM10_IRQHandler
                0x0000000008001bc4                I2C3_ER_IRQHandler
                0x0000000008001bc4                EXTI0_IRQHandler
                0x0000000008001bc4                I2C2_EV_IRQHandler
                0x0000000008001bc4                DMA1_Stream2_IRQHandler
                0x0000000008001bc4                FPU_IRQHandler
                0x0000000008001bc4                SPI1_IRQHandler
                0x0000000008001bc4                TIM1_BRK_TIM9_IRQHandler
                0x0000000008001bc4                DMA2_Stream3_IRQHandler
                0x0000000008001bc4                DMA2_Stream0_IRQHandler
                0x0000000008001bc4                TIM4_IRQHandler
                0x0000000008001bc4                I2C1_EV_IRQHandler
                0x0000000008001bc4                DMA1_Stream6_IRQHandler
                0x0000000008001bc4                DMA1_Stream1_IRQHandler
                0x0000000008001bc4                TIM3_IRQHandler
                0x0000000008001bc4                RCC_IRQHandler
                0x0000000008001bc4                Default_Handler
                0x0000000008001bc4                EXTI15_10_IRQHandler
                0x0000000008001bc4                ADC_IRQHandler
                0x0000000008001bc4                DMA1_Stream7_IRQHandler
                0x0000000008001bc4                TIM5_IRQHandler
                0x0000000008001bc4                I2C3_EV_IRQHandler
                0x0000000008001bc4                EXTI9_5_IRQHandler
                0x0000000008001bc4                RTC_WKUP_IRQHandler
                0x0000000008001bc4                SPI2_IRQHandler
                0x0000000008001bc4                DMA1_Stream0_IRQHandler
                0x0000000008001bc4                WWDG_IRQHandler
                0x0000000008001bc4                TIM2_IRQHandler
                0x0000000008001bc4                OTG_FS_WKUP_IRQHandler
                0x0000000008001bc4                TIM1_TRG_COM_TIM11_IRQHandler
                0x0000000008001bc4                EXTI1_IRQHandler
                0x0000000008001bc4                I2C2_ER_IRQHandler
                0x0000000008001bc4                FLASH_IRQHandler
                0x0000000008001bc4                DMA2_Stream4_IRQHandler
                0x0000000008001bc4                OTG_FS_IRQHandler
                0x0000000008001bc4                SPI3_IRQHandler
                0x0000000008001bc4                DMA1_Stream4_IRQHandler
                0x0000000008001bc4                I2C1_ER_IRQHandler
                0x0000000008001bc4                DMA1_Stream3_IRQHandler
 *fill*         0x0000000008001bc6        0x2 
 .text.decodeGGA
                0x0000000008001bc8      0x754 ./Core/Usr/gps/NMEA.o
                0x0000000008001bc8                decodeGGA
 .text.Ringbuf_init
                0x000000000800231c       0x50 ./Core/Usr/gps/UartRingbuffer.o
                0x000000000800231c                Ringbuf_init
 .text.store_char
                0x000000000800236c       0x46 ./Core/Usr/gps/UartRingbuffer.o
                0x000000000800236c                store_char
 *fill*         0x00000000080023b2        0x2 
 .text.Uart_read
                0x00000000080023b4       0x58 ./Core/Usr/gps/UartRingbuffer.o
                0x00000000080023b4                Uart_read
 .text.IsDataAvailable
                0x000000000800240c       0x34 ./Core/Usr/gps/UartRingbuffer.o
                0x000000000800240c                IsDataAvailable
 .text.Uart_peek
                0x0000000008002440       0x3c ./Core/Usr/gps/UartRingbuffer.o
                0x0000000008002440                Uart_peek
 .text.Copy_upto
                0x000000000800247c      0x100 ./Core/Usr/gps/UartRingbuffer.o
                0x000000000800247c                Copy_upto
 .text.Wait_for
                0x000000000800257c      0x110 ./Core/Usr/gps/UartRingbuffer.o
                0x000000000800257c                Wait_for
 .text.Uart_isr
                0x000000000800268c       0xbc ./Core/Usr/gps/UartRingbuffer.o
                0x000000000800268c                Uart_isr
 .text.gps_GGA_routine
                0x0000000008002748       0x44 ./Core/Usr/gps/gps_M8N.o
                0x0000000008002748                gps_GGA_routine
 .text.LCD_Touch_OnDown
                0x000000000800278c       0x20 ./Core/Usr/lcd/lcd_touch.o
                0x000000000800278c                LCD_Touch_OnDown
 .text.LCD_Touch_OnUp
                0x00000000080027ac       0x2c ./Core/Usr/lcd/lcd_touch.o
                0x00000000080027ac                LCD_Touch_OnUp
 .text.lora_init
                0x00000000080027d8       0x5c ./Core/Usr/lora.o
                0x00000000080027d8                lora_init
 .text.lora_set_mode
                0x0000000008002834       0xb4 ./Core/Usr/lora.o
                0x0000000008002834                lora_set_mode
 .text.lora_read_model_data
                0x00000000080028e8       0x58 ./Core/Usr/lora.o
                0x00000000080028e8                lora_read_model_data
 .text.lora_set_ADDH
                0x0000000008002940       0x20 ./Core/Usr/lora.o
                0x0000000008002940                lora_set_ADDH
 .text.lora_set_ADDL
                0x0000000008002960       0x20 ./Core/Usr/lora.o
                0x0000000008002960                lora_set_ADDL
 .text.lora_set_speed
                0x0000000008002980       0x20 ./Core/Usr/lora.o
                0x0000000008002980                lora_set_speed
 .text.lora_set_channel
                0x00000000080029a0       0x20 ./Core/Usr/lora.o
                0x00000000080029a0                lora_set_channel
 .text.lora_set_option
                0x00000000080029c0       0x20 ./Core/Usr/lora.o
                0x00000000080029c0                lora_set_option
 .text.lora_save_param
                0x00000000080029e0       0x54 ./Core/Usr/lora.o
                0x00000000080029e0                lora_save_param
 .text.lora_serial_transmit
                0x0000000008002a34       0x34 ./Core/Usr/lora.o
                0x0000000008002a34                lora_serial_transmit
 .text.lora_clear_buffer
                0x0000000008002a68       0x40 ./Core/Usr/lora.o
                0x0000000008002a68                lora_clear_buffer
 .text.lora_complete_task
                0x0000000008002aa8       0x7c ./Core/Usr/lora.o
                0x0000000008002aa8                lora_complete_task
 .text.lora_wireless_transmit_routine
                0x0000000008002b24       0x80 ./Core/Usr/lora.o
                0x0000000008002b24                lora_wireless_transmit_routine
 .text.lora_encode_gps
                0x0000000008002ba4      0x1c4 ./Core/Usr/lora.o
                0x0000000008002ba4                lora_encode_gps
 .text.server_receive_restart
                0x0000000008002d68       0x38 ./Core/Usr/server.o
                0x0000000008002d68                server_receive_restart
 .text.server_receive_callback
                0x0000000008002da0       0x68 ./Core/Usr/server.o
                0x0000000008002da0                server_receive_callback
 .text.HAL_Init
                0x0000000008002e08       0x44 ./Drivers/STM32F4xx_HAL_Driver/Src/stm32f4xx_hal.o
                0x0000000008002e08                HAL_Init
 .text.HAL_InitTick
                0x0000000008002e4c       0x60 ./Drivers/STM32F4xx_HAL_Driver/Src/stm32f4xx_hal.o
                0x0000000008002e4c                HAL_InitTick
 .text.HAL_IncTick
                0x0000000008002eac       0x28 ./Drivers/STM32F4xx_HAL_Driver/Src/stm32f4xx_hal.o
                0x0000000008002eac                HAL_IncTick
 .text.HAL_GetTick
                0x0000000008002ed4       0x18 ./Drivers/STM32F4xx_HAL_Driver/Src/stm32f4xx_hal.o
                0x0000000008002ed4                HAL_GetTick
 .text.HAL_Delay
                0x0000000008002eec       0x48 ./Drivers/STM32F4xx_HAL_Driver/Src/stm32f4xx_hal.o
                0x0000000008002eec                HAL_Delay
 .text.HAL_ADC_Init
                0x0000000008002f34       0x86 ./Drivers/STM32F4xx_HAL_Driver/Src/stm32f4xx_hal_adc.o
                0x0000000008002f34                HAL_ADC_Init
 *fill*         0x0000000008002fba        0x2 
 .text.HAL_ADC_ConfigChannel
                0x0000000008002fbc      0x244 ./Drivers/STM32F4xx_HAL_Driver/Src/stm32f4xx_hal_adc.o
                0x0000000008002fbc                HAL_ADC_ConfigChannel
 .text.ADC_Init
                0x0000000008003200      0x1f8 ./Drivers/STM32F4xx_HAL_Driver/Src/stm32f4xx_hal_adc.o
 .text.__NVIC_SetPriorityGrouping
                0x00000000080033f8       0x48 ./Drivers/STM32F4xx_HAL_Driver/Src/stm32f4xx_hal_cortex.o
 .text.__NVIC_GetPriorityGrouping
                0x0000000008003440       0x1c ./Drivers/STM32F4xx_HAL_Driver/Src/stm32f4xx_hal_cortex.o
 .text.__NVIC_EnableIRQ
                0x000000000800345c       0x3c ./Drivers/STM32F4xx_HAL_Driver/Src/stm32f4xx_hal_cortex.o
 .text.__NVIC_SetPriority
                0x0000000008003498       0x54 ./Drivers/STM32F4xx_HAL_Driver/Src/stm32f4xx_hal_cortex.o
 .text.NVIC_EncodePriority
                0x00000000080034ec       0x66 ./Drivers/STM32F4xx_HAL_Driver/Src/stm32f4xx_hal_cortex.o
 *fill*         0x0000000008003552        0x2 
 .text.SysTick_Config
                0x0000000008003554       0x44 ./Drivers/STM32F4xx_HAL_Driver/Src/stm32f4xx_hal_cortex.o
 .text.HAL_NVIC_SetPriorityGrouping
                0x0000000008003598       0x16 ./Drivers/STM32F4xx_HAL_Driver/Src/stm32f4xx_hal_cortex.o
                0x0000000008003598                HAL_NVIC_SetPriorityGrouping
 .text.HAL_NVIC_SetPriority
                0x00000000080035ae       0x38 ./Drivers/STM32F4xx_HAL_Driver/Src/stm32f4xx_hal_cortex.o
                0x00000000080035ae                HAL_NVIC_SetPriority
 .text.HAL_NVIC_EnableIRQ
                0x00000000080035e6       0x1c ./Drivers/STM32F4xx_HAL_Driver/Src/stm32f4xx_hal_cortex.o
                0x00000000080035e6                HAL_NVIC_EnableIRQ
 .text.HAL_SYSTICK_Config
                0x0000000008003602       0x18 ./Drivers/STM32F4xx_HAL_Driver/Src/stm32f4xx_hal_cortex.o
                0x0000000008003602                HAL_SYSTICK_Config
 *fill*         0x000000000800361a        0x2 
 .text.HAL_DMA_Init
                0x000000000800361c      0x15c ./Drivers/STM32F4xx_HAL_Driver/Src/stm32f4xx_hal_dma.o
                0x000000000800361c                HAL_DMA_Init
 .text.HAL_DMA_Start_IT
                0x0000000008003778       0xb0 ./Drivers/STM32F4xx_HAL_Driver/Src/stm32f4xx_hal_dma.o
                0x0000000008003778                HAL_DMA_Start_IT
 .text.HAL_DMA_Abort
                0x0000000008003828       0xe0 ./Drivers/STM32F4xx_HAL_Driver/Src/stm32f4xx_hal_dma.o
                0x0000000008003828                HAL_DMA_Abort
 .text.HAL_DMA_Abort_IT
                0x0000000008003908       0x44 ./Drivers/STM32F4xx_HAL_Driver/Src/stm32f4xx_hal_dma.o
                0x0000000008003908                HAL_DMA_Abort_IT
 .text.HAL_DMA_IRQHandler
                0x000000000800394c      0x314 ./Drivers/STM32F4xx_HAL_Driver/Src/stm32f4xx_hal_dma.o
                0x000000000800394c                HAL_DMA_IRQHandler
 .text.DMA_SetConfig
                0x0000000008003c60       0x5c ./Drivers/STM32F4xx_HAL_Driver/Src/stm32f4xx_hal_dma.o
 .text.DMA_CalcBaseAndBitshift
                0x0000000008003cbc       0x6c ./Drivers/STM32F4xx_HAL_Driver/Src/stm32f4xx_hal_dma.o
 .text.DMA_CheckFifoParam
                0x0000000008003d28       0xf8 ./Drivers/STM32F4xx_HAL_Driver/Src/stm32f4xx_hal_dma.o
 .text.HAL_GPIO_Init
                0x0000000008003e20      0x308 ./Drivers/STM32F4xx_HAL_Driver/Src/stm32f4xx_hal_gpio.o
                0x0000000008003e20                HAL_GPIO_Init
 .text.HAL_GPIO_ReadPin
                0x0000000008004128       0x30 ./Drivers/STM32F4xx_HAL_Driver/Src/stm32f4xx_hal_gpio.o
                0x0000000008004128                HAL_GPIO_ReadPin
 .text.HAL_GPIO_WritePin
                0x0000000008004158       0x32 ./Drivers/STM32F4xx_HAL_Driver/Src/stm32f4xx_hal_gpio.o
                0x0000000008004158                HAL_GPIO_WritePin
 *fill*         0x000000000800418a        0x2 
 .text.HAL_GPIO_EXTI_IRQHandler
                0x000000000800418c       0x30 ./Drivers/STM32F4xx_HAL_Driver/Src/stm32f4xx_hal_gpio.o
                0x000000000800418c                HAL_GPIO_EXTI_IRQHandler
 .text.HAL_GPIO_EXTI_Callback
                0x00000000080041bc       0x16 ./Drivers/STM32F4xx_HAL_Driver/Src/stm32f4xx_hal_gpio.o
                0x00000000080041bc                HAL_GPIO_EXTI_Callback
 *fill*         0x00000000080041d2        0x2 
 .text.HAL_RCC_OscConfig
                0x00000000080041d4      0x4f0 ./Drivers/STM32F4xx_HAL_Driver/Src/stm32f4xx_hal_rcc.o
                0x00000000080041d4                HAL_RCC_OscConfig
 .text.HAL_RCC_ClockConfig
                0x00000000080046c4      0x1cc ./Drivers/STM32F4xx_HAL_Driver/Src/stm32f4xx_hal_rcc.o
                0x00000000080046c4                HAL_RCC_ClockConfig
 .text.HAL_RCC_GetSysClockFreq
                0x0000000008004890      0x18c ./Drivers/STM32F4xx_HAL_Driver/Src/stm32f4xx_hal_rcc.o
                0x0000000008004890                HAL_RCC_GetSysClockFreq
 .text.HAL_RCC_GetHCLKFreq
                0x0000000008004a1c       0x18 ./Drivers/STM32F4xx_HAL_Driver/Src/stm32f4xx_hal_rcc.o
                0x0000000008004a1c                HAL_RCC_GetHCLKFreq
 .text.HAL_RCC_GetPCLK1Freq
                0x0000000008004a34       0x28 ./Drivers/STM32F4xx_HAL_Driver/Src/stm32f4xx_hal_rcc.o
                0x0000000008004a34                HAL_RCC_GetPCLK1Freq
 .text.HAL_RCC_GetPCLK2Freq
                0x0000000008004a5c       0x28 ./Drivers/STM32F4xx_HAL_Driver/Src/stm32f4xx_hal_rcc.o
                0x0000000008004a5c                HAL_RCC_GetPCLK2Freq
 .text.HAL_TIM_Base_Init
                0x0000000008004a84       0x9e ./Drivers/STM32F4xx_HAL_Driver/Src/stm32f4xx_hal_tim.o
                0x0000000008004a84                HAL_TIM_Base_Init
 *fill*         0x0000000008004b22        0x2 
 .text.HAL_TIM_Base_Start
                0x0000000008004b24       0xb4 ./Drivers/STM32F4xx_HAL_Driver/Src/stm32f4xx_hal_tim.o
                0x0000000008004b24                HAL_TIM_Base_Start
 .text.HAL_TIM_ConfigClockSource
                0x0000000008004bd8      0x18e ./Drivers/STM32F4xx_HAL_Driver/Src/stm32f4xx_hal_tim.o
                0x0000000008004bd8                HAL_TIM_ConfigClockSource
 *fill*         0x0000000008004d66        0x2 
 .text.TIM_Base_SetConfig
                0x0000000008004d68      0x100 ./Drivers/STM32F4xx_HAL_Driver/Src/stm32f4xx_hal_tim.o
                0x0000000008004d68                TIM_Base_SetConfig
 .text.TIM_TI1_ConfigInputStage
                0x0000000008004e68       0x5e ./Drivers/STM32F4xx_HAL_Driver/Src/stm32f4xx_hal_tim.o
 .text.TIM_TI2_ConfigInputStage
                0x0000000008004ec6       0x60 ./Drivers/STM32F4xx_HAL_Driver/Src/stm32f4xx_hal_tim.o
 .text.TIM_ITRx_SetConfig
                0x0000000008004f26       0x36 ./Drivers/STM32F4xx_HAL_Driver/Src/stm32f4xx_hal_tim.o
 .text.TIM_ETR_SetConfig
                0x0000000008004f5c       0x40 ./Drivers/STM32F4xx_HAL_Driver/Src/stm32f4xx_hal_tim.o
                0x0000000008004f5c                TIM_ETR_SetConfig
 .text.HAL_TIMEx_MasterConfigSynchronization
                0x0000000008004f9c       0xdc ./Drivers/STM32F4xx_HAL_Driver/Src/stm32f4xx_hal_tim_ex.o
                0x0000000008004f9c                HAL_TIMEx_MasterConfigSynchronization
 .text.HAL_UART_Init
                0x0000000008005078       0x9a ./Drivers/STM32F4xx_HAL_Driver/Src/stm32f4xx_hal_uart.o
                0x0000000008005078                HAL_UART_Init
 *fill*         0x0000000008005112        0x2 
 .text.HAL_UART_Transmit_DMA
                0x0000000008005114       0xfc ./Drivers/STM32F4xx_HAL_Driver/Src/stm32f4xx_hal_uart.o
                0x0000000008005114                HAL_UART_Transmit_DMA
 .text.HAL_UART_Receive_DMA
                0x0000000008005210       0x60 ./Drivers/STM32F4xx_HAL_Driver/Src/stm32f4xx_hal_uart.o
                0x0000000008005210                HAL_UART_Receive_DMA
 .text.HAL_UART_DMAStop
                0x0000000008005270       0xfe ./Drivers/STM32F4xx_HAL_Driver/Src/stm32f4xx_hal_uart.o
                0x0000000008005270                HAL_UART_DMAStop
 *fill*         0x000000000800536e        0x2 
 .text.HAL_UART_IRQHandler
                0x0000000008005370      0x51c ./Drivers/STM32F4xx_HAL_Driver/Src/stm32f4xx_hal_uart.o
                0x0000000008005370                HAL_UART_IRQHandler
 .text.HAL_UART_TxCpltCallback
                0x000000000800588c       0x14 ./Drivers/STM32F4xx_HAL_Driver/Src/stm32f4xx_hal_uart.o
                0x000000000800588c                HAL_UART_TxCpltCallback
 .text.HAL_UART_TxHalfCpltCallback
                0x00000000080058a0       0x14 ./Drivers/STM32F4xx_HAL_Driver/Src/stm32f4xx_hal_uart.o
                0x00000000080058a0                HAL_UART_TxHalfCpltCallback
 .text.HAL_UART_RxCpltCallback
                0x00000000080058b4       0x14 ./Drivers/STM32F4xx_HAL_Driver/Src/stm32f4xx_hal_uart.o
                0x00000000080058b4                HAL_UART_RxCpltCallback
 .text.HAL_UART_ErrorCallback
                0x00000000080058c8       0x14 ./Drivers/STM32F4xx_HAL_Driver/Src/stm32f4xx_hal_uart.o
                0x00000000080058c8                HAL_UART_ErrorCallback
 .text.HAL_UARTEx_RxEventCallback
                0x00000000080058dc       0x18 ./Drivers/STM32F4xx_HAL_Driver/Src/stm32f4xx_hal_uart.o
                0x00000000080058dc                HAL_UARTEx_RxEventCallback
 .text.UART_DMATransmitCplt
                0x00000000080058f4       0x9a ./Drivers/STM32F4xx_HAL_Driver/Src/stm32f4xx_hal_uart.o
 .text.UART_DMATxHalfCplt
                0x000000000800598e       0x1c ./Drivers/STM32F4xx_HAL_Driver/Src/stm32f4xx_hal_uart.o
 .text.UART_DMAReceiveCplt
                0x00000000080059aa      0x126 ./Drivers/STM32F4xx_HAL_Driver/Src/stm32f4xx_hal_uart.o
 .text.UART_DMARxHalfCplt
                0x0000000008005ad0       0x36 ./Drivers/STM32F4xx_HAL_Driver/Src/stm32f4xx_hal_uart.o
 .text.UART_DMAError
                0x0000000008005b06       0x94 ./Drivers/STM32F4xx_HAL_Driver/Src/stm32f4xx_hal_uart.o
 *fill*         0x0000000008005b9a        0x2 
 .text.UART_Start_Receive_DMA
                0x0000000008005b9c      0x13c ./Drivers/STM32F4xx_HAL_Driver/Src/stm32f4xx_hal_uart.o
                0x0000000008005b9c                UART_Start_Receive_DMA
 .text.UART_EndTxTransfer
                0x0000000008005cd8       0x50 ./Drivers/STM32F4xx_HAL_Driver/Src/stm32f4xx_hal_uart.o
 .text.UART_EndRxTransfer
                0x0000000008005d28       0xc6 ./Drivers/STM32F4xx_HAL_Driver/Src/stm32f4xx_hal_uart.o
 .text.UART_DMAAbortOnError
                0x0000000008005dee       0x28 ./Drivers/STM32F4xx_HAL_Driver/Src/stm32f4xx_hal_uart.o
 .text.UART_Transmit_IT
                0x0000000008005e16       0xa0 ./Drivers/STM32F4xx_HAL_Driver/Src/stm32f4xx_hal_uart.o
 .text.UART_EndTransmit_IT
                0x0000000008005eb6       0x30 ./Drivers/STM32F4xx_HAL_Driver/Src/stm32f4xx_hal_uart.o
 .text.UART_Receive_IT
                0x0000000008005ee6      0x176 ./Drivers/STM32F4xx_HAL_Driver/Src/stm32f4xx_hal_uart.o
 .text.UART_SetConfig
                0x000000000800605c      0x4e8 ./Drivers/STM32F4xx_HAL_Driver/Src/stm32f4xx_hal_uart.o
 .text.atoi     0x0000000008006544        0x8 /opt/st/stm32cubeide_1.13.0/plugins/com.st.stm32cube.ide.mcu.externaltools.gnu-tools-for-stm32.11.3.rel1.linux64_1.1.0.202305231506/tools/bin/../lib/gcc/arm-none-eabi/11.3.1/../../../../arm-none-eabi/lib/thumb/v7e-m+fp/hard/libc_nano.a(libc_a-atoi.o)
                0x0000000008006544                atoi
 .text._strtol_l.constprop.0
                0x000000000800654c      0x104 /opt/st/stm32cubeide_1.13.0/plugins/com.st.stm32cube.ide.mcu.externaltools.gnu-tools-for-stm32.11.3.rel1.linux64_1.1.0.202305231506/tools/bin/../lib/gcc/arm-none-eabi/11.3.1/../../../../arm-none-eabi/lib/thumb/v7e-m+fp/hard/libc_nano.a(libc_a-strtol.o)
 .text.strtol   0x0000000008006650       0x14 /opt/st/stm32cubeide_1.13.0/plugins/com.st.stm32cube.ide.mcu.externaltools.gnu-tools-for-stm32.11.3.rel1.linux64_1.1.0.202305231506/tools/bin/../lib/gcc/arm-none-eabi/11.3.1/../../../../arm-none-eabi/lib/thumb/v7e-m+fp/hard/libc_nano.a(libc_a-strtol.o)
                0x0000000008006650                strtol
 .text.__cvt    0x0000000008006664       0xc4 /opt/st/stm32cubeide_1.13.0/plugins/com.st.stm32cube.ide.mcu.externaltools.gnu-tools-for-stm32.11.3.rel1.linux64_1.1.0.202305231506/tools/bin/../lib/gcc/arm-none-eabi/11.3.1/../../../../arm-none-eabi/lib/thumb/v7e-m+fp/hard/libc_nano.a(libc_a-nano-vfprintf_float.o)
                0x0000000008006664                __cvt
 .text.__exponent
                0x0000000008006728       0x7c /opt/st/stm32cubeide_1.13.0/plugins/com.st.stm32cube.ide.mcu.externaltools.gnu-tools-for-stm32.11.3.rel1.linux64_1.1.0.202305231506/tools/bin/../lib/gcc/arm-none-eabi/11.3.1/../../../../arm-none-eabi/lib/thumb/v7e-m+fp/hard/libc_nano.a(libc_a-nano-vfprintf_float.o)
                0x0000000008006728                __exponent
 .text._printf_float
                0x00000000080067a4      0x46c /opt/st/stm32cubeide_1.13.0/plugins/com.st.stm32cube.ide.mcu.externaltools.gnu-tools-for-stm32.11.3.rel1.linux64_1.1.0.202305231506/tools/bin/../lib/gcc/arm-none-eabi/11.3.1/../../../../arm-none-eabi/lib/thumb/v7e-m+fp/hard/libc_nano.a(libc_a-nano-vfprintf_float.o)
                0x00000000080067a4                _printf_float
 .text._printf_common
                0x0000000008006c10       0xda /opt/st/stm32cubeide_1.13.0/plugins/com.st.stm32cube.ide.mcu.externaltools.gnu-tools-for-stm32.11.3.rel1.linux64_1.1.0.202305231506/tools/bin/../lib/gcc/arm-none-eabi/11.3.1/../../../../arm-none-eabi/lib/thumb/v7e-m+fp/hard/libc_nano.a(libc_a-nano-vfprintf_i.o)
                0x0000000008006c10                _printf_common
 *fill*         0x0000000008006cea        0x2 
 .text._printf_i
                0x0000000008006cec      0x244 /opt/st/stm32cubeide_1.13.0/plugins/com.st.stm32cube.ide.mcu.externaltools.gnu-tools-for-stm32.11.3.rel1.linux64_1.1.0.202305231506/tools/bin/../lib/gcc/arm-none-eabi/11.3.1/../../../../arm-none-eabi/lib/thumb/v7e-m+fp/hard/libc_nano.a(libc_a-nano-vfprintf_i.o)
                0x0000000008006cec                _printf_i
 .text.std      0x0000000008006f30       0x48 /opt/st/stm32cubeide_1.13.0/plugins/com.st.stm32cube.ide.mcu.externaltools.gnu-tools-for-stm32.11.3.rel1.linux64_1.1.0.202305231506/tools/bin/../lib/gcc/arm-none-eabi/11.3.1/../../../../arm-none-eabi/lib/thumb/v7e-m+fp/hard/libc_nano.a(libc_a-findfp.o)
 .text.stdio_exit_handler
                0x0000000008006f78       0x18 /opt/st/stm32cubeide_1.13.0/plugins/com.st.stm32cube.ide.mcu.externaltools.gnu-tools-for-stm32.11.3.rel1.linux64_1.1.0.202305231506/tools/bin/../lib/gcc/arm-none-eabi/11.3.1/../../../../arm-none-eabi/lib/thumb/v7e-m+fp/hard/libc_nano.a(libc_a-findfp.o)
 .text.cleanup_stdio
                0x0000000008006f90       0x40 /opt/st/stm32cubeide_1.13.0/plugins/com.st.stm32cube.ide.mcu.externaltools.gnu-tools-for-stm32.11.3.rel1.linux64_1.1.0.202305231506/tools/bin/../lib/gcc/arm-none-eabi/11.3.1/../../../../arm-none-eabi/lib/thumb/v7e-m+fp/hard/libc_nano.a(libc_a-findfp.o)
 .text.global_stdio_init.part.0
                0x0000000008006fd0       0x3c /opt/st/stm32cubeide_1.13.0/plugins/com.st.stm32cube.ide.mcu.externaltools.gnu-tools-for-stm32.11.3.rel1.linux64_1.1.0.202305231506/tools/bin/../lib/gcc/arm-none-eabi/11.3.1/../../../../arm-none-eabi/lib/thumb/v7e-m+fp/hard/libc_nano.a(libc_a-findfp.o)
 .text.__sfp_lock_acquire
                0x000000000800700c        0xc /opt/st/stm32cubeide_1.13.0/plugins/com.st.stm32cube.ide.mcu.externaltools.gnu-tools-for-stm32.11.3.rel1.linux64_1.1.0.202305231506/tools/bin/../lib/gcc/arm-none-eabi/11.3.1/../../../../arm-none-eabi/lib/thumb/v7e-m+fp/hard/libc_nano.a(libc_a-findfp.o)
                0x000000000800700c                __sfp_lock_acquire
 .text.__sfp_lock_release
                0x0000000008007018        0xc /opt/st/stm32cubeide_1.13.0/plugins/com.st.stm32cube.ide.mcu.externaltools.gnu-tools-for-stm32.11.3.rel1.linux64_1.1.0.202305231506/tools/bin/../lib/gcc/arm-none-eabi/11.3.1/../../../../arm-none-eabi/lib/thumb/v7e-m+fp/hard/libc_nano.a(libc_a-findfp.o)
                0x0000000008007018                __sfp_lock_release
 .text.__sinit  0x0000000008007024       0x30 /opt/st/stm32cubeide_1.13.0/plugins/com.st.stm32cube.ide.mcu.externaltools.gnu-tools-for-stm32.11.3.rel1.linux64_1.1.0.202305231506/tools/bin/../lib/gcc/arm-none-eabi/11.3.1/../../../../arm-none-eabi/lib/thumb/v7e-m+fp/hard/libc_nano.a(libc_a-findfp.o)
                0x0000000008007024                __sinit
 .text._fwalk_sglue
                0x0000000008007054       0x3c /opt/st/stm32cubeide_1.13.0/plugins/com.st.stm32cube.ide.mcu.externaltools.gnu-tools-for-stm32.11.3.rel1.linux64_1.1.0.202305231506/tools/bin/../lib/gcc/arm-none-eabi/11.3.1/../../../../arm-none-eabi/lib/thumb/v7e-m+fp/hard/libc_nano.a(libc_a-fwalk.o)
                0x0000000008007054                _fwalk_sglue
 .text.__sread  0x0000000008007090       0x22 /opt/st/stm32cubeide_1.13.0/plugins/com.st.stm32cube.ide.mcu.externaltools.gnu-tools-for-stm32.11.3.rel1.linux64_1.1.0.202305231506/tools/bin/../lib/gcc/arm-none-eabi/11.3.1/../../../../arm-none-eabi/lib/thumb/v7e-m+fp/hard/libc_nano.a(libc_a-stdio.o)
                0x0000000008007090                __sread
 .text.__swrite
                0x00000000080070b2       0x38 /opt/st/stm32cubeide_1.13.0/plugins/com.st.stm32cube.ide.mcu.externaltools.gnu-tools-for-stm32.11.3.rel1.linux64_1.1.0.202305231506/tools/bin/../lib/gcc/arm-none-eabi/11.3.1/../../../../arm-none-eabi/lib/thumb/v7e-m+fp/hard/libc_nano.a(libc_a-stdio.o)
                0x00000000080070b2                __swrite
 .text.__sseek  0x00000000080070ea       0x24 /opt/st/stm32cubeide_1.13.0/plugins/com.st.stm32cube.ide.mcu.externaltools.gnu-tools-for-stm32.11.3.rel1.linux64_1.1.0.202305231506/tools/bin/../lib/gcc/arm-none-eabi/11.3.1/../../../../arm-none-eabi/lib/thumb/v7e-m+fp/hard/libc_nano.a(libc_a-stdio.o)
                0x00000000080070ea                __sseek
 .text.__sclose
                0x000000000800710e        0x8 /opt/st/stm32cubeide_1.13.0/plugins/com.st.stm32cube.ide.mcu.externaltools.gnu-tools-for-stm32.11.3.rel1.linux64_1.1.0.202305231506/tools/bin/../lib/gcc/arm-none-eabi/11.3.1/../../../../arm-none-eabi/lib/thumb/v7e-m+fp/hard/libc_nano.a(libc_a-stdio.o)
                0x000000000800710e                __sclose
 .text.memset   0x0000000008007116       0x10 /opt/st/stm32cubeide_1.13.0/plugins/com.st.stm32cube.ide.mcu.externaltools.gnu-tools-for-stm32.11.3.rel1.linux64_1.1.0.202305231506/tools/bin/../lib/gcc/arm-none-eabi/11.3.1/../../../../arm-none-eabi/lib/thumb/v7e-m+fp/hard/libc_nano.a(libc_a-memset.o)
                0x0000000008007116                memset
 *fill*         0x0000000008007126        0x2 
 .text._localeconv_r
                0x0000000008007128        0x8 /opt/st/stm32cubeide_1.13.0/plugins/com.st.stm32cube.ide.mcu.externaltools.gnu-tools-for-stm32.11.3.rel1.linux64_1.1.0.202305231506/tools/bin/../lib/gcc/arm-none-eabi/11.3.1/../../../../arm-none-eabi/lib/thumb/v7e-m+fp/hard/libc_nano.a(libc_a-localeconv.o)
                0x0000000008007128                _localeconv_r
 .text._close_r
                0x0000000008007130       0x20 /opt/st/stm32cubeide_1.13.0/plugins/com.st.stm32cube.ide.mcu.externaltools.gnu-tools-for-stm32.11.3.rel1.linux64_1.1.0.202305231506/tools/bin/../lib/gcc/arm-none-eabi/11.3.1/../../../../arm-none-eabi/lib/thumb/v7e-m+fp/hard/libc_nano.a(libc_a-closer.o)
                0x0000000008007130                _close_r
 .text._lseek_r
                0x0000000008007150       0x24 /opt/st/stm32cubeide_1.13.0/plugins/com.st.stm32cube.ide.mcu.externaltools.gnu-tools-for-stm32.11.3.rel1.linux64_1.1.0.202305231506/tools/bin/../lib/gcc/arm-none-eabi/11.3.1/../../../../arm-none-eabi/lib/thumb/v7e-m+fp/hard/libc_nano.a(libc_a-lseekr.o)
                0x0000000008007150                _lseek_r
 .text._read_r  0x0000000008007174       0x24 /opt/st/stm32cubeide_1.13.0/plugins/com.st.stm32cube.ide.mcu.externaltools.gnu-tools-for-stm32.11.3.rel1.linux64_1.1.0.202305231506/tools/bin/../lib/gcc/arm-none-eabi/11.3.1/../../../../arm-none-eabi/lib/thumb/v7e-m+fp/hard/libc_nano.a(libc_a-readr.o)
                0x0000000008007174                _read_r
 .text._write_r
                0x0000000008007198       0x24 /opt/st/stm32cubeide_1.13.0/plugins/com.st.stm32cube.ide.mcu.externaltools.gnu-tools-for-stm32.11.3.rel1.linux64_1.1.0.202305231506/tools/bin/../lib/gcc/arm-none-eabi/11.3.1/../../../../arm-none-eabi/lib/thumb/v7e-m+fp/hard/libc_nano.a(libc_a-writer.o)
                0x0000000008007198                _write_r
 .text.__errno  0x00000000080071bc        0xc /opt/st/stm32cubeide_1.13.0/plugins/com.st.stm32cube.ide.mcu.externaltools.gnu-tools-for-stm32.11.3.rel1.linux64_1.1.0.202305231506/tools/bin/../lib/gcc/arm-none-eabi/11.3.1/../../../../arm-none-eabi/lib/thumb/v7e-m+fp/hard/libc_nano.a(libc_a-errno.o)
                0x00000000080071bc                __errno
 .text.__libc_init_array
                0x00000000080071c8       0x48 /opt/st/stm32cubeide_1.13.0/plugins/com.st.stm32cube.ide.mcu.externaltools.gnu-tools-for-stm32.11.3.rel1.linux64_1.1.0.202305231506/tools/bin/../lib/gcc/arm-none-eabi/11.3.1/../../../../arm-none-eabi/lib/thumb/v7e-m+fp/hard/libc_nano.a(libc_a-init.o)
                0x00000000080071c8                __libc_init_array
 .text.__retarget_lock_acquire_recursive
                0x0000000008007210        0x2 /opt/st/stm32cubeide_1.13.0/plugins/com.st.stm32cube.ide.mcu.externaltools.gnu-tools-for-stm32.11.3.rel1.linux64_1.1.0.202305231506/tools/bin/../lib/gcc/arm-none-eabi/11.3.1/../../../../arm-none-eabi/lib/thumb/v7e-m+fp/hard/libc_nano.a(libc_a-lock.o)
                0x0000000008007210                __retarget_lock_acquire_recursive
 .text.__retarget_lock_release_recursive
                0x0000000008007212        0x2 /opt/st/stm32cubeide_1.13.0/plugins/com.st.stm32cube.ide.mcu.externaltools.gnu-tools-for-stm32.11.3.rel1.linux64_1.1.0.202305231506/tools/bin/../lib/gcc/arm-none-eabi/11.3.1/../../../../arm-none-eabi/lib/thumb/v7e-m+fp/hard/libc_nano.a(libc_a-lock.o)
                0x0000000008007212                __retarget_lock_release_recursive
 .text.quorem   0x0000000008007214      0x110 /opt/st/stm32cubeide_1.13.0/plugins/com.st.stm32cube.ide.mcu.externaltools.gnu-tools-for-stm32.11.3.rel1.linux64_1.1.0.202305231506/tools/bin/../lib/gcc/arm-none-eabi/11.3.1/../../../../arm-none-eabi/lib/thumb/v7e-m+fp/hard/libc_nano.a(libc_a-dtoa.o)
 *fill*         0x0000000008007324        0x4 
 .text._dtoa_r  0x0000000008007328      0xbe4 /opt/st/stm32cubeide_1.13.0/plugins/com.st.stm32cube.ide.mcu.externaltools.gnu-tools-for-stm32.11.3.rel1.linux64_1.1.0.202305231506/tools/bin/../lib/gcc/arm-none-eabi/11.3.1/../../../../arm-none-eabi/lib/thumb/v7e-m+fp/hard/libc_nano.a(libc_a-dtoa.o)
                0x0000000008007328                _dtoa_r
 .text._free_r  0x0000000008007f0c       0x98 /opt/st/stm32cubeide_1.13.0/plugins/com.st.stm32cube.ide.mcu.externaltools.gnu-tools-for-stm32.11.3.rel1.linux64_1.1.0.202305231506/tools/bin/../lib/gcc/arm-none-eabi/11.3.1/../../../../arm-none-eabi/lib/thumb/v7e-m+fp/hard/libc_nano.a(libc_a-freer.o)
                0x0000000008007f0c                _free_r
 .text.malloc   0x0000000008007fa4       0x10 /opt/st/stm32cubeide_1.13.0/plugins/com.st.stm32cube.ide.mcu.externaltools.gnu-tools-for-stm32.11.3.rel1.linux64_1.1.0.202305231506/tools/bin/../lib/gcc/arm-none-eabi/11.3.1/../../../../arm-none-eabi/lib/thumb/v7e-m+fp/hard/libc_nano.a(libc_a-malloc.o)
                0x0000000008007fa4                malloc
 .text.sbrk_aligned
                0x0000000008007fb4       0x40 /opt/st/stm32cubeide_1.13.0/plugins/com.st.stm32cube.ide.mcu.externaltools.gnu-tools-for-stm32.11.3.rel1.linux64_1.1.0.202305231506/tools/bin/../lib/gcc/arm-none-eabi/11.3.1/../../../../arm-none-eabi/lib/thumb/v7e-m+fp/hard/libc_nano.a(libc_a-mallocr.o)
 .text._malloc_r
                0x0000000008007ff4      0x100 /opt/st/stm32cubeide_1.13.0/plugins/com.st.stm32cube.ide.mcu.externaltools.gnu-tools-for-stm32.11.3.rel1.linux64_1.1.0.202305231506/tools/bin/../lib/gcc/arm-none-eabi/11.3.1/../../../../arm-none-eabi/lib/thumb/v7e-m+fp/hard/libc_nano.a(libc_a-mallocr.o)
                0x0000000008007ff4                _malloc_r
 .text.__malloc_lock
                0x00000000080080f4        0xc /opt/st/stm32cubeide_1.13.0/plugins/com.st.stm32cube.ide.mcu.externaltools.gnu-tools-for-stm32.11.3.rel1.linux64_1.1.0.202305231506/tools/bin/../lib/gcc/arm-none-eabi/11.3.1/../../../../arm-none-eabi/lib/thumb/v7e-m+fp/hard/libc_nano.a(libc_a-mlock.o)
                0x00000000080080f4                __malloc_lock
 .text.__malloc_unlock
                0x0000000008008100        0xc /opt/st/stm32cubeide_1.13.0/plugins/com.st.stm32cube.ide.mcu.externaltools.gnu-tools-for-stm32.11.3.rel1.linux64_1.1.0.202305231506/tools/bin/../lib/gcc/arm-none-eabi/11.3.1/../../../../arm-none-eabi/lib/thumb/v7e-m+fp/hard/libc_nano.a(libc_a-mlock.o)
                0x0000000008008100                __malloc_unlock
 .text._Balloc  0x000000000800810c       0x80 /opt/st/stm32cubeide_1.13.0/plugins/com.st.stm32cube.ide.mcu.externaltools.gnu-tools-for-stm32.11.3.rel1.linux64_1.1.0.202305231506/tools/bin/../lib/gcc/arm-none-eabi/11.3.1/../../../../arm-none-eabi/lib/thumb/v7e-m+fp/hard/libc_nano.a(libc_a-mprec.o)
                0x000000000800810c                _Balloc
 .text._Bfree   0x000000000800818c       0x44 /opt/st/stm32cubeide_1.13.0/plugins/com.st.stm32cube.ide.mcu.externaltools.gnu-tools-for-stm32.11.3.rel1.linux64_1.1.0.202305231506/tools/bin/../lib/gcc/arm-none-eabi/11.3.1/../../../../arm-none-eabi/lib/thumb/v7e-m+fp/hard/libc_nano.a(libc_a-mprec.o)
                0x000000000800818c                _Bfree
 .text.__multadd
                0x00000000080081d0       0x8c /opt/st/stm32cubeide_1.13.0/plugins/com.st.stm32cube.ide.mcu.externaltools.gnu-tools-for-stm32.11.3.rel1.linux64_1.1.0.202305231506/tools/bin/../lib/gcc/arm-none-eabi/11.3.1/../../../../arm-none-eabi/lib/thumb/v7e-m+fp/hard/libc_nano.a(libc_a-mprec.o)
                0x00000000080081d0                __multadd
 .text.__hi0bits
                0x000000000800825c       0x40 /opt/st/stm32cubeide_1.13.0/plugins/com.st.stm32cube.ide.mcu.externaltools.gnu-tools-for-stm32.11.3.rel1.linux64_1.1.0.202305231506/tools/bin/../lib/gcc/arm-none-eabi/11.3.1/../../../../arm-none-eabi/lib/thumb/v7e-m+fp/hard/libc_nano.a(libc_a-mprec.o)
                0x000000000800825c                __hi0bits
 .text.__lo0bits
                0x000000000800829c       0x5a /opt/st/stm32cubeide_1.13.0/plugins/com.st.stm32cube.ide.mcu.externaltools.gnu-tools-for-stm32.11.3.rel1.linux64_1.1.0.202305231506/tools/bin/../lib/gcc/arm-none-eabi/11.3.1/../../../../arm-none-eabi/lib/thumb/v7e-m+fp/hard/libc_nano.a(libc_a-mprec.o)
                0x000000000800829c                __lo0bits
 *fill*         0x00000000080082f6        0x2 
 .text.__i2b    0x00000000080082f8       0x2c /opt/st/stm32cubeide_1.13.0/plugins/com.st.stm32cube.ide.mcu.externaltools.gnu-tools-for-stm32.11.3.rel1.linux64_1.1.0.202305231506/tools/bin/../lib/gcc/arm-none-eabi/11.3.1/../../../../arm-none-eabi/lib/thumb/v7e-m+fp/hard/libc_nano.a(libc_a-mprec.o)
                0x00000000080082f8                __i2b
 .text.__multiply
                0x0000000008008324      0x154 /opt/st/stm32cubeide_1.13.0/plugins/com.st.stm32cube.ide.mcu.externaltools.gnu-tools-for-stm32.11.3.rel1.linux64_1.1.0.202305231506/tools/bin/../lib/gcc/arm-none-eabi/11.3.1/../../../../arm-none-eabi/lib/thumb/v7e-m+fp/hard/libc_nano.a(libc_a-mprec.o)
                0x0000000008008324                __multiply
 .text.__pow5mult
                0x0000000008008478       0xb4 /opt/st/stm32cubeide_1.13.0/plugins/com.st.stm32cube.ide.mcu.externaltools.gnu-tools-for-stm32.11.3.rel1.linux64_1.1.0.202305231506/tools/bin/../lib/gcc/arm-none-eabi/11.3.1/../../../../arm-none-eabi/lib/thumb/v7e-m+fp/hard/libc_nano.a(libc_a-mprec.o)
                0x0000000008008478                __pow5mult
 .text.__lshift
                0x000000000800852c       0xd8 /opt/st/stm32cubeide_1.13.0/plugins/com.st.stm32cube.ide.mcu.externaltools.gnu-tools-for-stm32.11.3.rel1.linux64_1.1.0.202305231506/tools/bin/../lib/gcc/arm-none-eabi/11.3.1/../../../../arm-none-eabi/lib/thumb/v7e-m+fp/hard/libc_nano.a(libc_a-mprec.o)
                0x000000000800852c                __lshift
 .text.__mcmp   0x0000000008008604       0x38 /opt/st/stm32cubeide_1.13.0/plugins/com.st.stm32cube.ide.mcu.externaltools.gnu-tools-for-stm32.11.3.rel1.linux64_1.1.0.202305231506/tools/bin/../lib/gcc/arm-none-eabi/11.3.1/../../../../arm-none-eabi/lib/thumb/v7e-m+fp/hard/libc_nano.a(libc_a-mprec.o)
                0x0000000008008604                __mcmp
 .text.__mdiff  0x000000000800863c      0x114 /opt/st/stm32cubeide_1.13.0/plugins/com.st.stm32cube.ide.mcu.externaltools.gnu-tools-for-stm32.11.3.rel1.linux64_1.1.0.202305231506/tools/bin/../lib/gcc/arm-none-eabi/11.3.1/../../../../arm-none-eabi/lib/thumb/v7e-m+fp/hard/libc_nano.a(libc_a-mprec.o)
                0x000000000800863c                __mdiff
 .text.__d2b    0x0000000008008750       0xb4 /opt/st/stm32cubeide_1.13.0/plugins/com.st.stm32cube.ide.mcu.externaltools.gnu-tools-for-stm32.11.3.rel1.linux64_1.1.0.202305231506/tools/bin/../lib/gcc/arm-none-eabi/11.3.1/../../../../arm-none-eabi/lib/thumb/v7e-m+fp/hard/libc_nano.a(libc_a-mprec.o)
                0x0000000008008750                __d2b
 .text.__sflush_r
                0x0000000008008804      0x10c /opt/st/stm32cubeide_1.13.0/plugins/com.st.stm32cube.ide.mcu.externaltools.gnu-tools-for-stm32.11.3.rel1.linux64_1.1.0.202305231506/tools/bin/../lib/gcc/arm-none-eabi/11.3.1/../../../../arm-none-eabi/lib/thumb/v7e-m+fp/hard/libc_nano.a(libc_a-fflush.o)
                0x0000000008008804                __sflush_r
 .text._fflush_r
                0x0000000008008910       0x50 /opt/st/stm32cubeide_1.13.0/plugins/com.st.stm32cube.ide.mcu.externaltools.gnu-tools-for-stm32.11.3.rel1.linux64_1.1.0.202305231506/tools/bin/../lib/gcc/arm-none-eabi/11.3.1/../../../../arm-none-eabi/lib/thumb/v7e-m+fp/hard/libc_nano.a(libc_a-fflush.o)
                0x0000000008008910                _fflush_r
 .text._sbrk_r  0x0000000008008960       0x20 /opt/st/stm32cubeide_1.13.0/plugins/com.st.stm32cube.ide.mcu.externaltools.gnu-tools-for-stm32.11.3.rel1.linux64_1.1.0.202305231506/tools/bin/../lib/gcc/arm-none-eabi/11.3.1/../../../../arm-none-eabi/lib/thumb/v7e-m+fp/hard/libc_nano.a(libc_a-sbrkr.o)
                0x0000000008008960                _sbrk_r
 .text.memcpy   0x0000000008008980       0x1c /opt/st/stm32cubeide_1.13.0/plugins/com.st.stm32cube.ide.mcu.externaltools.gnu-tools-for-stm32.11.3.rel1.linux64_1.1.0.202305231506/tools/bin/../lib/gcc/arm-none-eabi/11.3.1/../../../../arm-none-eabi/lib/thumb/v7e-m+fp/hard/libc_nano.a(libc_a-memcpy-stub.o)
                0x0000000008008980                memcpy
 .text.__assert_func
                0x000000000800899c       0x3c /opt/st/stm32cubeide_1.13.0/plugins/com.st.stm32cube.ide.mcu.externaltools.gnu-tools-for-stm32.11.3.rel1.linux64_1.1.0.202305231506/tools/bin/../lib/gcc/arm-none-eabi/11.3.1/../../../../arm-none-eabi/lib/thumb/v7e-m+fp/hard/libc_nano.a(libc_a-assert.o)
                0x000000000800899c                __assert_func
 .text._calloc_r
                0x00000000080089d8       0x2c /opt/st/stm32cubeide_1.13.0/plugins/com.st.stm32cube.ide.mcu.externaltools.gnu-tools-for-stm32.11.3.rel1.linux64_1.1.0.202305231506/tools/bin/../lib/gcc/arm-none-eabi/11.3.1/../../../../arm-none-eabi/lib/thumb/v7e-m+fp/hard/libc_nano.a(libc_a-callocr.o)
                0x00000000080089d8                _calloc_r
 .text.__ascii_mbtowc
                0x0000000008008a04       0x24 /opt/st/stm32cubeide_1.13.0/plugins/com.st.stm32cube.ide.mcu.externaltools.gnu-tools-for-stm32.11.3.rel1.linux64_1.1.0.202305231506/tools/bin/../lib/gcc/arm-none-eabi/11.3.1/../../../../arm-none-eabi/lib/thumb/v7e-m+fp/hard/libc_nano.a(libc_a-mbtowc_r.o)
                0x0000000008008a04                __ascii_mbtowc
 .text.__ascii_wctomb
                0x0000000008008a28       0x1a /opt/st/stm32cubeide_1.13.0/plugins/com.st.stm32cube.ide.mcu.externaltools.gnu-tools-for-stm32.11.3.rel1.linux64_1.1.0.202305231506/tools/bin/../lib/gcc/arm-none-eabi/11.3.1/../../../../arm-none-eabi/lib/thumb/v7e-m+fp/hard/libc_nano.a(libc_a-wctomb_r.o)
                0x0000000008008a28                __ascii_wctomb
 *fill*         0x0000000008008a42        0x2 
 .text.fprintf  0x0000000008008a44       0x24 /opt/st/stm32cubeide_1.13.0/plugins/com.st.stm32cube.ide.mcu.externaltools.gnu-tools-for-stm32.11.3.rel1.linux64_1.1.0.202305231506/tools/bin/../lib/gcc/arm-none-eabi/11.3.1/../../../../arm-none-eabi/lib/thumb/v7e-m+fp/hard/libc_nano.a(libc_a-fprintf.o)
                0x0000000008008a44                fprintf
                0x0000000008008a44                fiprintf
 .text.abort    0x0000000008008a68        0xe /opt/st/stm32cubeide_1.13.0/plugins/com.st.stm32cube.ide.mcu.externaltools.gnu-tools-for-stm32.11.3.rel1.linux64_1.1.0.202305231506/tools/bin/../lib/gcc/arm-none-eabi/11.3.1/../../../../arm-none-eabi/lib/thumb/v7e-m+fp/hard/libc_nano.a(libc_a-abort.o)
                0x0000000008008a68                abort
 .text.__sfputc_r
                0x0000000008008a76       0x2e /opt/st/stm32cubeide_1.13.0/plugins/com.st.stm32cube.ide.mcu.externaltools.gnu-tools-for-stm32.11.3.rel1.linux64_1.1.0.202305231506/tools/bin/../lib/gcc/arm-none-eabi/11.3.1/../../../../arm-none-eabi/lib/thumb/v7e-m+fp/hard/libc_nano.a(libc_a-nano-vfprintf.o)
 .text.__sfputs_r
                0x0000000008008aa4       0x24 /opt/st/stm32cubeide_1.13.0/plugins/com.st.stm32cube.ide.mcu.externaltools.gnu-tools-for-stm32.11.3.rel1.linux64_1.1.0.202305231506/tools/bin/../lib/gcc/arm-none-eabi/11.3.1/../../../../arm-none-eabi/lib/thumb/v7e-m+fp/hard/libc_nano.a(libc_a-nano-vfprintf.o)
                0x0000000008008aa4                __sfputs_r
 .text._vfprintf_r
                0x0000000008008ac8      0x234 /opt/st/stm32cubeide_1.13.0/plugins/com.st.stm32cube.ide.mcu.externaltools.gnu-tools-for-stm32.11.3.rel1.linux64_1.1.0.202305231506/tools/bin/../lib/gcc/arm-none-eabi/11.3.1/../../../../arm-none-eabi/lib/thumb/v7e-m+fp/hard/libc_nano.a(libc_a-nano-vfprintf.o)
                0x0000000008008ac8                _vfiprintf_r
                0x0000000008008ac8                _vfprintf_r
 .text.__swbuf_r
                0x0000000008008cfc       0x7a /opt/st/stm32cubeide_1.13.0/plugins/com.st.stm32cube.ide.mcu.externaltools.gnu-tools-for-stm32.11.3.rel1.linux64_1.1.0.202305231506/tools/bin/../lib/gcc/arm-none-eabi/11.3.1/../../../../arm-none-eabi/lib/thumb/v7e-m+fp/hard/libc_nano.a(libc_a-wbuf.o)
                0x0000000008008cfc                __swbuf_r
 *fill*         0x0000000008008d76        0x2 
 .text.__swsetup_r
                0x0000000008008d78       0xb0 /opt/st/stm32cubeide_1.13.0/plugins/com.st.stm32cube.ide.mcu.externaltools.gnu-tools-for-stm32.11.3.rel1.linux64_1.1.0.202305231506/tools/bin/../lib/gcc/arm-none-eabi/11.3.1/../../../../arm-none-eabi/lib/thumb/v7e-m+fp/hard/libc_nano.a(libc_a-wsetup.o)
                0x0000000008008d78                __swsetup_r
 .text._raise_r
                0x0000000008008e28       0x50 /opt/st/stm32cubeide_1.13.0/plugins/com.st.stm32cube.ide.mcu.externaltools.gnu-tools-for-stm32.11.3.rel1.linux64_1.1.0.202305231506/tools/bin/../lib/gcc/arm-none-eabi/11.3.1/../../../../arm-none-eabi/lib/thumb/v7e-m+fp/hard/libc_nano.a(libc_a-signal.o)
                0x0000000008008e28                _raise_r
 .text.raise    0x0000000008008e78       0x10 /opt/st/stm32cubeide_1.13.0/plugins/com.st.stm32cube.ide.mcu.externaltools.gnu-tools-for-stm32.11.3.rel1.linux64_1.1.0.202305231506/tools/bin/../lib/gcc/arm-none-eabi/11.3.1/../../../../arm-none-eabi/lib/thumb/v7e-m+fp/hard/libc_nano.a(libc_a-signal.o)
                0x0000000008008e78                raise
 .text._kill_r  0x0000000008008e88       0x24 /opt/st/stm32cubeide_1.13.0/plugins/com.st.stm32cube.ide.mcu.externaltools.gnu-tools-for-stm32.11.3.rel1.linux64_1.1.0.202305231506/tools/bin/../lib/gcc/arm-none-eabi/11.3.1/../../../../arm-none-eabi/lib/thumb/v7e-m+fp/hard/libc_nano.a(libc_a-signalr.o)
                0x0000000008008e88                _kill_r
 .text._getpid_r
                0x0000000008008eac        0x4 /opt/st/stm32cubeide_1.13.0/plugins/com.st.stm32cube.ide.mcu.externaltools.gnu-tools-for-stm32.11.3.rel1.linux64_1.1.0.202305231506/tools/bin/../lib/gcc/arm-none-eabi/11.3.1/../../../../arm-none-eabi/lib/thumb/v7e-m+fp/hard/libc_nano.a(libc_a-signalr.o)
                0x0000000008008eac                _getpid_r
 .text.__swhatbuf_r
                0x0000000008008eb0       0x4c /opt/st/stm32cubeide_1.13.0/plugins/com.st.stm32cube.ide.mcu.externaltools.gnu-tools-for-stm32.11.3.rel1.linux64_1.1.0.202305231506/tools/bin/../lib/gcc/arm-none-eabi/11.3.1/../../../../arm-none-eabi/lib/thumb/v7e-m+fp/hard/libc_nano.a(libc_a-makebuf.o)
                0x0000000008008eb0                __swhatbuf_r
 .text.__smakebuf_r
                0x0000000008008efc       0x78 /opt/st/stm32cubeide_1.13.0/plugins/com.st.stm32cube.ide.mcu.externaltools.gnu-tools-for-stm32.11.3.rel1.linux64_1.1.0.202305231506/tools/bin/../lib/gcc/arm-none-eabi/11.3.1/../../../../arm-none-eabi/lib/thumb/v7e-m+fp/hard/libc_nano.a(libc_a-makebuf.o)
                0x0000000008008efc                __smakebuf_r
 .text._fstat_r
                0x0000000008008f74       0x24 /opt/st/stm32cubeide_1.13.0/plugins/com.st.stm32cube.ide.mcu.externaltools.gnu-tools-for-stm32.11.3.rel1.linux64_1.1.0.202305231506/tools/bin/../lib/gcc/arm-none-eabi/11.3.1/../../../../arm-none-eabi/lib/thumb/v7e-m+fp/hard/libc_nano.a(libc_a-fstatr.o)
                0x0000000008008f74                _fstat_r
 .text._isatty_r
                0x0000000008008f98       0x20 /opt/st/stm32cubeide_1.13.0/plugins/com.st.stm32cube.ide.mcu.externaltools.gnu-tools-for-stm32.11.3.rel1.linux64_1.1.0.202305231506/tools/bin/../lib/gcc/arm-none-eabi/11.3.1/../../../../arm-none-eabi/lib/thumb/v7e-m+fp/hard/libc_nano.a(libc_a-isattyr.o)
                0x0000000008008f98                _isatty_r
 .text.pow      0x0000000008008fb8       0xe0 /opt/st/stm32cubeide_1.13.0/plugins/com.st.stm32cube.ide.mcu.externaltools.gnu-tools-for-stm32.11.3.rel1.linux64_1.1.0.202305231506/tools/bin/../lib/gcc/arm-none-eabi/11.3.1/../../../../arm-none-eabi/lib/thumb/v7e-m+fp/hard/libm.a(libm_a-w_pow.o)
                0x0000000008008fb8                pow
 .text.finite   0x0000000008009098       0x16 /opt/st/stm32cubeide_1.13.0/plugins/com.st.stm32cube.ide.mcu.externaltools.gnu-tools-for-stm32.11.3.rel1.linux64_1.1.0.202305231506/tools/bin/../lib/gcc/arm-none-eabi/11.3.1/../../../../arm-none-eabi/lib/thumb/v7e-m+fp/hard/libm.a(libm_a-s_finite.o)
                0x0000000008009098                finite
 *fill*         0x00000000080090ae        0x2 
 .text.floor    0x00000000080090b0      0x100 /opt/st/stm32cubeide_1.13.0/plugins/com.st.stm32cube.ide.mcu.externaltools.gnu-tools-for-stm32.11.3.rel1.linux64_1.1.0.202305231506/tools/bin/../lib/gcc/arm-none-eabi/11.3.1/../../../../arm-none-eabi/lib/thumb/v7e-m+fp/hard/libm.a(libm_a-s_floor.o)
                0x00000000080090b0                floor
 .text.__ieee754_pow
                0x00000000080091b0      0xa54 /opt/st/stm32cubeide_1.13.0/plugins/com.st.stm32cube.ide.mcu.externaltools.gnu-tools-for-stm32.11.3.rel1.linux64_1.1.0.202305231506/tools/bin/../lib/gcc/arm-none-eabi/11.3.1/../../../../arm-none-eabi/lib/thumb/v7e-m+fp/hard/libm.a(libm_a-e_pow.o)
                0x00000000080091b0                __ieee754_pow
 .text.fabs     0x0000000008009c04       0x12 /opt/st/stm32cubeide_1.13.0/plugins/com.st.stm32cube.ide.mcu.externaltools.gnu-tools-for-stm32.11.3.rel1.linux64_1.1.0.202305231506/tools/bin/../lib/gcc/arm-none-eabi/11.3.1/../../../../arm-none-eabi/lib/thumb/v7e-m+fp/hard/libm.a(libm_a-s_fabs.o)
                0x0000000008009c04                fabs
 *fill*         0x0000000008009c16        0x2 
 .text.scalbn   0x0000000008009c18       0xfc /opt/st/stm32cubeide_1.13.0/plugins/com.st.stm32cube.ide.mcu.externaltools.gnu-tools-for-stm32.11.3.rel1.linux64_1.1.0.202305231506/tools/bin/../lib/gcc/arm-none-eabi/11.3.1/../../../../arm-none-eabi/lib/thumb/v7e-m+fp/hard/libm.a(libm_a-s_scalbn.o)
                0x0000000008009c18                scalbn
 .text.with_errno
                0x0000000008009d14       0x14 /opt/st/stm32cubeide_1.13.0/plugins/com.st.stm32cube.ide.mcu.externaltools.gnu-tools-for-stm32.11.3.rel1.linux64_1.1.0.202305231506/tools/bin/../lib/gcc/arm-none-eabi/11.3.1/../../../../arm-none-eabi/lib/thumb/v7e-m+fp/hard/libm.a(libm_a-math_err.o)
 .text.xflow    0x0000000008009d28       0x28 /opt/st/stm32cubeide_1.13.0/plugins/com.st.stm32cube.ide.mcu.externaltools.gnu-tools-for-stm32.11.3.rel1.linux64_1.1.0.202305231506/tools/bin/../lib/gcc/arm-none-eabi/11.3.1/../../../../arm-none-eabi/lib/thumb/v7e-m+fp/hard/libm.a(libm_a-math_err.o)
 .text.__math_uflow
                0x0000000008009d50       0x12 /opt/st/stm32cubeide_1.13.0/plugins/com.st.stm32cube.ide.mcu.externaltools.gnu-tools-for-stm32.11.3.rel1.linux64_1.1.0.202305231506/tools/bin/../lib/gcc/arm-none-eabi/11.3.1/../../../../arm-none-eabi/lib/thumb/v7e-m+fp/hard/libm.a(libm_a-math_err.o)
                0x0000000008009d50                __math_uflow
 .text.__math_oflow
                0x0000000008009d62       0x12 /opt/st/stm32cubeide_1.13.0/plugins/com.st.stm32cube.ide.mcu.externaltools.gnu-tools-for-stm32.11.3.rel1.linux64_1.1.0.202305231506/tools/bin/../lib/gcc/arm-none-eabi/11.3.1/../../../../arm-none-eabi/lib/thumb/v7e-m+fp/hard/libm.a(libm_a-math_err.o)
                0x0000000008009d62                __math_oflow
 .text.__ieee754_sqrt
                0x0000000008009d74      0x1b4 /opt/st/stm32cubeide_1.13.0/plugins/com.st.stm32cube.ide.mcu.externaltools.gnu-tools-for-stm32.11.3.rel1.linux64_1.1.0.202305231506/tools/bin/../lib/gcc/arm-none-eabi/11.3.1/../../../../arm-none-eabi/lib/thumb/v7e-m+fp/hard/libm.a(libm_a-e_sqrt.o)
                0x0000000008009d74                __ieee754_sqrt
 *(.glue_7)
 .glue_7        0x0000000008009f28        0x0 linker stubs
 *(.glue_7t)
 .glue_7t       0x0000000008009f28        0x0 linker stubs
 *(.eh_frame)
 .eh_frame      0x0000000008009f28        0x0 /opt/st/stm32cubeide_1.13.0/plugins/com.st.stm32cube.ide.mcu.externaltools.gnu-tools-for-stm32.11.3.rel1.linux64_1.1.0.202305231506/tools/bin/../lib/gcc/arm-none-eabi/11.3.1/thumb/v7e-m+fp/hard/crtbegin.o
 *(.init)
 .init          0x0000000008009f28        0x4 /opt/st/stm32cubeide_1.13.0/plugins/com.st.stm32cube.ide.mcu.externaltools.gnu-tools-for-stm32.11.3.rel1.linux64_1.1.0.202305231506/tools/bin/../lib/gcc/arm-none-eabi/11.3.1/thumb/v7e-m+fp/hard/crti.o
                0x0000000008009f28                _init
 .init          0x0000000008009f2c        0x8 /opt/st/stm32cubeide_1.13.0/plugins/com.st.stm32cube.ide.mcu.externaltools.gnu-tools-for-stm32.11.3.rel1.linux64_1.1.0.202305231506/tools/bin/../lib/gcc/arm-none-eabi/11.3.1/thumb/v7e-m+fp/hard/crtn.o
 *(.fini)
 .fini          0x0000000008009f34        0x4 /opt/st/stm32cubeide_1.13.0/plugins/com.st.stm32cube.ide.mcu.externaltools.gnu-tools-for-stm32.11.3.rel1.linux64_1.1.0.202305231506/tools/bin/../lib/gcc/arm-none-eabi/11.3.1/thumb/v7e-m+fp/hard/crti.o
                0x0000000008009f34                _fini
 .fini          0x0000000008009f38        0x8 /opt/st/stm32cubeide_1.13.0/plugins/com.st.stm32cube.ide.mcu.externaltools.gnu-tools-for-stm32.11.3.rel1.linux64_1.1.0.202305231506/tools/bin/../lib/gcc/arm-none-eabi/11.3.1/thumb/v7e-m+fp/hard/crtn.o
                0x0000000008009f40                . = ALIGN (0x4)
                0x0000000008009f40                _etext = .

.vfp11_veneer   0x0000000008009f40        0x0
 .vfp11_veneer  0x0000000008009f40        0x0 linker stubs

.v4_bx          0x0000000008009f40        0x0
 .v4_bx         0x0000000008009f40        0x0 linker stubs

.iplt           0x0000000008009f40        0x0
 .iplt          0x0000000008009f40        0x0 /opt/st/stm32cubeide_1.13.0/plugins/com.st.stm32cube.ide.mcu.externaltools.gnu-tools-for-stm32.11.3.rel1.linux64_1.1.0.202305231506/tools/bin/../lib/gcc/arm-none-eabi/11.3.1/thumb/v7e-m+fp/hard/crtbegin.o

.rodata         0x0000000008009f40      0x3d0
                0x0000000008009f40                . = ALIGN (0x4)
 *(.rodata)
 .rodata        0x0000000008009f40        0x6 ./Core/Usr/gps/gps_M8N.o
 *(.rodata*)
 *fill*         0x0000000008009f46        0x2 
 .rodata.AHBPrescTable
                0x0000000008009f48       0x10 ./Core/Src/system_stm32f4xx.o
                0x0000000008009f48                AHBPrescTable
 .rodata.APBPrescTable
                0x0000000008009f58        0x8 ./Core/Src/system_stm32f4xx.o
                0x0000000008009f58                APBPrescTable
 .rodata.flagBitshiftOffset.0
                0x0000000008009f60        0x8 ./Drivers/STM32F4xx_HAL_Driver/Src/stm32f4xx_hal_dma.o
 .rodata._ctype_
                0x0000000008009f68      0x101 /opt/st/stm32cubeide_1.13.0/plugins/com.st.stm32cube.ide.mcu.externaltools.gnu-tools-for-stm32.11.3.rel1.linux64_1.1.0.202305231506/tools/bin/../lib/gcc/arm-none-eabi/11.3.1/../../../../arm-none-eabi/lib/thumb/v7e-m+fp/hard/libc_nano.a(libc_a-ctype_.o)
                0x0000000008009f68                _ctype_
 .rodata._printf_float.str1.1
                0x000000000800a069       0x12 /opt/st/stm32cubeide_1.13.0/plugins/com.st.stm32cube.ide.mcu.externaltools.gnu-tools-for-stm32.11.3.rel1.linux64_1.1.0.202305231506/tools/bin/../lib/gcc/arm-none-eabi/11.3.1/../../../../arm-none-eabi/lib/thumb/v7e-m+fp/hard/libc_nano.a(libc_a-nano-vfprintf_float.o)
 .rodata._printf_i.str1.1
                0x000000000800a07b       0x22 /opt/st/stm32cubeide_1.13.0/plugins/com.st.stm32cube.ide.mcu.externaltools.gnu-tools-for-stm32.11.3.rel1.linux64_1.1.0.202305231506/tools/bin/../lib/gcc/arm-none-eabi/11.3.1/../../../../arm-none-eabi/lib/thumb/v7e-m+fp/hard/libc_nano.a(libc_a-nano-vfprintf_i.o)
 .rodata._dtoa_r.str1.1
                0x000000000800a09d       0x8d /opt/st/stm32cubeide_1.13.0/plugins/com.st.stm32cube.ide.mcu.externaltools.gnu-tools-for-stm32.11.3.rel1.linux64_1.1.0.202305231506/tools/bin/../lib/gcc/arm-none-eabi/11.3.1/../../../../arm-none-eabi/lib/thumb/v7e-m+fp/hard/libc_nano.a(libc_a-dtoa.o)
                                         0x8f (size before relaxing)
 .rodata._Balloc.str1.1
                0x000000000800a12a       0x59 /opt/st/stm32cubeide_1.13.0/plugins/com.st.stm32cube.ide.mcu.externaltools.gnu-tools-for-stm32.11.3.rel1.linux64_1.1.0.202305231506/tools/bin/../lib/gcc/arm-none-eabi/11.3.1/../../../../arm-none-eabi/lib/thumb/v7e-m+fp/hard/libc_nano.a(libc_a-mprec.o)
                                         0x70 (size before relaxing)
 .rodata.__multadd.str1.1
                0x000000000800a183       0x11 /opt/st/stm32cubeide_1.13.0/plugins/com.st.stm32cube.ide.mcu.externaltools.gnu-tools-for-stm32.11.3.rel1.linux64_1.1.0.202305231506/tools/bin/../lib/gcc/arm-none-eabi/11.3.1/../../../../arm-none-eabi/lib/thumb/v7e-m+fp/hard/libc_nano.a(libc_a-mprec.o)
 *fill*         0x000000000800a183        0x5 
 .rodata.__mprec_bigtens
                0x000000000800a188       0x28 /opt/st/stm32cubeide_1.13.0/plugins/com.st.stm32cube.ide.mcu.externaltools.gnu-tools-for-stm32.11.3.rel1.linux64_1.1.0.202305231506/tools/bin/../lib/gcc/arm-none-eabi/11.3.1/../../../../arm-none-eabi/lib/thumb/v7e-m+fp/hard/libc_nano.a(libc_a-mprec.o)
                0x000000000800a188                __mprec_bigtens
 .rodata.__mprec_tens
                0x000000000800a1b0       0xc8 /opt/st/stm32cubeide_1.13.0/plugins/com.st.stm32cube.ide.mcu.externaltools.gnu-tools-for-stm32.11.3.rel1.linux64_1.1.0.202305231506/tools/bin/../lib/gcc/arm-none-eabi/11.3.1/../../../../arm-none-eabi/lib/thumb/v7e-m+fp/hard/libc_nano.a(libc_a-mprec.o)
                0x000000000800a1b0                __mprec_tens
 .rodata.p05.0  0x000000000800a278        0xc /opt/st/stm32cubeide_1.13.0/plugins/com.st.stm32cube.ide.mcu.externaltools.gnu-tools-for-stm32.11.3.rel1.linux64_1.1.0.202305231506/tools/bin/../lib/gcc/arm-none-eabi/11.3.1/../../../../arm-none-eabi/lib/thumb/v7e-m+fp/hard/libc_nano.a(libc_a-mprec.o)
 .rodata._setlocale_r.str1.1
                0x000000000800a284        0x8 /opt/st/stm32cubeide_1.13.0/plugins/com.st.stm32cube.ide.mcu.externaltools.gnu-tools-for-stm32.11.3.rel1.linux64_1.1.0.202305231506/tools/bin/../lib/gcc/arm-none-eabi/11.3.1/../../../../arm-none-eabi/lib/thumb/v7e-m+fp/hard/libc_nano.a(libc_a-locale.o)
                                          0x9 (size before relaxing)
 .rodata.str1.1
                0x000000000800a28c        0x2 /opt/st/stm32cubeide_1.13.0/plugins/com.st.stm32cube.ide.mcu.externaltools.gnu-tools-for-stm32.11.3.rel1.linux64_1.1.0.202305231506/tools/bin/../lib/gcc/arm-none-eabi/11.3.1/../../../../arm-none-eabi/lib/thumb/v7e-m+fp/hard/libc_nano.a(libc_a-locale.o)
 .rodata.__assert_func.str1.1
                0x000000000800a28e       0x3c /opt/st/stm32cubeide_1.13.0/plugins/com.st.stm32cube.ide.mcu.externaltools.gnu-tools-for-stm32.11.3.rel1.linux64_1.1.0.202305231506/tools/bin/../lib/gcc/arm-none-eabi/11.3.1/../../../../arm-none-eabi/lib/thumb/v7e-m+fp/hard/libc_nano.a(libc_a-assert.o)
                                         0x3d (size before relaxing)
 .rodata._vfprintf_r.str1.1
                0x000000000800a2ca       0x11 /opt/st/stm32cubeide_1.13.0/plugins/com.st.stm32cube.ide.mcu.externaltools.gnu-tools-for-stm32.11.3.rel1.linux64_1.1.0.202305231506/tools/bin/../lib/gcc/arm-none-eabi/11.3.1/../../../../arm-none-eabi/lib/thumb/v7e-m+fp/hard/libc_nano.a(libc_a-nano-vfprintf.o)
 *fill*         0x000000000800a2db        0x5 
 .rodata.bp     0x000000000800a2e0       0x10 /opt/st/stm32cubeide_1.13.0/plugins/com.st.stm32cube.ide.mcu.externaltools.gnu-tools-for-stm32.11.3.rel1.linux64_1.1.0.202305231506/tools/bin/../lib/gcc/arm-none-eabi/11.3.1/../../../../arm-none-eabi/lib/thumb/v7e-m+fp/hard/libm.a(libm_a-e_pow.o)
 .rodata.dp_h   0x000000000800a2f0       0x10 /opt/st/stm32cubeide_1.13.0/plugins/com.st.stm32cube.ide.mcu.externaltools.gnu-tools-for-stm32.11.3.rel1.linux64_1.1.0.202305231506/tools/bin/../lib/gcc/arm-none-eabi/11.3.1/../../../../arm-none-eabi/lib/thumb/v7e-m+fp/hard/libm.a(libm_a-e_pow.o)
 .rodata.dp_l   0x000000000800a300       0x10 /opt/st/stm32cubeide_1.13.0/plugins/com.st.stm32cube.ide.mcu.externaltools.gnu-tools-for-stm32.11.3.rel1.linux64_1.1.0.202305231506/tools/bin/../lib/gcc/arm-none-eabi/11.3.1/../../../../arm-none-eabi/lib/thumb/v7e-m+fp/hard/libm.a(libm_a-e_pow.o)
                0x000000000800a310                . = ALIGN (0x4)

.ARM.extab      0x000000000800a310        0x0
                0x000000000800a310                . = ALIGN (0x4)
 *(.ARM.extab* .gnu.linkonce.armextab.*)
                0x000000000800a310                . = ALIGN (0x4)

.ARM            0x000000000800a310        0x8
                0x000000000800a310                . = ALIGN (0x4)
                0x000000000800a310                __exidx_start = .
 *(.ARM.exidx*)
 .ARM.exidx     0x000000000800a310        0x8 /opt/st/stm32cubeide_1.13.0/plugins/com.st.stm32cube.ide.mcu.externaltools.gnu-tools-for-stm32.11.3.rel1.linux64_1.1.0.202305231506/tools/bin/../lib/gcc/arm-none-eabi/11.3.1/thumb/v7e-m+fp/hard/libgcc.a(_udivmoddi4.o)
                0x000000000800a318                __exidx_end = .
                0x000000000800a318                . = ALIGN (0x4)

.rel.dyn        0x000000000800a318        0x0
 .rel.iplt      0x000000000800a318        0x0 /opt/st/stm32cubeide_1.13.0/plugins/com.st.stm32cube.ide.mcu.externaltools.gnu-tools-for-stm32.11.3.rel1.linux64_1.1.0.202305231506/tools/bin/../lib/gcc/arm-none-eabi/11.3.1/thumb/v7e-m+fp/hard/crtbegin.o

.preinit_array  0x000000000800a318        0x0
                0x000000000800a318                . = ALIGN (0x4)
                0x000000000800a318                PROVIDE (__preinit_array_start = .)
 *(.preinit_array*)
                0x000000000800a318                PROVIDE (__preinit_array_end = .)
                0x000000000800a318                . = ALIGN (0x4)

.init_array     0x000000000800a318        0x4
                0x000000000800a318                . = ALIGN (0x4)
                0x000000000800a318                PROVIDE (__init_array_start = .)
 *(SORT_BY_NAME(.init_array.*))
 *(.init_array*)
 .init_array    0x000000000800a318        0x4 /opt/st/stm32cubeide_1.13.0/plugins/com.st.stm32cube.ide.mcu.externaltools.gnu-tools-for-stm32.11.3.rel1.linux64_1.1.0.202305231506/tools/bin/../lib/gcc/arm-none-eabi/11.3.1/thumb/v7e-m+fp/hard/crtbegin.o
                0x000000000800a31c                PROVIDE (__init_array_end = .)
                0x000000000800a31c                . = ALIGN (0x4)

.fini_array     0x000000000800a31c        0x4
                0x000000000800a31c                . = ALIGN (0x4)
                [!provide]                        PROVIDE (__fini_array_start = .)
 *(SORT_BY_NAME(.fini_array.*))
 *(.fini_array*)
 .fini_array    0x000000000800a31c        0x4 /opt/st/stm32cubeide_1.13.0/plugins/com.st.stm32cube.ide.mcu.externaltools.gnu-tools-for-stm32.11.3.rel1.linux64_1.1.0.202305231506/tools/bin/../lib/gcc/arm-none-eabi/11.3.1/thumb/v7e-m+fp/hard/crtbegin.o
                [!provide]                        PROVIDE (__fini_array_end = .)
                0x000000000800a320                . = ALIGN (0x4)
                0x000000000800a320                _sidata = LOADADDR (.data)

.data           0x0000000020000000      0x210 load address 0x000000000800a320
                0x0000000020000000                . = ALIGN (0x4)
                0x0000000020000000                _sdata = .
 *(.data)
 *(.data*)
 .data.SystemCoreClock
                0x0000000020000000        0x4 ./Core/Src/system_stm32f4xx.o
                0x0000000020000000                SystemCoreClock
 .data.GMT      0x0000000020000004        0x4 ./Core/Usr/gps/NMEA.o
                0x0000000020000004                GMT
 .data.ggaflag  0x0000000020000008        0x1 ./Core/Usr/gps/gps_M8N.o
                0x0000000020000008                ggaflag
 *fill*         0x0000000020000009        0x3 
 .data.txdummy  0x000000002000000c        0x5 ./Core/Usr/lora.o
                0x000000002000000c                txdummy
 *fill*         0x0000000020000011        0x3 
 .data.lora_tx_gps
                0x0000000020000014       0x17 ./Core/Usr/lora.o
                0x0000000020000014                lora_tx_gps
 *fill*         0x000000002000002b        0x1 
 .data.uwTickPrio
                0x000000002000002c        0x4 ./Drivers/STM32F4xx_HAL_Driver/Src/stm32f4xx_hal.o
                0x000000002000002c                uwTickPrio
 .data.uwTickFreq
                0x0000000020000030        0x1 ./Drivers/STM32F4xx_HAL_Driver/Src/stm32f4xx_hal.o
                0x0000000020000030                uwTickFreq
 *fill*         0x0000000020000031        0x3 
 .data.__sglue  0x0000000020000034        0xc /opt/st/stm32cubeide_1.13.0/plugins/com.st.stm32cube.ide.mcu.externaltools.gnu-tools-for-stm32.11.3.rel1.linux64_1.1.0.202305231506/tools/bin/../lib/gcc/arm-none-eabi/11.3.1/../../../../arm-none-eabi/lib/thumb/v7e-m+fp/hard/libc_nano.a(libc_a-findfp.o)
                0x0000000020000034                __sglue
 .data._impure_data
                0x0000000020000040       0x4c /opt/st/stm32cubeide_1.13.0/plugins/com.st.stm32cube.ide.mcu.externaltools.gnu-tools-for-stm32.11.3.rel1.linux64_1.1.0.202305231506/tools/bin/../lib/gcc/arm-none-eabi/11.3.1/../../../../arm-none-eabi/lib/thumb/v7e-m+fp/hard/libc_nano.a(libc_a-impure.o)
                0x0000000020000040                _impure_data
 .data._impure_ptr
                0x000000002000008c        0x4 /opt/st/stm32cubeide_1.13.0/plugins/com.st.stm32cube.ide.mcu.externaltools.gnu-tools-for-stm32.11.3.rel1.linux64_1.1.0.202305231506/tools/bin/../lib/gcc/arm-none-eabi/11.3.1/../../../../arm-none-eabi/lib/thumb/v7e-m+fp/hard/libc_nano.a(libc_a-impure.o)
                0x000000002000008c                _impure_ptr
 .data.__global_locale
                0x0000000020000090      0x16c /opt/st/stm32cubeide_1.13.0/plugins/com.st.stm32cube.ide.mcu.externaltools.gnu-tools-for-stm32.11.3.rel1.linux64_1.1.0.202305231506/tools/bin/../lib/gcc/arm-none-eabi/11.3.1/../../../../arm-none-eabi/lib/thumb/v7e-m+fp/hard/libc_nano.a(libc_a-locale.o)
                0x0000000020000090                __global_locale
 *fill*         0x00000000200001fc        0x4 
 .data.one      0x0000000020000200        0x8 /opt/st/stm32cubeide_1.13.0/plugins/com.st.stm32cube.ide.mcu.externaltools.gnu-tools-for-stm32.11.3.rel1.linux64_1.1.0.202305231506/tools/bin/../lib/gcc/arm-none-eabi/11.3.1/../../../../arm-none-eabi/lib/thumb/v7e-m+fp/hard/libm.a(libm_a-e_sqrt.o)
 .data.tiny     0x0000000020000208        0x8 /opt/st/stm32cubeide_1.13.0/plugins/com.st.stm32cube.ide.mcu.externaltools.gnu-tools-for-stm32.11.3.rel1.linux64_1.1.0.202305231506/tools/bin/../lib/gcc/arm-none-eabi/11.3.1/../../../../arm-none-eabi/lib/thumb/v7e-m+fp/hard/libm.a(libm_a-e_sqrt.o)
 *(.RamFunc)
 *(.RamFunc*)
                0x0000000020000210                . = ALIGN (0x4)
                0x0000000020000210                _edata = .

.igot.plt       0x0000000020000210        0x0 load address 0x000000000800a530
 .igot.plt      0x0000000020000210        0x0 /opt/st/stm32cubeide_1.13.0/plugins/com.st.stm32cube.ide.mcu.externaltools.gnu-tools-for-stm32.11.3.rel1.linux64_1.1.0.202305231506/tools/bin/../lib/gcc/arm-none-eabi/11.3.1/thumb/v7e-m+fp/hard/crtbegin.o
                0x0000000020000210                . = ALIGN (0x4)

.bss            0x0000000020000210      0x968 load address 0x000000000800a530
                0x0000000020000210                _sbss = .
                0x0000000020000210                __bss_start__ = _sbss
 *(.bss)
 .bss           0x0000000020000210       0x1c /opt/st/stm32cubeide_1.13.0/plugins/com.st.stm32cube.ide.mcu.externaltools.gnu-tools-for-stm32.11.3.rel1.linux64_1.1.0.202305231506/tools/bin/../lib/gcc/arm-none-eabi/11.3.1/thumb/v7e-m+fp/hard/crtbegin.o
 *(.bss*)
 .bss.hadc1     0x000000002000022c       0x48 ./Core/Src/adc.o
                0x000000002000022c                hadc1
 .bss.flag      0x0000000020000274        0x1 ./Core/Src/main.o
                0x0000000020000274                flag
 .bss.callback  0x0000000020000275        0x1 ./Core/Src/main.o
                0x0000000020000275                callback
 *fill*         0x0000000020000276        0x2 
 .bss.__sbrk_heap_end
                0x0000000020000278        0x4 ./Core/Src/sysmem.o
 .bss.htim1     0x000000002000027c       0x48 ./Core/Src/tim.o
                0x000000002000027c                htim1
 .bss.huart1    0x00000000200002c4       0x44 ./Core/Src/usart.o
                0x00000000200002c4                huart1
 .bss.huart2    0x0000000020000308       0x44 ./Core/Src/usart.o
                0x0000000020000308                huart2
 .bss.huart6    0x000000002000034c       0x44 ./Core/Src/usart.o
                0x000000002000034c                huart6
 .bss.hdma_usart1_rx
                0x0000000020000390       0x60 ./Core/Src/usart.o
                0x0000000020000390                hdma_usart1_rx
 .bss.hdma_usart1_tx
                0x00000000200003f0       0x60 ./Core/Src/usart.o
                0x00000000200003f0                hdma_usart1_tx
 .bss.hdma_usart6_rx
                0x0000000020000450       0x60 ./Core/Src/usart.o
                0x0000000020000450                hdma_usart6_rx
 .bss.hdma_usart6_tx
                0x00000000200004b0       0x60 ./Core/Src/usart.o
                0x00000000200004b0                hdma_usart6_tx
 .bss.inx       0x0000000020000510        0x4 ./Core/Usr/gps/NMEA.o
                0x0000000020000510                inx
 .bss.hr        0x0000000020000514        0x4 ./Core/Usr/gps/NMEA.o
                0x0000000020000514                hr
 .bss.min       0x0000000020000518        0x4 ./Core/Usr/gps/NMEA.o
                0x0000000020000518                min
 .bss.daychange
                0x000000002000051c        0x4 ./Core/Usr/gps/NMEA.o
                0x000000002000051c                daychange
 .bss.timeout   0x0000000020000520        0x2 ./Core/Usr/gps/UartRingbuffer.o
                0x0000000020000520                timeout
 *fill*         0x0000000020000522        0x2 
 .bss.rx_buffer
                0x0000000020000524      0x208 ./Core/Usr/gps/UartRingbuffer.o
                0x0000000020000524                rx_buffer
 .bss.tx_buffer
                0x000000002000072c      0x208 ./Core/Usr/gps/UartRingbuffer.o
                0x000000002000072c                tx_buffer
 .bss._rx_buffer
                0x0000000020000934        0x4 ./Core/Usr/gps/UartRingbuffer.o
                0x0000000020000934                _rx_buffer
 .bss._tx_buffer
                0x0000000020000938        0x4 ./Core/Usr/gps/UartRingbuffer.o
                0x0000000020000938                _tx_buffer
 .bss.GGA       0x000000002000093c       0x64 ./Core/Usr/gps/gps_M8N.o
                0x000000002000093c                GGA
 .bss.gpsData   0x00000000200009a0       0x44 ./Core/Usr/gps/gps_M8N.o
                0x00000000200009a0                gpsData
 .bss.m_touch_state
                0x00000000200009e4        0x1 ./Core/Usr/lcd/lcd_touch.o
 *fill*         0x00000000200009e5        0x3 
 .bss.m_last_point_ref
                0x00000000200009e8        0x4 ./Core/Usr/lcd/lcd_touch.o
 .bss.lora_huart
                0x00000000200009ec        0x4 ./Core/Usr/lora.o
                0x00000000200009ec                lora_huart
 .bss.lora      0x00000000200009f0        0x5 ./Core/Usr/lora.o
                0x00000000200009f0                lora
 *fill*         0x00000000200009f5        0x3 
 .bss.lora_txbuff
                0x00000000200009f8        0xf ./Core/Usr/lora.o
                0x00000000200009f8                lora_txbuff
 *fill*         0x0000000020000a07        0x1 
 .bss.lora_param
                0x0000000020000a08        0x6 ./Core/Usr/lora.o
                0x0000000020000a08                lora_param
 .bss.lora_dummy_rxbuff
                0x0000000020000a0e        0x1 ./Core/Usr/lora.o
                0x0000000020000a0e                lora_dummy_rxbuff
 .bss.aux       0x0000000020000a0f        0x1 ./Core/Usr/lora.o
                0x0000000020000a0f                aux
 .bss.coordinates
                0x0000000020000a10        0x8 ./Core/Usr/lora.o
                0x0000000020000a10                coordinates
 .bss.delay.0   0x0000000020000a18        0x4 ./Core/Usr/lora.o
 .bss.server_huart
                0x0000000020000a1c        0x4 ./Core/Usr/server.o
                0x0000000020000a1c                server_huart
 .bss.rxbuff    0x0000000020000a20        0x5 ./Core/Usr/server.o
                0x0000000020000a20                rxbuff
 .bss.callback_flag
                0x0000000020000a25        0x1 ./Core/Usr/server.o
                0x0000000020000a25                callback_flag
 .bss.restart_flag
                0x0000000020000a26        0x1 ./Core/Usr/server.o
                0x0000000020000a26                restart_flag
 .bss.server_status
                0x0000000020000a27        0x1 ./Core/Usr/server.o
                0x0000000020000a27                server_status
 .bss.uwTick    0x0000000020000a28        0x4 ./Drivers/STM32F4xx_HAL_Driver/Src/stm32f4xx_hal.o
                0x0000000020000a28                uwTick
 .bss.__sf      0x0000000020000a2c      0x138 /opt/st/stm32cubeide_1.13.0/plugins/com.st.stm32cube.ide.mcu.externaltools.gnu-tools-for-stm32.11.3.rel1.linux64_1.1.0.202305231506/tools/bin/../lib/gcc/arm-none-eabi/11.3.1/../../../../arm-none-eabi/lib/thumb/v7e-m+fp/hard/libc_nano.a(libc_a-findfp.o)
                0x0000000020000a2c                __sf
 .bss.__stdio_exit_handler
                0x0000000020000b64        0x4 /opt/st/stm32cubeide_1.13.0/plugins/com.st.stm32cube.ide.mcu.externaltools.gnu-tools-for-stm32.11.3.rel1.linux64_1.1.0.202305231506/tools/bin/../lib/gcc/arm-none-eabi/11.3.1/../../../../arm-none-eabi/lib/thumb/v7e-m+fp/hard/libc_nano.a(libc_a-findfp.o)
                0x0000000020000b64                __stdio_exit_handler
 .bss.errno     0x0000000020000b68        0x4 /opt/st/stm32cubeide_1.13.0/plugins/com.st.stm32cube.ide.mcu.externaltools.gnu-tools-for-stm32.11.3.rel1.linux64_1.1.0.202305231506/tools/bin/../lib/gcc/arm-none-eabi/11.3.1/../../../../arm-none-eabi/lib/thumb/v7e-m+fp/hard/libc_nano.a(libc_a-reent.o)
                0x0000000020000b68                errno
 .bss.__lock___malloc_recursive_mutex
                0x0000000020000b6c        0x1 /opt/st/stm32cubeide_1.13.0/plugins/com.st.stm32cube.ide.mcu.externaltools.gnu-tools-for-stm32.11.3.rel1.linux64_1.1.0.202305231506/tools/bin/../lib/gcc/arm-none-eabi/11.3.1/../../../../arm-none-eabi/lib/thumb/v7e-m+fp/hard/libc_nano.a(libc_a-lock.o)
                0x0000000020000b6c                __lock___malloc_recursive_mutex
 .bss.__lock___sfp_recursive_mutex
                0x0000000020000b6d        0x1 /opt/st/stm32cubeide_1.13.0/plugins/com.st.stm32cube.ide.mcu.externaltools.gnu-tools-for-stm32.11.3.rel1.linux64_1.1.0.202305231506/tools/bin/../lib/gcc/arm-none-eabi/11.3.1/../../../../arm-none-eabi/lib/thumb/v7e-m+fp/hard/libc_nano.a(libc_a-lock.o)
                0x0000000020000b6d                __lock___sfp_recursive_mutex
 *fill*         0x0000000020000b6e        0x2 
 .bss.__malloc_free_list
                0x0000000020000b70        0x4 /opt/st/stm32cubeide_1.13.0/plugins/com.st.stm32cube.ide.mcu.externaltools.gnu-tools-for-stm32.11.3.rel1.linux64_1.1.0.202305231506/tools/bin/../lib/gcc/arm-none-eabi/11.3.1/../../../../arm-none-eabi/lib/thumb/v7e-m+fp/hard/libc_nano.a(libc_a-mallocr.o)
                0x0000000020000b70                __malloc_free_list
 .bss.__malloc_sbrk_start
                0x0000000020000b74        0x4 /opt/st/stm32cubeide_1.13.0/plugins/com.st.stm32cube.ide.mcu.externaltools.gnu-tools-for-stm32.11.3.rel1.linux64_1.1.0.202305231506/tools/bin/../lib/gcc/arm-none-eabi/11.3.1/../../../../arm-none-eabi/lib/thumb/v7e-m+fp/hard/libc_nano.a(libc_a-mallocr.o)
                0x0000000020000b74                __malloc_sbrk_start
 *(COMMON)
                0x0000000020000b78                . = ALIGN (0x4)