../Core/Usr/lora.c:27:6:lora_init	16	static
../Core/Usr/lora.c:39:6:lora_set_mode	16	static
../Core/Usr/lora.c:64:6:lora_read_model_data	16	static
../Core/Usr/lora.c:81:6:lora_receive_callback	16	static
../Core/Usr/lora.c:85:6:lora_set_ADDH	16	static
../Core/Usr/lora.c:89:6:lora_set_ADDL	16	static
../Core/Usr/lora.c:93:6:lora_set_speed	16	static
../Core/Usr/lora.c:97:6:lora_set_channel	16	static
../Core/Usr/lora.c:101:6:lora_set_option	16	static
../Core/Usr/lora.c:105:6:lora_save_param	16	static
../Core/Usr/lora.c:118:6:lora_serial_transmit	16	static
../Core/Usr/lora.c:124:6:lora_clear_buffer	16	static
../Core/Usr/lora.c:131:6:lora_complete_task	24	static
../Core/Usr/lora.c:144:6:lora_receive_routine	8	static
../Core/Usr/lora.c:154:6:lora_wireless_transmit_routine	8	static
