../Core/Usr/lora.c:36:6:lora_init	16	static
../Core/Usr/lora.c:48:6:lora_set_mode	16	static
../Core/Usr/lora.c:73:6:lora_read_model_data	8	static
../Core/Usr/lora.c:87:6:lora_receive_callback	16	static
../Core/Usr/lora.c:91:6:lora_set_ADDH	16	static
../Core/Usr/lora.c:95:6:lora_set_ADDL	16	static
../Core/Usr/lora.c:99:6:lora_set_speed	16	static
../Core/Usr/lora.c:103:6:lora_set_channel	16	static
../Core/Usr/lora.c:107:6:lora_set_option	16	static
../Core/Usr/lora.c:111:6:lora_save_param	16	static
../Core/Usr/lora.c:124:6:lora_serial_transmit	16	static
../Core/Usr/lora.c:130:6:lora_clear_buffer	16	static
../Core/Usr/lora.c:137:6:lora_complete_task	24	static
../Core/Usr/lora.c:150:6:lora_receive_routine	8	static
../Core/Usr/lora.c:160:6:lora_wireless_transmit_routine	8	static
../Core/Usr/lora.c:174:6:lora_encode_gps	40	static
