../Core/Usr/gps/UartRingbuffer.c:40:6:Ringbuf_init	4	static
../Core/Usr/gps/UartRingbuffer.c:52:6:store_char	24	static
../Core/Usr/gps/UartRingbuffer.c:68:12:check_for	32	static
../Core/Usr/gps/UartRingbuffer.c:101:5:Uart_read	16	static
../Core/Usr/gps/UartRingbuffer.c:118:6:Uart_write	24	static
../Core/Usr/gps/UartRingbuffer.c:134:5:IsDataAvailable	4	static
../Core/Usr/gps/UartRingbuffer.c:141:6:Uart_sendstring	16	static
../Core/Usr/gps/UartRingbuffer.c:146:6:GetDataFromBuffer	56	static
../Core/Usr/gps/UartRingbuffer.c:203:6:Uart_flush	8	static
../Core/Usr/gps/UartRingbuffer.c:210:5:Uart_peek	4	static
../Core/Usr/gps/UartRingbuffer.c:228:5:Copy_upto	32	static
../Core/Usr/gps/UartRingbuffer.c:266:5:Get_after	32	static
../Core/Usr/gps/UartRingbuffer.c:282:5:Wait_for	24	static
../Core/Usr/gps/UartRingbuffer.c:327:6:Uart_isr	32	static
