../Core/Usr/lcd/tft.c:50:6:PIN_LOW	16	static
../Core/Usr/lcd/tft.c:55:6:PIN_HIGH	16	static
../Core/Usr/lcd/tft.c:60:6:PIN_INPUT	40	static
../Core/Usr/lcd/tft.c:70:6:PIN_OUTPUT	40	static
../Core/Usr/lcd/tft.c:138:10:width	4	static
../Core/Usr/lcd/tft.c:141:10:height	4	static
../Core/Usr/lcd/tft.c:156:17:color565_to_555	16	static
../Core/Usr/lcd/tft.c:159:17:color555_to_565	16	static
../Core/Usr/lcd/tft.c:162:16:color565_to_r	16	static
../Core/Usr/lcd/tft.c:165:16:color565_to_g	16	static
../Core/Usr/lcd/tft.c:168:16:color565_to_b	16	static
../Core/Usr/lcd/tft.c:172:10:color565	16	static
../Core/Usr/lcd/tft.c:173:10:readPixel	32	static
../Core/Usr/lcd/tft.c:181:6:WriteCmdData	16	static
../Core/Usr/lcd/tft.c:189:6:pushCommand	16	static
../Core/Usr/lcd/tft.c:224:6:setReadDir	8	static
../Core/Usr/lcd/tft.c:236:6:setWriteDir	8	static
../Core/Usr/lcd/tft.c:254:13:pushColors_any	40	static
../Core/Usr/lcd/tft.c:291:13:write24	24	static
../Core/Usr/lcd/tft.c:302:13:writecmddata	24	static
../Core/Usr/lcd/tft.c:312:13:WriteCmdParamN	24	static
../Core/Usr/lcd/tft.c:327:20:WriteCmdParam4	32	static
../Core/Usr/lcd/tft.c:336:13:init_table	48	static
../Core/Usr/lcd/tft.c:361:13:init_table16	24	static
../Core/Usr/lcd/tft.c:378:6:reset	8	static
../Core/Usr/lcd/tft.c:395:17:read16bits	16	static
../Core/Usr/lcd/tft.c:404:10:readReg	24	static
../Core/Usr/lcd/tft.c:422:10:readReg32	24	static
../Core/Usr/lcd/tft.c:429:10:readReg40	24	static
../Core/Usr/lcd/tft.c:438:6:tft_init	40	static
../Core/Usr/lcd/tft.c:2492:10:readID	24	static
../Core/Usr/lcd/tft.c:2589:9:readGRAM	56	static
../Core/Usr/lcd/tft.c:2655:6:setRotation	40	static
../Core/Usr/lcd/tft.c:2819:6:drawPixel	32	static
../Core/Usr/lcd/tft.c:2833:6:setAddrWindow	40	static
../Core/Usr/lcd/tft.c:2876:6:vertScroll	32	static
../Core/Usr/lcd/tft.c:2956:6:pushColors16b	24	static
../Core/Usr/lcd/tft.c:2960:6:pushColors8b	24	static
../Core/Usr/lcd/tft.c:2964:6:pushColors4n	24	static
../Core/Usr/lcd/tft.c:2970:6:fillScreen	24	static
../Core/Usr/lcd/tft.c:2975:6:invertDisplay	24	static
../Core/Usr/lcd/tft.c:3021:7:drawFastVLine	32	static
../Core/Usr/lcd/tft.c:3025:7:drawFastHLine	32	static
../Core/Usr/lcd/tft.c:3030:6:writePixel	16	static
../Core/Usr/lcd/tft.c:3035:6:writeLine	48	static
../Core/Usr/lcd/tft.c:3076:6:drawLine	40	static
../Core/Usr/lcd/tft.c:3089:6:drawCircle	40	static
../Core/Usr/lcd/tft.c:3123:6:drawCircleHelper	40	static
../Core/Usr/lcd/tft.c:3159:6:fillCircle	32	static
../Core/Usr/lcd/tft.c:3165:6:fillCircleHelper	40	static
../Core/Usr/lcd/tft.c:3202:6:drawRect	24	static
../Core/Usr/lcd/tft.c:3210:6:fillRect	32	static
../Core/Usr/lcd/tft.c:3299:6:drawRoundRect	40	static
../Core/Usr/lcd/tft.c:3316:6:fillRoundRect	40	static
../Core/Usr/lcd/tft.c:3328:6:drawTriangle	32	static
../Core/Usr/lcd/tft.c:3336:6:fillTriangle	72	static
../Core/Usr/lcd/tft.c:3416:6:testFillScreen	8	static
../Core/Usr/lcd/tft.c:3425:6:testLines	56	static
../Core/Usr/lcd/tft.c:3468:6:testFastLines	32	static
../Core/Usr/lcd/tft.c:3477:6:testRects	56	static
../Core/Usr/lcd/tft.c:3491:6:testFilledRects	56	static
../Core/Usr/lcd/tft.c:3508:6:testFilledCircles	40	static
../Core/Usr/lcd/tft.c:3521:6:testCircles	40	static
../Core/Usr/lcd/tft.c:3537:6:testTriangles	64	static
../Core/Usr/lcd/tft.c:3553:6:testFilledTriangles	64	static
../Core/Usr/lcd/tft.c:3566:6:testRoundRects	72	static
../Core/Usr/lcd/tft.c:3583:6:testFilledRoundRects	64	static
../Core/Usr/lcd/tft.c:3601:6:drawChar	56	static
../Core/Usr/lcd/tft.c:3651:8:write	48	static
../Core/Usr/lcd/tft.c:3690:6:setFont	16	static
../Core/Usr/lcd/tft.c:3719:6:charBounds	56	static
../Core/Usr/lcd/tft.c:3789:6:getTextBounds	64	static
../Core/Usr/lcd/tft.c:3812:6:printnewtstr	24	static
../Core/Usr/lcd/tft.c:3821:6:printstr	16	static
../Core/Usr/lcd/tft.c:3826:6:setTextWrap	16	static
../Core/Usr/lcd/tft.c:3828:6:setTextColor	16	static
../Core/Usr/lcd/tft.c:3833:6:setTextSize	16	static
../Core/Usr/lcd/tft.c:3838:6:setCursor	16	static
../Core/Usr/lcd/tft.c:3840:9:getRotation	4	static
../Core/Usr/lcd/tft.c:3845:6:scrollup	24	static
../Core/Usr/lcd/tft.c:3859:6:scrolldown	24	static
